#
# There is insufficient memory for the Java Runtime Environment to continue.
# Native memory allocation (malloc) failed to allocate 1617136 bytes. Error detail: Chunk::new
# Possible reasons:
#   The system is out of physical RAM or swap space
#   This process is running with CompressedOops enabled, and the Java Heap may be blocking the growth of the native heap
# Possible solutions:
#   Reduce memory load on the system
#   Increase physical memory or swap space
#   Check if swap backing store is full
#   Decrease Java heap size (-Xmx/-Xms)
#   Decrease number of Java threads
#   Decrease Java thread stack sizes (-Xss)
#   Set larger code cache with -XX:ReservedCodeCacheSize=
#   JVM is running with Unscaled Compressed Oops mode in which the Java heap is
#     placed in the first 4GB address space. The Java Heap base address is the
#     maximum limit for the native heap growth. Please use -XX:HeapBaseMinAddress
#     to set the Java Heap base and to place the Java Heap above 4GB virtual address.
# This output file may be truncated or incomplete.
#
#  Out of Memory Error (arena.cpp:168), pid=19752, tid=23232
#
# JRE version: OpenJDK Runtime Environment Temurin-21.0.12.1+1 (21.0.12.1+1) (build 21.0.12.1+1-LTS)
# Java VM: OpenJDK 64-Bit Server VM Temurin-21.0.12.1+1 (21.0.12.1+1-LTS, mixed mode, sharing, tiered, compressed oops, compressed class ptrs, parallel gc, windows-amd64)
# No core dump will be written. Minidumps are not enabled by default on client versions of Windows
#

---------------  S U M M A R Y ------------

Command Line: --add-modules=ALL-SYSTEM --add-opens=java.base/java.util=ALL-UNNAMED --add-opens=java.base/java.lang=ALL-UNNAMED --add-opens=java.base/sun.nio.fs=ALL-UNNAMED -Declipse.application=org.eclipse.jdt.ls.core.id1 -Dosgi.bundles.defaultStartLevel=4 -Declipse.product=org.eclipse.jdt.ls.core.product -Djava.import.generatesMetadataFilesAtProjectRoot=false -Dm2e.project.cache.size=50 -DDetectVMInstallationsJob.disabled=true -Dfile.encoding=utf8 -XX:+UseParallelGC -XX:GCTimeRatio=4 -XX:AdaptiveSizePolicyWeight=90 -Dsun.zip.disableMemoryMapping=true -Xmx2G -Xms100m -Xlog:disable -javaagent:c:\Users\gmgd0\.vscode\extensions\redhat.java-1.56.0-win32-x64\lombok\lombok-1.18.39-4050.jar -XX:+HeapDumpOnOutOfMemoryError -XX:HeapDumpPath=c:\Users\gmgd0\AppData\Roaming\Code\User\workspaceStorage\1871e0834c76e2fa297767c3fa221f87\redhat.java -Daether.dependencyCollector.impl=bf c:\Users\gmgd0\.vscode\extensions\redhat.java-1.56.0-win32-x64\server\plugins\org.eclipse.equinox.launcher_1.8.0.v20260804-1928.jar -configuration c:\Users\gmgd0\AppData\Roaming\Code\User\globalStorage\redhat.java\1.56.0\config_win -data c:\Users\gmgd0\AppData\Roaming\Code\User\workspaceStorage\1871e0834c76e2fa297767c3fa221f87\redhat.java\jdt_ws --pipe=\\.\pipe\lsp-37983000c8b686e44625e5e7e3301e7d-sock

Host: 11th Gen Intel(R) Core(TM) i7-1165G7 @ 2.80GHz, 8 cores, 15G,  Windows 11 , 64 bit Build 26100 (10.0.26100.9168)
Time: Mon Sep  7 16:42:46 2026 elapsed time: 197.294502 seconds (0d 0h 3m 17s)

---------------  T H R E A D  ---------------

Current thread (0x0000021955df3640):  JavaThread "C2 CompilerThread0" daemon [_thread_in_native, id=23232, stack(0x000000711fc00000,0x000000711fd00000) (1024K)]


Current CompileTask:
C2:197294 12945       4       org.eclipse.jdt.internal.compiler.parser.Parser::consumeRule (7843 bytes)

Stack: [0x000000711fc00000,0x000000711fd00000]
Native frames: (J=compiled Java code, j=interpreted, Vv=VM code, C=native code)
V  [jvm.dll+0x6d83e9]
V  [jvm.dll+0x8b5736]
V  [jvm.dll+0x8b7cee]
V  [jvm.dll+0x8b83d3]
V  [jvm.dll+0x284596]
V  [jvm.dll+0xc685d]
V  [jvm.dll+0xc6da1]
V  [jvm.dll+0x3bf151]
V  [jvm.dll+0x38b6d2]
V  [jvm.dll+0x38ab1a]
V  [jvm.dll+0x24c700]
V  [jvm.dll+0x24bce0]
V  [jvm.dll+0x1cb4ae]
V  [jvm.dll+0x25baad]
V  [jvm.dll+0x25a03a]
V  [jvm.dll+0x3f8aae]
V  [jvm.dll+0x8600cd]
V  [jvm.dll+0x6d6c1d]
C  [ucrtbase.dll+0x2cd30]
C  [KERNEL32.DLL+0x2ccb7]
C  [ntdll.dll+0xaad6c]


---------------  P R O C E S S  ---------------

Threads class SMR info:
_java_thread_list=0x00000219a2c1d300, length=73, elements={
0x000002193cfaa9e0, 0x0000021955ddf330, 0x0000021955de0250, 0x0000021955de8dc0,
0x0000021955debf10, 0x0000021955dee980, 0x0000021955df03f0, 0x0000021955df3640,
0x0000021955e1d950, 0x0000021998974440, 0x0000021998adba50, 0x000002199d8c37e0,
0x000002199d657090, 0x000002199883ec60, 0x000002199894e0e0, 0x000002199d8865e0,
0x000002199e13d5e0, 0x00000219989c4190, 0x000002199d17b000, 0x000002199d17b690,
0x000002199d179c50, 0x000002199d17a2e0, 0x000002199d178f30, 0x000002199d17bd20,
0x000002199d1788a0, 0x000002199f706410, 0x000002199f7077c0, 0x000002199f7084e0,
0x000002199f707130, 0x000002199f708b70, 0x000002199f7056f0, 0x000002199f707e50,
0x000002199f706aa0, 0x000002199f709200, 0x000002199f705d80, 0x000002199f709890,
0x000002199f70cd10, 0x000002199f70bff0, 0x000002199f70ac40, 0x000002199f70b2d0,
0x000002199f70a5b0, 0x000002199f70b960, 0x000002199f709f20, 0x00000219988fa550,
0x00000219988f9ec0, 0x00000219988fccb0, 0x00000219988f9830, 0x00000219988fb900,
0x00000219988fe060, 0x00000219988fb270, 0x00000219988fed80, 0x00000219988ff410,
0x00000219988fd340, 0x0000021998900e50, 0x00000219988ffaa0, 0x000002199d17a970,
0x000002199d1795c0, 0x00000219988fbf90, 0x00000219a0a2a870, 0x00000219a0a294c0,
0x00000219a0a29b50, 0x00000219a0a2af00, 0x00000219a0a2a1e0, 0x00000219a0a28110,
0x00000219a0a2bc20, 0x00000219a0a287a0, 0x00000219a0a2ea10, 0x00000219a0a2dcf0,
0x00000219a0a2c940, 0x00000219a0a2e380, 0x00000219a0a2f0a0, 0x00000219a0a2c2b0,
0x000002199f317d80
}

Java Threads: ( => current thread )
  0x000002193cfaa9e0 JavaThread "main"                              [_thread_blocked, id=1880, stack(0x000000711f200000,0x000000711f300000) (1024K)]
  0x0000021955ddf330 JavaThread "Reference Handler"          daemon [_thread_blocked, id=22920, stack(0x000000711f600000,0x000000711f700000) (1024K)]
  0x0000021955de0250 JavaThread "Finalizer"                  daemon [_thread_blocked, id=1992, stack(0x000000711f700000,0x000000711f800000) (1024K)]
  0x0000021955de8dc0 JavaThread "Signal Dispatcher"          daemon [_thread_blocked, id=6192, stack(0x000000711f800000,0x000000711f900000) (1024K)]
  0x0000021955debf10 JavaThread "Attach Listener"            daemon [_thread_blocked, id=12656, stack(0x000000711f900000,0x000000711fa00000) (1024K)]
  0x0000021955dee980 JavaThread "Service Thread"             daemon [_thread_blocked, id=8728, stack(0x000000711fa00000,0x000000711fb00000) (1024K)]
  0x0000021955df03f0 JavaThread "Monitor Deflation Thread"   daemon [_thread_blocked, id=22316, stack(0x000000711fb00000,0x000000711fc00000) (1024K)]
=>0x0000021955df3640 JavaThread "C2 CompilerThread0"         daemon [_thread_in_native, id=23232, stack(0x000000711fc00000,0x000000711fd00000) (1024K)]
  0x0000021955e1d950 JavaThread "C1 CompilerThread0"         daemon [_thread_in_native, id=4768, stack(0x000000711fd00000,0x000000711fe00000) (1024K)]
  0x0000021998974440 JavaThread "Common-Cleaner"             daemon [_thread_blocked, id=9428, stack(0x000000711fe00000,0x000000711ff00000) (1024K)]
  0x0000021998adba50 JavaThread "Notification Thread"        daemon [_thread_blocked, id=4632, stack(0x000000711ff00000,0x0000007120000000) (1024K)]
  0x000002199d8c37e0 JavaThread "Active Thread: Equinox Container: 0363d9b5-1511-4567-94ee-576f06011b07"        [_thread_blocked, id=16928, stack(0x0000007120800000,0x0000007120900000) (1024K)]
  0x000002199d657090 JavaThread "Refresh Thread: Equinox Container: 0363d9b5-1511-4567-94ee-576f06011b07" daemon [_thread_blocked, id=12332, stack(0x0000007120700000,0x0000007120800000) (1024K)]
  0x000002199883ec60 JavaThread "Framework Event Dispatcher: Equinox Container: 0363d9b5-1511-4567-94ee-576f06011b07" daemon [_thread_blocked, id=14660, stack(0x0000007120900000,0x0000007120a00000) (1024K)]
  0x000002199894e0e0 JavaThread "Start Level: Equinox Container: 0363d9b5-1511-4567-94ee-576f06011b07" daemon [_thread_blocked, id=21972, stack(0x0000007120a00000,0x0000007120b00000) (1024K)]
  0x000002199d8865e0 JavaThread "Bundle File Closer"         daemon [_thread_blocked, id=24240, stack(0x0000007120d00000,0x0000007120e00000) (1024K)]
  0x000002199e13d5e0 JavaThread "SCR Component Actor"        daemon [_thread_blocked, id=2088, stack(0x000000711f000000,0x000000711f100000) (1024K)]
  0x00000219989c4190 JavaThread "Worker-JM"                         [_thread_blocked, id=13464, stack(0x0000007120e00000,0x0000007120f00000) (1024K)]
  0x000002199d17b000 JavaThread "JNA Cleaner"                daemon [_thread_blocked, id=22124, stack(0x0000007120c00000,0x0000007120d00000) (1024K)]
  0x000002199d17b690 JavaThread "Worker-0: Building"                [_thread_in_native, id=11628, stack(0x0000007120f00000,0x0000007121000000) (1024K)]
  0x000002199d179c50 JavaThread "Java indexing"              daemon [_thread_blocked, id=21880, stack(0x0000007121100000,0x0000007121200000) (1024K)]
  0x000002199d17a2e0 JavaThread "Worker-2"                          [_thread_blocked, id=5676, stack(0x0000007121200000,0x0000007121300000) (1024K)]
  0x000002199d178f30 JavaThread "Worker-4: Initialize workspace"        [_thread_blocked, id=15744, stack(0x0000007121700000,0x0000007121800000) (1024K)]
  0x000002199d17bd20 JavaThread "Worker-5"                          [_thread_blocked, id=17428, stack(0x0000007121800000,0x0000007121900000) (1024K)]
  0x000002199d1788a0 JavaThread "Thread-1"                   daemon [_thread_in_native, id=5156, stack(0x0000007121900000,0x0000007121a00000) (1024K)]
  0x000002199f706410 JavaThread "Thread-2"                   daemon [_thread_in_native, id=10388, stack(0x0000007121a00000,0x0000007121b00000) (1024K)]
  0x000002199f7077c0 JavaThread "Thread-3"                   daemon [_thread_in_native, id=10156, stack(0x0000007121b00000,0x0000007121c00000) (1024K)]
  0x000002199f7084e0 JavaThread "Thread-4"                   daemon [_thread_in_native, id=17404, stack(0x0000007121c00000,0x0000007121d00000) (1024K)]
  0x000002199f707130 JavaThread "Thread-5"                   daemon [_thread_in_native, id=16712, stack(0x0000007121d00000,0x0000007121e00000) (1024K)]
  0x000002199f708b70 JavaThread "Thread-6"                   daemon [_thread_in_native, id=10260, stack(0x0000007121e00000,0x0000007121f00000) (1024K)]
  0x000002199f7056f0 JavaThread "Thread-7"                   daemon [_thread_in_native, id=19624, stack(0x0000007121f00000,0x0000007122000000) (1024K)]
  0x000002199f707e50 JavaThread "Thread-8"                   daemon [_thread_in_native, id=18832, stack(0x0000007122000000,0x0000007122100000) (1024K)]
  0x000002199f706aa0 JavaThread "Thread-9"                   daemon [_thread_in_native, id=20940, stack(0x0000007122100000,0x0000007122200000) (1024K)]
  0x000002199f709200 JavaThread "pool-2-thread-1"                   [_thread_blocked, id=21440, stack(0x0000007122200000,0x0000007122300000) (1024K)]
  0x000002199f705d80 JavaThread "WorkspaceEventsHandler"            [_thread_blocked, id=14788, stack(0x0000007122300000,0x0000007122400000) (1024K)]
  0x000002199f709890 JavaThread "pool-1-thread-1"                   [_thread_in_Java, id=9008, stack(0x0000007122400000,0x0000007122500000) (1024K)]
  0x000002199f70cd10 JavaThread "PatternSearchJob-worker-1"  daemon [_thread_blocked, id=24356, stack(0x0000007120b00000,0x0000007120c00000) (1024K)]
  0x000002199f70bff0 JavaThread "PatternSearchJob-worker-2"  daemon [_thread_blocked, id=18260, stack(0x0000007121300000,0x0000007121400000) (1024K)]
  0x000002199f70ac40 JavaThread "PatternSearchJob-worker-3"  daemon [_thread_blocked, id=2012, stack(0x0000007122700000,0x0000007122800000) (1024K)]
  0x000002199f70b2d0 JavaThread "PatternSearchJob-worker-4"  daemon [_thread_blocked, id=17080, stack(0x0000007122800000,0x0000007122900000) (1024K)]
  0x000002199f70a5b0 JavaThread "PatternSearchJob-worker-5"  daemon [_thread_blocked, id=5632, stack(0x0000007122900000,0x0000007122a00000) (1024K)]
  0x000002199f70b960 JavaThread "PatternSearchJob-worker-6"  daemon [_thread_blocked, id=23656, stack(0x0000007122a00000,0x0000007122b00000) (1024K)]
  0x000002199f709f20 JavaThread "PatternSearchJob-worker-7"  daemon [_thread_blocked, id=2532, stack(0x0000007122b00000,0x0000007122c00000) (1024K)]
  0x00000219988fa550 JavaThread "Timer-0"                           [_thread_blocked, id=16764, stack(0x0000007122f00000,0x0000007123000000) (1024K)]
  0x00000219988f9ec0 JavaThread "ForkJoinPool.commonPool-worker-1" daemon [_thread_blocked, id=7280, stack(0x0000007122d00000,0x0000007122e00000) (1024K)]
  0x00000219988fccb0 JavaThread "ForkJoinPool.commonPool-worker-2" daemon [_thread_blocked, id=24140, stack(0x0000007122e00000,0x0000007122f00000) (1024K)]
  0x00000219988f9830 JavaThread "ForkJoinPool.commonPool-worker-3" daemon [_thread_blocked, id=21828, stack(0x0000007122c00000,0x0000007122d00000) (1024K)]
  0x00000219988fb900 JavaThread "ForkJoinPool.commonPool-worker-4" daemon [_thread_blocked, id=17248, stack(0x0000007123000000,0x0000007123100000) (1024K)]
  0x00000219988fe060 JavaThread "Connection worker"                 [_thread_blocked, id=1068, stack(0x000000711ef00000,0x000000711f000000) (1024K)]
  0x00000219988fb270 JavaThread "pool-3-thread-1"                   [_thread_blocked, id=14320, stack(0x0000007123100000,0x0000007123200000) (1024K)]
  0x00000219988fed80 JavaThread "Exec process"                      [_thread_in_native, id=22120, stack(0x0000007123200000,0x0000007123300000) (1024K)]
  0x00000219988ff410 JavaThread "Cleaner-0"                  daemon [_thread_blocked, id=8796, stack(0x0000007123300000,0x0000007123400000) (1024K)]
  0x00000219988fd340 JavaThread "ForkJoinPool.commonPool-worker-5" daemon [_thread_blocked, id=32528, stack(0x000000711f100000,0x000000711f200000) (1024K)]
  0x0000021998900e50 JavaThread "ForkJoinPool.commonPool-worker-6" daemon [_thread_in_Java, id=32532, stack(0x0000007122600000,0x0000007122700000) (1024K)]
  0x00000219988ffaa0 JavaThread "ForkJoinPool.commonPool-worker-7" daemon [_thread_blocked, id=33392, stack(0x0000007121600000,0x0000007121700000) (1024K)]
  0x000002199d17a970 JavaThread "Worker-6"                          [_thread_blocked, id=23092, stack(0x0000007121000000,0x0000007121100000) (1024K)]
  0x000002199d1795c0 JavaThread "Compiler Source File Reader" daemon [_thread_blocked, id=34400, stack(0x0000007121400000,0x0000007121500000) (1024K)]
  0x00000219988fbf90 JavaThread "Compiler Processing Task"   daemon [_thread_blocked, id=33888, stack(0x0000007123400000,0x0000007123500000) (1024K)]
  0x00000219a0a2a870 JavaThread "Compiler Source File Reader" daemon [_thread_blocked, id=34192, stack(0x0000007123500000,0x0000007123600000) (1024K)]
  0x00000219a0a294c0 JavaThread "Compiler Source File Reader" daemon [_thread_blocked, id=34992, stack(0x0000007123600000,0x0000007123700000) (1024K)]
  0x00000219a0a29b50 JavaThread "Compiler Source File Reader" daemon [_thread_blocked, id=34996, stack(0x0000007123700000,0x0000007123800000) (1024K)]
  0x00000219a0a2af00 JavaThread "Compiler Source File Reader" daemon [_thread_blocked, id=35000, stack(0x0000007123800000,0x0000007123900000) (1024K)]
  0x00000219a0a2a1e0 JavaThread "Compiler Source File Reader" daemon [_thread_blocked, id=35052, stack(0x0000007123900000,0x0000007123a00000) (1024K)]
  0x00000219a0a28110 JavaThread "LocalFile Deleter"          daemon [_thread_blocked, id=38004, stack(0x0000007123a00000,0x0000007123b00000) (1024K)]
  0x00000219a0a2bc20 JavaThread "LocalFile Deleter"          daemon [_thread_blocked, id=38040, stack(0x0000007123b00000,0x0000007123c00000) (1024K)]
  0x00000219a0a287a0 JavaThread "LocalFile Deleter"          daemon [_thread_blocked, id=38044, stack(0x0000007123c00000,0x0000007123d00000) (1024K)]
  0x00000219a0a2ea10 JavaThread "LocalFile Deleter"          daemon [_thread_blocked, id=38052, stack(0x0000007123d00000,0x0000007123e00000) (1024K)]
  0x00000219a0a2dcf0 JavaThread "LocalFile Deleter"          daemon [_thread_blocked, id=38072, stack(0x0000007123e00000,0x0000007123f00000) (1024K)]
  0x00000219a0a2c940 JavaThread "LocalFile Deleter"          daemon [_thread_blocked, id=38076, stack(0x0000007123f00000,0x0000007124000000) (1024K)]
  0x00000219a0a2e380 JavaThread "LocalFile Deleter"          daemon [_thread_blocked, id=38136, stack(0x0000007124000000,0x0000007124100000) (1024K)]
  0x00000219a0a2f0a0 JavaThread "LocalFile Deleter"          daemon [_thread_blocked, id=38140, stack(0x0000007124100000,0x0000007124200000) (1024K)]
  0x00000219a0a2c2b0 JavaThread "Worker-7"                          [_thread_blocked, id=38460, stack(0x0000007124200000,0x0000007124300000) (1024K)]
  0x000002199f317d80 JavaThread "C2 CompilerThread1"         daemon [_thread_in_native, id=37008, stack(0x0000007124300000,0x0000007124400000) (1024K)]
Total: 73

Other Threads:
  0x0000021955dc6ab0 VMThread "VM Thread"                           [id=21420, stack(0x000000711f500000,0x000000711f600000) (1024K)]
  0x000002193f3e25b0 WatcherThread "VM Periodic Task Thread"        [id=1376, stack(0x000000711f400000,0x000000711f500000) (1024K)]
  0x000002193f3936d0 WorkerThread "GC Thread#0"                     [id=17264, stack(0x000000711f300000,0x000000711f400000) (1024K)]
  0x000002199d37f8b0 WorkerThread "GC Thread#1"                     [id=10564, stack(0x0000007120000000,0x0000007120100000) (1024K)]
  0x0000021998b4c3e0 WorkerThread "GC Thread#2"                     [id=7652, stack(0x0000007120100000,0x0000007120200000) (1024K)]
  0x0000021998b4c790 WorkerThread "GC Thread#3"                     [id=16388, stack(0x0000007120200000,0x0000007120300000) (1024K)]
  0x000002199d34e140 WorkerThread "GC Thread#4"                     [id=19824, stack(0x0000007120300000,0x0000007120400000) (1024K)]
  0x000002199d34e4f0 WorkerThread "GC Thread#5"                     [id=24400, stack(0x0000007120400000,0x0000007120500000) (1024K)]
  0x000002199d34ecb0 WorkerThread "GC Thread#6"                     [id=7804, stack(0x0000007120500000,0x0000007120600000) (1024K)]
  0x000002199d982350 WorkerThread "GC Thread#7"                     [id=18968, stack(0x0000007120600000,0x0000007120700000) (1024K)]
Total: 10

Threads with active compile tasks:
C2 CompilerThread0  197350 12945       4       org.eclipse.jdt.internal.compiler.parser.Parser::consumeRule (7843 bytes)
C1 CompilerThread0  197350 13035   !   3       org.eclipse.jdt.internal.compiler.parser.diagnose.DiagnoseParser::diagnoseParse0 (1345 bytes)
C2 CompilerThread1  197350 12950       4       sun.nio.fs.WindowsPath::getParent (5 bytes)
Total: 3

VM state: not at safepoint (normal execution)

VM Mutex/Monitor currently owned by a thread: None

Heap address: 0x0000000080000000, size: 2048 MB, Compressed Oops mode: 32-bit

CDS archive(s) mapped at: [0x0000021956000000-0x0000021956ba0000-0x0000021956ba0000), size 12189696, SharedBaseAddress: 0x0000021956000000, ArchiveRelocationMode: 1.
Compressed class space mapped at: 0x0000021957000000-0x0000021997000000, reserved size: 1073741824
Narrow klass base: 0x0000021956000000, Narrow klass shift: 0, Narrow klass range: 0x100000000

GC Precious Log:
 CardTable entry size: 512
 CPUs: 8 total, 8 available
 Memory: 16075M
 Large Page Support: Disabled
 NUMA Support: Disabled
 Compressed Oops: Enabled (32-bit)
 Alignments: Space 512K, Generation 512K, Heap 2M
 Heap Min Capacity: 100M
 Heap Initial Capacity: 100M
 Heap Max Capacity: 2G
 Pre-touch: Disabled
 Parallel Workers: 8

Heap:
 PSYoungGen      total 19968K, used 13537K [0x00000000d5580000, 0x00000000d7180000, 0x0000000100000000)
  eden space 13312K, 97% used [0x00000000d5580000,0x00000000d6221e30,0x00000000d6280000)
  from space 6656K, 9% used [0x00000000d6680000,0x00000000d6716920,0x00000000d6d00000)
  to   space 2048K, 0% used [0x00000000d6f80000,0x00000000d6f80000,0x00000000d7180000)
 ParOldGen       total 143360K, used 143216K [0x0000000080000000, 0x0000000088c00000, 0x00000000d5580000)
  object space 143360K, 99% used [0x0000000080000000,0x0000000088bdc2f0,0x0000000088c00000)
 Metaspace       used 83117K, committed 84672K, reserved 1179648K
  class space    used 9338K, committed 9984K, reserved 1048576K

Card table byte_map: [0x000002193ed10000,0x000002193f120000] _byte_map_base: 0x000002193e910000

Marking Bits: (ParMarkBitMap*) 0x00007ffce96b44a0
 Begin Bits: [0x0000021951820000, 0x0000021953820000)
 End Bits:   [0x0000021953820000, 0x0000021955820000)

Polling page: 0x000002193d540000

Metaspace:

Usage:
  Non-class:     72.05 MB used.
      Class:      9.12 MB used.
       Both:     81.17 MB used.

Virtual space:
  Non-class space:      128.00 MB reserved,      72.94 MB ( 57%) committed,  2 nodes.
      Class space:        1.00 GB reserved,       9.75 MB ( <1%) committed,  1 nodes.
             Both:        1.12 GB reserved,      82.69 MB (  7%) committed. 

Chunk freelists:
   Non-Class:  5.92 MB
       Class:  6.28 MB
        Both:  12.20 MB

MaxMetaspaceSize: unlimited
CompressedClassSpaceSize: 1.00 GB
Initial GC threshold: 21.00 MB
Current GC threshold: 97.31 MB
CDS: on
 - commit_granule_bytes: 65536.
 - commit_granule_words: 8192.
 - virtual_space_node_default_size: 8388608.
 - enlarge_chunks_in_place: 1.
 - use_allocation_guard: 0.


Internal statistics:

num_allocs_failed_limit: 9.
num_arena_births: 1362.
num_arena_deaths: 18.
num_vsnodes_births: 3.
num_vsnodes_deaths: 0.
num_space_committed: 1323.
num_space_uncommitted: 0.
num_chunks_returned_to_freelist: 36.
num_chunks_taken_from_freelist: 5088.
num_chunk_merges: 10.
num_chunk_splits: 3109.
num_chunks_enlarged: 1804.
num_inconsistent_stats: 0.

CodeHeap 'non-profiled nmethods': size=120000Kb used=11882Kb max_used=11882Kb free=108117Kb
 bounds [0x000002194a040000, 0x000002194abe0000, 0x0000021951570000]
CodeHeap 'profiled nmethods': size=120000Kb used=28652Kb max_used=28652Kb free=91347Kb
 bounds [0x0000021942570000, 0x0000021944170000, 0x0000021949aa0000]
CodeHeap 'non-nmethods': size=5760Kb used=1528Kb max_used=1611Kb free=4231Kb
 bounds [0x0000021949aa0000, 0x0000021949d10000, 0x000002194a040000]
CodeCache: size=245760Kb, used=42062Kb, max_used=42145Kb, free=203695Kb
 total_blobs=13011, nmethods=12169, adapters=745, full_count=0
Compilation: enabled, stopped_count=0, restarted_count=0

Compilation events (20 events):
Event: 195.928 Thread 0x0000021955e1d950 nmethod 12941 0x0000021944115990 code [0x0000021944115c80, 0x0000021944116d00]
Event: 195.928 Thread 0x0000021955e1d950 12942  s!   3       sun.nio.ch.NativeThreadSet::signalAndWait (134 bytes)
Event: 195.928 Thread 0x0000021955df3640 nmethod 12943 0x000002194abceb10 code [0x000002194abceca0, 0x000002194abceda0]
Event: 195.928 Thread 0x0000021955e1d950 nmethod 12942 0x0000021944117290 code [0x00000219441174a0, 0x0000021944117ba0]
Event: 195.928 Thread 0x0000021955e1d950 12944       3       org.eclipse.jdt.internal.compiler.parser.Parser::consumeEmptyDimsopt (6 bytes)
Event: 195.929 Thread 0x0000021955e1d950 nmethod 12944 0x0000021944117e10 code [0x0000021944117fc0, 0x0000021944118188]
Event: 195.929 Thread 0x0000021955df3640 12945       4       org.eclipse.jdt.internal.compiler.parser.Parser::consumeRule (7843 bytes)
Event: 195.930 Thread 0x0000021955e1d950 12946   !   3       org.eclipse.core.internal.resources.ProjectPreferences::load (299 bytes)
Event: 195.932 Thread 0x0000021955e1d950 nmethod 12946 0x0000021944118290 code [0x00000219441187c0, 0x000002194411adc0]
Event: 195.933 Thread 0x0000021955e1d950 12947       3       org.eclipse.jdt.internal.compiler.parser.Parser::consumeMethodHeaderExtendedDims (132 bytes)
Event: 195.933 Thread 0x0000021955e1d950 nmethod 12947 0x000002194411bd10 code [0x000002194411bf00, 0x000002194411c510]
Event: 195.933 Thread 0x0000021955e1d950 12949       3       org.eclipse.jdt.internal.compiler.parser.Parser::consumeMethodHeader (183 bytes)
Event: 195.934 Thread 0x0000021955e1d950 nmethod 12949 0x000002194411c710 code [0x000002194411c900, 0x000002194411d038]
Event: 196.074 Thread 0x0000021955e1d950 12951   !   3       org.eclipse.jdt.internal.core.builder.ClasspathJar::readKnownPackageNames (66 bytes)
Event: 196.076 Thread 0x0000021955e1d950 nmethod 12951 0x000002194411d290 code [0x000002194411d580, 0x000002194411e4a8]
Event: 196.104 Thread 0x0000021955e1d950 12954       3       org.eclipse.core.internal.content.ContentType::getAliasTarget (20 bytes)
Event: 196.105 Thread 0x0000021955e1d950 nmethod 12954 0x000002194411eb90 code [0x000002194411ed40, 0x000002194411eef0]
Event: 196.105 Thread 0x0000021955e1d950 12955       3       org.eclipse.jdt.internal.compiler.SourceElementParser::consumeSingleTypeImportDeclarationName (218 bytes)
Event: 196.106 Thread 0x0000021955e1d950 nmethod 12955 0x000002194411ef90 code [0x000002194411f1c0, 0x000002194411faa8]
Event: 196.106 Thread 0x0000021955e1d950 12956       3       org.eclipse.jdt.internal.compiler.parser.Parser::consumeExitVariableWithoutInitialization (58 bytes)

GC Heap History (20 events):
Event: 162.543 GC heap before
{Heap before GC invocations=99 (full 3):
 PSYoungGen      total 19456K, used 19012K [0x00000000d5580000, 0x00000000d6c00000, 0x0000000100000000)
  eden space 16896K, 100% used [0x00000000d5580000,0x00000000d6600000,0x00000000d6600000)
  from space 2560K, 82% used [0x00000000d6600000,0x00000000d6811230,0x00000000d6880000)
  to   space 3072K, 0% used [0x00000000d6900000,0x00000000d6900000,0x00000000d6c00000)
 ParOldGen       total 94208K, used 94206K [0x0000000080000000, 0x0000000085c00000, 0x00000000d5580000)
  object space 94208K, 99% used [0x0000000080000000,0x0000000085bffa10,0x0000000085c00000)
 Metaspace       used 82340K, committed 83840K, reserved 1179648K
  class space    used 9305K, committed 9920K, reserved 1048576K
}
Event: 162.604 GC heap after
{Heap after GC invocations=99 (full 3):
 PSYoungGen      total 16384K, used 3071K [0x00000000d5580000, 0x00000000d7300000, 0x0000000100000000)
  eden space 13312K, 0% used [0x00000000d5580000,0x00000000d5580000,0x00000000d6280000)
  from space 3072K, 99% used [0x00000000d6900000,0x00000000d6bffd40,0x00000000d6c00000)
  to   space 6656K, 0% used [0x00000000d6280000,0x00000000d6280000,0x00000000d6900000)
 ParOldGen       total 97280K, used 97106K [0x0000000080000000, 0x0000000085f00000, 0x00000000d5580000)
  object space 97280K, 99% used [0x0000000080000000,0x0000000085ed4a60,0x0000000085f00000)
 Metaspace       used 82340K, committed 83840K, reserved 1179648K
  class space    used 9305K, committed 9920K, reserved 1048576K
}
Event: 169.540 GC heap before
{Heap before GC invocations=100 (full 3):
 PSYoungGen      total 16384K, used 16383K [0x00000000d5580000, 0x00000000d7300000, 0x0000000100000000)
  eden space 13312K, 100% used [0x00000000d5580000,0x00000000d6280000,0x00000000d6280000)
  from space 3072K, 99% used [0x00000000d6900000,0x00000000d6bffd40,0x00000000d6c00000)
  to   space 6656K, 0% used [0x00000000d6280000,0x00000000d6280000,0x00000000d6900000)
 ParOldGen       total 97280K, used 97106K [0x0000000080000000, 0x0000000085f00000, 0x00000000d5580000)
  object space 97280K, 99% used [0x0000000080000000,0x0000000085ed4a60,0x0000000085f00000)
 Metaspace       used 82346K, committed 83840K, reserved 1179648K
  class space    used 9305K, committed 9920K, reserved 1048576K
}
Event: 169.632 GC heap after
{Heap after GC invocations=100 (full 3):
 PSYoungGen      total 19968K, used 6628K [0x00000000d5580000, 0x00000000d8280000, 0x0000000100000000)
  eden space 13312K, 0% used [0x00000000d5580000,0x00000000d5580000,0x00000000d6280000)
  from space 6656K, 99% used [0x00000000d6280000,0x00000000d68f9000,0x00000000d6900000)
  to   space 16384K, 0% used [0x00000000d7280000,0x00000000d7280000,0x00000000d8280000)
 ParOldGen       total 105472K, used 105081K [0x0000000080000000, 0x0000000086700000, 0x00000000d5580000)
  object space 105472K, 99% used [0x0000000080000000,0x000000008669e7b0,0x0000000086700000)
 Metaspace       used 82346K, committed 83840K, reserved 1179648K
  class space    used 9305K, committed 9920K, reserved 1048576K
}
Event: 173.166 GC heap before
{Heap before GC invocations=101 (full 3):
 PSYoungGen      total 19968K, used 19940K [0x00000000d5580000, 0x00000000d8280000, 0x0000000100000000)
  eden space 13312K, 100% used [0x00000000d5580000,0x00000000d6280000,0x00000000d6280000)
  from space 6656K, 99% used [0x00000000d6280000,0x00000000d68f9000,0x00000000d6900000)
  to   space 16384K, 0% used [0x00000000d7280000,0x00000000d7280000,0x00000000d8280000)
 ParOldGen       total 105472K, used 105081K [0x0000000080000000, 0x0000000086700000, 0x00000000d5580000)
  object space 105472K, 99% used [0x0000000080000000,0x000000008669e7b0,0x0000000086700000)
 Metaspace       used 82388K, committed 83840K, reserved 1179648K
  class space    used 9307K, committed 9920K, reserved 1048576K
}
Event: 173.177 GC heap after
{Heap after GC invocations=101 (full 3):
 PSYoungGen      total 20480K, used 6975K [0x00000000d5580000, 0x00000000d7980000, 0x0000000100000000)
  eden space 13312K, 0% used [0x00000000d5580000,0x00000000d5580000,0x00000000d6280000)
  from space 7168K, 97% used [0x00000000d7280000,0x00000000d794fe60,0x00000000d7980000)
  to   space 9728K, 0% used [0x00000000d6680000,0x00000000d6680000,0x00000000d7000000)
 ParOldGen       total 112128K, used 111717K [0x0000000080000000, 0x0000000086d80000, 0x00000000d5580000)
  object space 112128K, 99% used [0x0000000080000000,0x0000000086d197b0,0x0000000086d80000)
 Metaspace       used 82388K, committed 83840K, reserved 1179648K
  class space    used 9307K, committed 9920K, reserved 1048576K
}
Event: 181.897 GC heap before
{Heap before GC invocations=102 (full 3):
 PSYoungGen      total 20480K, used 20287K [0x00000000d5580000, 0x00000000d7980000, 0x0000000100000000)
  eden space 13312K, 99% used [0x00000000d5580000,0x00000000d627ffc8,0x00000000d6280000)
  from space 7168K, 97% used [0x00000000d7280000,0x00000000d794fe60,0x00000000d7980000)
  to   space 9728K, 0% used [0x00000000d6680000,0x00000000d6680000,0x00000000d7000000)
 ParOldGen       total 112128K, used 111717K [0x0000000080000000, 0x0000000086d80000, 0x00000000d5580000)
  object space 112128K, 99% used [0x0000000080000000,0x0000000086d197b0,0x0000000086d80000)
 Metaspace       used 82454K, committed 83968K, reserved 1179648K
  class space    used 9308K, committed 9984K, reserved 1048576K
}
Event: 181.904 GC heap after
{Heap after GC invocations=102 (full 3):
 PSYoungGen      total 17408K, used 4073K [0x00000000d5580000, 0x00000000d7300000, 0x0000000100000000)
  eden space 13312K, 0% used [0x00000000d5580000,0x00000000d5580000,0x00000000d6280000)
  from space 4096K, 99% used [0x00000000d6680000,0x00000000d6a7a400,0x00000000d6a80000)
  to   space 5632K, 0% used [0x00000000d6d80000,0x00000000d6d80000,0x00000000d7300000)
 ParOldGen       total 118784K, used 118589K [0x0000000080000000, 0x0000000087400000, 0x00000000d5580000)
  object space 118784K, 99% used [0x0000000080000000,0x00000000873cf620,0x0000000087400000)
 Metaspace       used 82454K, committed 83968K, reserved 1179648K
  class space    used 9308K, committed 9984K, reserved 1048576K
}
Event: 186.346 GC heap before
{Heap before GC invocations=103 (full 3):
 PSYoungGen      total 17408K, used 17385K [0x00000000d5580000, 0x00000000d7300000, 0x0000000100000000)
  eden space 13312K, 100% used [0x00000000d5580000,0x00000000d6280000,0x00000000d6280000)
  from space 4096K, 99% used [0x00000000d6680000,0x00000000d6a7a400,0x00000000d6a80000)
  to   space 5632K, 0% used [0x00000000d6d80000,0x00000000d6d80000,0x00000000d7300000)
 ParOldGen       total 118784K, used 118589K [0x0000000080000000, 0x0000000087400000, 0x00000000d5580000)
  object space 118784K, 99% used [0x0000000080000000,0x00000000873cf620,0x0000000087400000)
 Metaspace       used 82563K, committed 84160K, reserved 1179648K
  class space    used 9315K, committed 9984K, reserved 1048576K
}
Event: 186.412 GC heap after
{Heap after GC invocations=103 (full 3):
 PSYoungGen      total 14336K, used 842K [0x00000000d5580000, 0x00000000d6e80000, 0x0000000100000000)
  eden space 13312K, 0% used [0x00000000d5580000,0x00000000d5580000,0x00000000d6280000)
  from space 1024K, 82% used [0x00000000d6d80000,0x00000000d6e52910,0x00000000d6e80000)
  to   space 2560K, 0% used [0x00000000d6980000,0x00000000d6980000,0x00000000d6c00000)
 ParOldGen       total 122880K, used 122514K [0x0000000080000000, 0x0000000087800000, 0x00000000d5580000)
  object space 122880K, 99% used [0x0000000080000000,0x00000000877a4830,0x0000000087800000)
 Metaspace       used 82563K, committed 84160K, reserved 1179648K
  class space    used 9315K, committed 9984K, reserved 1048576K
}
Event: 188.419 GC heap before
{Heap before GC invocations=104 (full 3):
 PSYoungGen      total 14336K, used 14154K [0x00000000d5580000, 0x00000000d6e80000, 0x0000000100000000)
  eden space 13312K, 100% used [0x00000000d5580000,0x00000000d6280000,0x00000000d6280000)
  from space 1024K, 82% used [0x00000000d6d80000,0x00000000d6e52910,0x00000000d6e80000)
  to   space 2560K, 0% used [0x00000000d6980000,0x00000000d6980000,0x00000000d6c00000)
 ParOldGen       total 122880K, used 122514K [0x0000000080000000, 0x0000000087800000, 0x00000000d5580000)
  object space 122880K, 99% used [0x0000000080000000,0x00000000877a4830,0x0000000087800000)
 Metaspace       used 82610K, committed 84160K, reserved 1179648K
  class space    used 9317K, committed 9984K, reserved 1048576K
}
Event: 188.622 GC heap after
{Heap after GC invocations=104 (full 3):
 PSYoungGen      total 15872K, used 2555K [0x00000000d5580000, 0x00000000d7e80000, 0x0000000100000000)
  eden space 13312K, 0% used [0x00000000d5580000,0x00000000d5580000,0x00000000d6280000)
  from space 2560K, 99% used [0x00000000d6980000,0x00000000d6bfede8,0x00000000d6c00000)
  to   space 14336K, 0% used [0x00000000d7080000,0x00000000d7080000,0x00000000d7e80000)
 ParOldGen       total 132096K, used 132030K [0x0000000080000000, 0x0000000088100000, 0x00000000d5580000)
  object space 132096K, 99% used [0x0000000080000000,0x00000000880efa60,0x0000000088100000)
 Metaspace       used 82610K, committed 84160K, reserved 1179648K
  class space    used 9317K, committed 9984K, reserved 1048576K
}
Event: 190.233 GC heap before
{Heap before GC invocations=105 (full 3):
 PSYoungGen      total 15872K, used 15766K [0x00000000d5580000, 0x00000000d7e80000, 0x0000000100000000)
  eden space 13312K, 99% used [0x00000000d5580000,0x00000000d6266a80,0x00000000d6280000)
  from space 2560K, 99% used [0x00000000d6980000,0x00000000d6bfede8,0x00000000d6c00000)
  to   space 14336K, 0% used [0x00000000d7080000,0x00000000d7080000,0x00000000d7e80000)
 ParOldGen       total 132096K, used 132030K [0x0000000080000000, 0x0000000088100000, 0x00000000d5580000)
  object space 132096K, 99% used [0x0000000080000000,0x00000000880efa60,0x0000000088100000)
 Metaspace       used 82689K, committed 84224K, reserved 1179648K
  class space    used 9321K, committed 9984K, reserved 1048576K
}
Event: 190.237 GC heap after
{Heap after GC invocations=105 (full 3):
 PSYoungGen      total 15872K, used 2049K [0x00000000d5580000, 0x00000000d7300000, 0x0000000100000000)
  eden space 13312K, 0% used [0x00000000d5580000,0x00000000d5580000,0x00000000d6280000)
  from space 2560K, 80% used [0x00000000d7080000,0x00000000d7280400,0x00000000d7300000)
  to   space 6144K, 0% used [0x00000000d6700000,0x00000000d6700000,0x00000000d6d00000)
 ParOldGen       total 132608K, used 132422K [0x0000000080000000, 0x0000000088180000, 0x00000000d5580000)
  object space 132608K, 99% used [0x0000000080000000,0x0000000088151ac8,0x0000000088180000)
 Metaspace       used 82689K, committed 84224K, reserved 1179648K
  class space    used 9321K, committed 9984K, reserved 1048576K
}
Event: 190.434 GC heap before
{Heap before GC invocations=106 (full 3):
 PSYoungGen      total 15872K, used 15361K [0x00000000d5580000, 0x00000000d7300000, 0x0000000100000000)
  eden space 13312K, 100% used [0x00000000d5580000,0x00000000d6280000,0x00000000d6280000)
  from space 2560K, 80% used [0x00000000d7080000,0x00000000d7280400,0x00000000d7300000)
  to   space 6144K, 0% used [0x00000000d6700000,0x00000000d6700000,0x00000000d6d00000)
 ParOldGen       total 132608K, used 132422K [0x0000000080000000, 0x0000000088180000, 0x00000000d5580000)
  object space 132608K, 99% used [0x0000000080000000,0x0000000088151ac8,0x0000000088180000)
 Metaspace       used 82692K, committed 84224K, reserved 1179648K
  class space    used 9321K, committed 9984K, reserved 1048576K
}
Event: 190.441 GC heap after
{Heap after GC invocations=106 (full 3):
 PSYoungGen      total 19456K, used 6120K [0x00000000d5580000, 0x00000000d7f80000, 0x0000000100000000)
  eden space 13312K, 0% used [0x00000000d5580000,0x00000000d5580000,0x00000000d6280000)
  from space 6144K, 99% used [0x00000000d6700000,0x00000000d6cfa340,0x00000000d6d00000)
  to   space 14848K, 0% used [0x00000000d7100000,0x00000000d7100000,0x00000000d7f80000)
 ParOldGen       total 139264K, used 139092K [0x0000000080000000, 0x0000000088800000, 0x00000000d5580000)
  object space 139264K, 99% used [0x0000000080000000,0x00000000887d5060,0x0000000088800000)
 Metaspace       used 82692K, committed 84224K, reserved 1179648K
  class space    used 9321K, committed 9984K, reserved 1048576K
}
Event: 192.522 GC heap before
{Heap before GC invocations=107 (full 3):
 PSYoungGen      total 19456K, used 19432K [0x00000000d5580000, 0x00000000d7f80000, 0x0000000100000000)
  eden space 13312K, 100% used [0x00000000d5580000,0x00000000d6280000,0x00000000d6280000)
  from space 6144K, 99% used [0x00000000d6700000,0x00000000d6cfa340,0x00000000d6d00000)
  to   space 14848K, 0% used [0x00000000d7100000,0x00000000d7100000,0x00000000d7f80000)
 ParOldGen       total 139264K, used 139092K [0x0000000080000000, 0x0000000088800000, 0x00000000d5580000)
  object space 139264K, 99% used [0x0000000080000000,0x00000000887d5060,0x0000000088800000)
 Metaspace       used 82830K, committed 84352K, reserved 1179648K
  class space    used 9327K, committed 9984K, reserved 1048576K
}
Event: 192.538 GC heap after
{Heap after GC invocations=107 (full 3):
 PSYoungGen      total 15872K, used 2468K [0x00000000d5580000, 0x00000000d7380000, 0x0000000100000000)
  eden space 13312K, 0% used [0x00000000d5580000,0x00000000d5580000,0x00000000d6280000)
  from space 2560K, 96% used [0x00000000d7100000,0x00000000d7369270,0x00000000d7380000)
  to   space 6656K, 0% used [0x00000000d6680000,0x00000000d6680000,0x00000000d6d00000)
 ParOldGen       total 141824K, used 141336K [0x0000000080000000, 0x0000000088a80000, 0x00000000d5580000)
  object space 141824K, 99% used [0x0000000080000000,0x0000000088a06260,0x0000000088a80000)
 Metaspace       used 82830K, committed 84352K, reserved 1179648K
  class space    used 9327K, committed 9984K, reserved 1048576K
}
Event: 195.444 GC heap before
{Heap before GC invocations=108 (full 3):
 PSYoungGen      total 15872K, used 15779K [0x00000000d5580000, 0x00000000d7380000, 0x0000000100000000)
  eden space 13312K, 99% used [0x00000000d5580000,0x00000000d627fc68,0x00000000d6280000)
  from space 2560K, 96% used [0x00000000d7100000,0x00000000d7369270,0x00000000d7380000)
  to   space 6656K, 0% used [0x00000000d6680000,0x00000000d6680000,0x00000000d6d00000)
 ParOldGen       total 141824K, used 141336K [0x0000000080000000, 0x0000000088a80000, 0x00000000d5580000)
  object space 141824K, 99% used [0x0000000080000000,0x0000000088a06260,0x0000000088a80000)
 Metaspace       used 83019K, committed 84608K, reserved 1179648K
  class space    used 9337K, committed 9984K, reserved 1048576K
}
Event: 195.449 GC heap after
{Heap after GC invocations=108 (full 3):
 PSYoungGen      total 19968K, used 602K [0x00000000d5580000, 0x00000000d7180000, 0x0000000100000000)
  eden space 13312K, 0% used [0x00000000d5580000,0x00000000d5580000,0x00000000d6280000)
  from space 6656K, 9% used [0x00000000d6680000,0x00000000d6716920,0x00000000d6d00000)
  to   space 2048K, 0% used [0x00000000d6f80000,0x00000000d6f80000,0x00000000d7180000)
 ParOldGen       total 143360K, used 143216K [0x0000000080000000, 0x0000000088c00000, 0x00000000d5580000)
  object space 143360K, 99% used [0x0000000080000000,0x0000000088bdc2f0,0x0000000088c00000)
 Metaspace       used 83019K, committed 84608K, reserved 1179648K
  class space    used 9337K, committed 9984K, reserved 1048576K
}

Dll operation events (20 events):
Event: 0.227 Attempting to load shared library C:\Users\gmgd0\.vscode\extensions\redhat.java-1.56.0-win32-x64\jre\21.0.12.1-win32-x86_64\bin\zip.dll
Event: 0.227 Loaded shared library C:\Users\gmgd0\.vscode\extensions\redhat.java-1.56.0-win32-x64\jre\21.0.12.1-win32-x86_64\bin\zip.dll
Event: 0.250 Attempting to load shared library C:\Users\gmgd0\.vscode\extensions\redhat.java-1.56.0-win32-x64\jre\21.0.12.1-win32-x86_64\bin\jimage.dll
Event: 0.250 Loaded shared library C:\Users\gmgd0\.vscode\extensions\redhat.java-1.56.0-win32-x64\jre\21.0.12.1-win32-x86_64\bin\jimage.dll
Event: 0.361 Attempting to load shared library c:\Users\gmgd0\.vscode\extensions\redhat.java-1.56.0-win32-x64\jre\21.0.12.1-win32-x86_64\bin\verify.dll
Event: 0.361 Loaded shared library c:\Users\gmgd0\.vscode\extensions\redhat.java-1.56.0-win32-x64\jre\21.0.12.1-win32-x86_64\bin\verify.dll
Event: 10.332 Attempting to load shared library C:\Users\gmgd0\AppData\Roaming\Code\User\globalStorage\redhat.java\1.56.0\config_win\org.eclipse.equinox.launcher\org.eclipse.equinox.launcher.win32.win32.x86_64_1.3.100.v20260804-1928\eclipse_11924.dll
Event: 10.492 Loaded shared library C:\Users\gmgd0\AppData\Roaming\Code\User\globalStorage\redhat.java\1.56.0\config_win\org.eclipse.equinox.launcher\org.eclipse.equinox.launcher.win32.win32.x86_64_1.3.100.v20260804-1928\eclipse_11924.dll
Event: 33.096 Attempting to load shared library C:\Users\gmgd0\AppData\Local\Temp\jna-98472013\jna1170253237067715855.dll
Event: 33.206 Loaded shared library C:\Users\gmgd0\AppData\Local\Temp\jna-98472013\jna1170253237067715855.dll
Event: 36.007 Attempting to load shared library C:\Users\gmgd0\.vscode\extensions\redhat.java-1.56.0-win32-x64\jre\21.0.12.1-win32-x86_64\bin\sunmscapi.dll
Event: 36.084 Loaded shared library C:\Users\gmgd0\.vscode\extensions\redhat.java-1.56.0-win32-x64\jre\21.0.12.1-win32-x86_64\bin\sunmscapi.dll
Event: 36.639 Attempting to load shared library C:\Users\gmgd0\.vscode\extensions\redhat.java-1.56.0-win32-x64\jre\21.0.12.1-win32-x86_64\bin\extnet.dll
Event: 36.639 Loaded shared library C:\Users\gmgd0\.vscode\extensions\redhat.java-1.56.0-win32-x64\jre\21.0.12.1-win32-x86_64\bin\extnet.dll
Event: 42.850 Attempting to load shared library C:\Users\gmgd0\.gradle\native\660c5614fbf4a5f2a75b1949f50a0caf5cd603558e7d8a26e50b933a0cfb79d1\windows-amd64\native-platform.dll
Event: 42.862 Loaded shared library C:\Users\gmgd0\.gradle\native\660c5614fbf4a5f2a75b1949f50a0caf5cd603558e7d8a26e50b933a0cfb79d1\windows-amd64\native-platform.dll
Event: 43.873 Attempting to load shared library C:\Users\gmgd0\.vscode\extensions\redhat.java-1.56.0-win32-x64\jre\21.0.12.1-win32-x86_64\bin\management.dll
Event: 43.874 Loaded shared library C:\Users\gmgd0\.vscode\extensions\redhat.java-1.56.0-win32-x64\jre\21.0.12.1-win32-x86_64\bin\management.dll
Event: 43.880 Attempting to load shared library C:\Users\gmgd0\.vscode\extensions\redhat.java-1.56.0-win32-x64\jre\21.0.12.1-win32-x86_64\bin\management_ext.dll
Event: 43.881 Loaded shared library C:\Users\gmgd0\.vscode\extensions\redhat.java-1.56.0-win32-x64\jre\21.0.12.1-win32-x86_64\bin\management_ext.dll

Deoptimization events (20 events):
Event: 195.926 Thread 0x000002199d17b690 Uncommon trap: trap_request=0xffffffde fr.pc=0x000002194ab9d728 relative=0x0000000000000dc8
Event: 195.926 Thread 0x000002199d17b690 Uncommon trap: reason=class_check action=maybe_recompile pc=0x000002194ab9d728 method=org.eclipse.jdt.internal.compiler.parser.Parser.consumeRule(I)V @ 4551 c2
Event: 195.926 Thread 0x000002199d17b690 DEOPT PACKING pc=0x000002194ab9d728 sp=0x0000007120ffe440
Event: 195.927 Thread 0x000002199d17b690 DEOPT UNPACKING pc=0x0000021949af6da2 sp=0x0000007120ffe3c0 mode 2
Event: 195.927 Thread 0x000002199d17b690 Uncommon trap: trap_request=0xffffffde fr.pc=0x000002194ab73f3c relative=0x000000000000113c
Event: 195.927 Thread 0x000002199d17b690 Uncommon trap: reason=class_check action=maybe_recompile pc=0x000002194ab73f3c method=org.eclipse.jdt.internal.compiler.parser.Parser.consumeToken(Lorg/eclipse/jdt/internal/compiler/parser/TerminalToken;)V @ 849 c2
Event: 195.927 Thread 0x000002199d17b690 DEOPT PACKING pc=0x000002194ab73f3c sp=0x0000007120ffe3d0
Event: 195.927 Thread 0x000002199d17b690 DEOPT UNPACKING pc=0x0000021949af6da2 sp=0x0000007120ffe3a0 mode 2
Event: 195.927 Thread 0x000002199d17b690 Uncommon trap: trap_request=0xffffffde fr.pc=0x000002194ab73f3c relative=0x000000000000113c
Event: 195.927 Thread 0x000002199d17b690 Uncommon trap: reason=class_check action=maybe_recompile pc=0x000002194ab73f3c method=org.eclipse.jdt.internal.compiler.parser.Parser.consumeToken(Lorg/eclipse/jdt/internal/compiler/parser/TerminalToken;)V @ 849 c2
Event: 195.927 Thread 0x000002199d17b690 DEOPT PACKING pc=0x000002194ab73f3c sp=0x0000007120ffe3d0
Event: 195.927 Thread 0x000002199d17b690 DEOPT UNPACKING pc=0x0000021949af6da2 sp=0x0000007120ffe3a0 mode 2
Event: 195.932 Thread 0x000002199d17b690 Uncommon trap: trap_request=0xffffffde fr.pc=0x000002194ab73f3c relative=0x000000000000113c
Event: 195.932 Thread 0x000002199d17b690 Uncommon trap: reason=class_check action=maybe_recompile pc=0x000002194ab73f3c method=org.eclipse.jdt.internal.compiler.parser.Parser.consumeToken(Lorg/eclipse/jdt/internal/compiler/parser/TerminalToken;)V @ 849 c2
Event: 195.932 Thread 0x000002199d17b690 DEOPT PACKING pc=0x000002194ab73f3c sp=0x0000007120ffe3d0
Event: 195.932 Thread 0x000002199d17b690 DEOPT UNPACKING pc=0x0000021949af6da2 sp=0x0000007120ffe3a0 mode 2
Event: 196.105 Thread 0x0000021998900e50 Uncommon trap: trap_request=0xffffff45 fr.pc=0x000002194ab61604 relative=0x0000000000001144
Event: 196.105 Thread 0x0000021998900e50 Uncommon trap: reason=unstable_if action=reinterpret pc=0x000002194ab61604 method=org.eclipse.jdt.internal.compiler.parser.Scanner.getNextToken0()Lorg/eclipse/jdt/internal/compiler/parser/TerminalToken; @ 2884 c2
Event: 196.105 Thread 0x0000021998900e50 DEOPT PACKING pc=0x000002194ab61604 sp=0x00000071226fd170
Event: 196.105 Thread 0x0000021998900e50 DEOPT UNPACKING pc=0x0000021949af6da2 sp=0x00000071226fd0b8 mode 2

Classes loaded (20 events):
Event: 150.814 Loading class java/util/stream/ReduceOps$CountingSink$OfRef
Event: 150.815 Loading class java/util/stream/ReduceOps$CountingSink
Event: 150.816 Loading class java/util/stream/ReduceOps$CountingSink done
Event: 150.816 Loading class java/util/stream/ReduceOps$CountingSink$OfRef done
Event: 151.830 Loading class java/util/stream/ReferencePipeline$4
Event: 151.831 Loading class java/util/stream/ReferencePipeline$4 done
Event: 151.834 Loading class java/util/stream/Nodes$IntFixedNodeBuilder
Event: 151.835 Loading class java/util/stream/Node$Builder$OfInt
Event: 151.837 Loading class java/util/stream/Node$Builder$OfInt done
Event: 151.837 Loading class java/util/stream/Nodes$IntArrayNode
Event: 151.838 Loading class java/util/stream/Nodes$IntArrayNode done
Event: 151.838 Loading class java/util/stream/Nodes$IntFixedNodeBuilder done
Event: 151.838 Loading class java/util/stream/ReferencePipeline$4$1
Event: 151.838 Loading class java/util/stream/ReferencePipeline$4$1 done
Event: 155.255 Loading class java/nio/file/Files$2
Event: 155.256 Loading class java/nio/file/Files$2 done
Event: 155.326 Loading class jdk/internal/module/IllegalAccessLogger
Event: 155.326 Loading class jdk/internal/module/IllegalAccessLogger done
Event: 193.075 Loading class java/util/ArrayDeque$DeqSpliterator
Event: 193.136 Loading class java/util/ArrayDeque$DeqSpliterator done

Classes unloaded (9 events):
Event: 33.969 Thread 0x0000021955dc6ab0 Unloading class 0x00000219571b8800 'java/lang/invoke/LambdaForm$MH+0x00000219571b8800'
Event: 33.969 Thread 0x0000021955dc6ab0 Unloading class 0x00000219571b8400 'java/lang/invoke/LambdaForm$MH+0x00000219571b8400'
Event: 33.969 Thread 0x0000021955dc6ab0 Unloading class 0x00000219571b8000 'java/lang/invoke/LambdaForm$MH+0x00000219571b8000'
Event: 33.969 Thread 0x0000021955dc6ab0 Unloading class 0x00000219571b7c00 'java/lang/invoke/LambdaForm$MH+0x00000219571b7c00'
Event: 33.969 Thread 0x0000021955dc6ab0 Unloading class 0x00000219571b7800 'java/lang/invoke/LambdaForm$BMH+0x00000219571b7800'
Event: 33.969 Thread 0x0000021955dc6ab0 Unloading class 0x00000219571b7400 'java/lang/invoke/LambdaForm$DMH+0x00000219571b7400'
Event: 33.969 Thread 0x0000021955dc6ab0 Unloading class 0x00000219571b6400 'java/lang/invoke/LambdaForm$DMH+0x00000219571b6400'
Event: 36.145 Thread 0x0000021955dc6ab0 Unloading class 0x0000021957351c00 'java/lang/invoke/LambdaForm$MH+0x0000021957351c00'
Event: 36.145 Thread 0x0000021955dc6ab0 Unloading class 0x0000021957351400 'java/lang/invoke/LambdaForm$DMH+0x0000021957351400'

Classes redefined (0 events):
No events

Internal exceptions (20 events):
Event: 192.398 Thread 0x00000219a0a2e380 Exception <a 'sun/nio/fs/WindowsException'{0x00000000d5d23818}> (0x00000000d5d23818) 
thrown [s\src\hotspot\share\prims\jni.cpp, line 520]
Event: 192.399 Thread 0x00000219a0a2f0a0 Exception <a 'sun/nio/fs/WindowsException'{0x00000000d5ceaf08}> (0x00000000d5ceaf08) 
thrown [s\src\hotspot\share\prims\jni.cpp, line 520]
Event: 192.494 Thread 0x000002199d179c50 Exception <a 'sun/nio/fs/WindowsException'{0x00000000d5a34150}> (0x00000000d5a34150) 
thrown [s\src\hotspot\share\prims\jni.cpp, line 520]
Event: 192.502 Thread 0x000002199d179c50 Implicit null exception at 0x000002194a7446e2 to 0x000002194a744b44
Event: 192.591 Thread 0x000002199d17b690 Exception <a 'sun/nio/fs/WindowsException'{0x00000000d56d58b8}> (0x00000000d56d58b8) 
thrown [s\src\hotspot\share\prims\jni.cpp, line 520]
Event: 192.641 Thread 0x000002199d17b690 Exception <a 'sun/nio/fs/WindowsException'{0x00000000d56ff1e0}> (0x00000000d56ff1e0) 
thrown [s\src\hotspot\share\prims\jni.cpp, line 520]
Event: 192.653 Thread 0x000002199d17b690 Exception <a 'sun/nio/fs/WindowsException'{0x00000000d570d610}> (0x00000000d570d610) 
thrown [s\src\hotspot\share\prims\jni.cpp, line 520]
Event: 192.664 Thread 0x000002199d17b690 Exception <a 'sun/nio/fs/WindowsException'{0x00000000d571f320}> (0x00000000d571f320) 
thrown [s\src\hotspot\share\prims\jni.cpp, line 520]
Event: 192.675 Thread 0x000002199d17b690 Exception <a 'sun/nio/fs/WindowsException'{0x00000000d572ea00}> (0x00000000d572ea00) 
thrown [s\src\hotspot\share\prims\jni.cpp, line 520]
Event: 192.765 Thread 0x000002199d17b690 Exception <a 'sun/nio/fs/WindowsException'{0x00000000d576c8d8}> (0x00000000d576c8d8) 
thrown [s\src\hotspot\share\prims\jni.cpp, line 520]
Event: 192.849 Thread 0x000002199d17b690 Exception <a 'sun/nio/fs/WindowsException'{0x00000000d5776a88}> (0x00000000d5776a88) 
thrown [s\src\hotspot\share\prims\jni.cpp, line 520]
Event: 193.143 Thread 0x000002199d17b690 Exception <a 'sun/nio/fs/WindowsException'{0x00000000d57f63e0}> (0x00000000d57f63e0) 
thrown [s\src\hotspot\share\prims\jni.cpp, line 520]
Event: 193.815 Thread 0x000002199d17b690 Exception <a 'sun/nio/fs/WindowsException'{0x00000000d5890d08}> (0x00000000d5890d08) 
thrown [s\src\hotspot\share\prims\jni.cpp, line 520]
Event: 194.096 Thread 0x000002199d17b690 Exception <a 'sun/nio/fs/WindowsException'{0x00000000d5b02578}> (0x00000000d5b02578) 
thrown [s\src\hotspot\share\prims\jni.cpp, line 520]
Event: 194.588 Thread 0x000002199d17b690 Exception <a 'sun/nio/fs/WindowsException'{0x00000000d5b5d700}> (0x00000000d5b5d700) 
thrown [s\src\hotspot\share\prims\jni.cpp, line 520]
Event: 194.800 Thread 0x000002199d17b690 Exception <a 'sun/nio/fs/WindowsException'{0x00000000d5d70e78}> (0x00000000d5d70e78) 
thrown [s\src\hotspot\share\prims\jni.cpp, line 520]
Event: 195.390 Thread 0x000002199d17b690 Exception <a 'sun/nio/fs/WindowsException'{0x00000000d5de5838}> (0x00000000d5de5838) 
thrown [s\src\hotspot\share\prims\jni.cpp, line 520]
Event: 195.414 Thread 0x000002199d17b690 Exception <a 'sun/nio/fs/WindowsException'{0x00000000d5e01618}> (0x00000000d5e01618) 
thrown [s\src\hotspot\share\prims\jni.cpp, line 520]
Event: 195.565 Thread 0x00000219988fccb0 Exception <a 'java/lang/ArrayIndexOutOfBoundsException'{0x00000000d56c8e90}> (0x00000000d56c8e90) 
thrown [s\src\hotspot\share\runtime\sharedRuntime.cpp, line 625]
Event: 195.565 Thread 0x00000219988fccb0 Exception <a 'java/lang/ArrayIndexOutOfBoundsException'{0x00000000d56c91b8}> (0x00000000d56c91b8) 
thrown [s\src\hotspot\share\runtime\sharedRuntime.cpp, line 625]

ZGC Phase Switch (0 events):
No events

VM Operations (20 events):
Event: 189.634 Executing safepoint VM operation: Cleanup
Event: 189.679 Executing safepoint VM operation: Cleanup done
Event: 190.197 Executing safepoint VM operation: ParallelGCFailedAllocation (Allocation Failure)
Event: 190.237 Executing safepoint VM operation: ParallelGCFailedAllocation (Allocation Failure) done
Event: 190.431 Executing safepoint VM operation: ParallelGCFailedAllocation (Allocation Failure)
Event: 190.441 Executing safepoint VM operation: ParallelGCFailedAllocation (Allocation Failure) done
Event: 191.441 Executing safepoint VM operation: Cleanup
Event: 191.441 Executing safepoint VM operation: Cleanup done
Event: 192.442 Executing safepoint VM operation: Cleanup
Event: 192.442 Executing safepoint VM operation: Cleanup done
Event: 192.519 Executing safepoint VM operation: ParallelGCFailedAllocation (Allocation Failure)
Event: 192.538 Executing safepoint VM operation: ParallelGCFailedAllocation (Allocation Failure) done
Event: 192.648 Executing non-safepoint VM operation: HandshakeAllThreads (Deoptimize)
Event: 192.648 Executing non-safepoint VM operation: HandshakeAllThreads (Deoptimize) done
Event: 193.648 Executing safepoint VM operation: Cleanup
Event: 193.648 Executing safepoint VM operation: Cleanup done
Event: 194.649 Executing safepoint VM operation: Cleanup
Event: 194.650 Executing safepoint VM operation: Cleanup done
Event: 195.444 Executing safepoint VM operation: ParallelGCFailedAllocation (Allocation Failure)
Event: 195.449 Executing safepoint VM operation: ParallelGCFailedAllocation (Allocation Failure) done

Memory protections (0 events):
No events

Nmethod flushes (20 events):
Event: 43.978 Thread 0x0000021955dc6ab0 flushing  nmethod 0x0000021942e3fc10
Event: 43.978 Thread 0x0000021955dc6ab0 flushing  nmethod 0x0000021942e41a10
Event: 43.978 Thread 0x0000021955dc6ab0 flushing  nmethod 0x0000021942e41d90
Event: 43.978 Thread 0x0000021955dc6ab0 flushing  nmethod 0x0000021942e47b10
Event: 43.978 Thread 0x0000021955dc6ab0 flushing  nmethod 0x0000021942e48b90
Event: 43.978 Thread 0x0000021955dc6ab0 flushing  nmethod 0x0000021942e54c90
Event: 43.978 Thread 0x0000021955dc6ab0 flushing  nmethod 0x0000021942e7d690
Event: 43.978 Thread 0x0000021955dc6ab0 flushing  nmethod 0x0000021942e7dc90
Event: 43.978 Thread 0x0000021955dc6ab0 flushing  nmethod 0x0000021942e7e510
Event: 43.978 Thread 0x0000021955dc6ab0 flushing  nmethod 0x0000021942e81a10
Event: 43.978 Thread 0x0000021955dc6ab0 flushing  nmethod 0x0000021942e82110
Event: 43.978 Thread 0x0000021955dc6ab0 flushing  nmethod 0x0000021942e82490
Event: 43.978 Thread 0x0000021955dc6ab0 flushing  nmethod 0x0000021942e84510
Event: 43.978 Thread 0x0000021955dc6ab0 flushing  nmethod 0x0000021942e90090
Event: 43.978 Thread 0x0000021955dc6ab0 flushing  nmethod 0x0000021942e95f90
Event: 43.978 Thread 0x0000021955dc6ab0 flushing  nmethod 0x0000021942eff490
Event: 43.978 Thread 0x0000021955dc6ab0 flushing  nmethod 0x0000021942f01210
Event: 43.978 Thread 0x0000021955dc6ab0 flushing  nmethod 0x0000021942f05590
Event: 43.978 Thread 0x0000021955dc6ab0 flushing  nmethod 0x0000021942f05990
Event: 43.978 Thread 0x0000021955dc6ab0 flushing  nmethod 0x0000021942f05e10

Events (20 events):
Event: 173.180 Thread 0x00000219a1b1ffc0 Thread exited: 0x00000219a1b1ffc0
Event: 173.314 Thread 0x0000021955e1d950 Thread added: 0x00000219a22b7030
Event: 173.994 Thread 0x00000219a22b7030 Thread exited: 0x00000219a22b7030
Event: 183.949 Thread 0x0000021955e1d950 Thread added: 0x00000219a04a6c20
Event: 184.921 Thread 0x00000219a04a6c20 Thread exited: 0x00000219a04a6c20
Event: 185.060 Thread 0x0000021955e1d950 Thread added: 0x00000219a241d070
Event: 186.413 Thread 0x00000219a241d070 Thread exited: 0x00000219a241d070
Event: 188.294 Thread 0x0000021955e1d950 Thread added: 0x000002199ff66730
Event: 188.794 Thread 0x000002199ff66730 Thread exited: 0x000002199ff66730
Event: 189.847 Thread 0x0000021955e1d950 Thread added: 0x000002199ff66730
Event: 190.248 Thread 0x000002199ff66730 Thread exited: 0x000002199ff66730
Event: 191.989 Thread 0x000002199d17b690 Thread added: 0x00000219a0a28110
Event: 192.168 Thread 0x00000219a0a28110 Thread added: 0x00000219a0a2bc20
Event: 192.170 Thread 0x00000219a0a28110 Thread added: 0x00000219a0a287a0
Event: 192.178 Thread 0x00000219a0a28110 Thread added: 0x00000219a0a2ea10
Event: 192.184 Thread 0x00000219a0a287a0 Thread added: 0x00000219a0a2dcf0
Event: 192.184 Thread 0x00000219a0a28110 Thread added: 0x00000219a0a2c940
Event: 192.207 Thread 0x00000219a0a287a0 Thread added: 0x00000219a0a2e380
Event: 192.207 Thread 0x00000219a0a2bc20 Thread added: 0x00000219a0a2f0a0
Event: 193.079 Thread 0x000002199d17a2e0 Thread added: 0x00000219a0a2c2b0


Dynamic libraries:
0x00007ff7cf8b0000 - 0x00007ff7cf8be000 	c:\Users\gmgd0\.vscode\extensions\redhat.java-1.56.0-win32-x64\jre\21.0.12.1-win32-x86_64\bin\java.exe
0x00007ffd84120000 - 0x00007ffd84386000 	C:\WINDOWS\SYSTEM32\ntdll.dll
0x00007ffd82730000 - 0x00007ffd827f9000 	C:\WINDOWS\System32\KERNEL32.DLL
0x00007ffd81900000 - 0x00007ffd81cff000 	C:\WINDOWS\System32\KERNELBASE.dll
0x00007ffd817a0000 - 0x00007ffd818ec000 	C:\WINDOWS\System32\ucrtbase.dll
0x00007ffd78430000 - 0x00007ffd78448000 	c:\Users\gmgd0\.vscode\extensions\redhat.java-1.56.0-win32-x64\jre\21.0.12.1-win32-x86_64\bin\jli.dll
0x00007ffd785b0000 - 0x00007ffd785ce000 	c:\Users\gmgd0\.vscode\extensions\redhat.java-1.56.0-win32-x64\jre\21.0.12.1-win32-x86_64\bin\VCRUNTIME140.dll
0x00007ffd83b80000 - 0x00007ffd83d46000 	C:\WINDOWS\System32\USER32.dll
0x00007ffd65dc0000 - 0x00007ffd66051000 	C:\WINDOWS\WinSxS\amd64_microsoft.windows.common-controls_6595b64144ccf1df_6.0.26100.8972_none_3e0da176e32f9d4b\COMCTL32.dll
0x00007ffd81770000 - 0x00007ffd81797000 	C:\WINDOWS\System32\win32u.dll
0x00007ffd82c90000 - 0x00007ffd82d39000 	C:\WINDOWS\System32\msvcrt.dll
0x00007ffd82390000 - 0x00007ffd823bb000 	C:\WINDOWS\System32\GDI32.dll
0x00007ffd81640000 - 0x00007ffd81769000 	C:\WINDOWS\System32\gdi32full.dll
0x00007ffd81d10000 - 0x00007ffd81db3000 	C:\WINDOWS\System32\msvcp_win.dll
0x00007ffd82660000 - 0x00007ffd82692000 	C:\WINDOWS\System32\IMM32.DLL
0x00007ffd790c0000 - 0x00007ffd790cc000 	c:\Users\gmgd0\.vscode\extensions\redhat.java-1.56.0-win32-x64\jre\21.0.12.1-win32-x86_64\bin\vcruntime140_1.dll
0x00007ffd764f0000 - 0x00007ffd7657d000 	c:\Users\gmgd0\.vscode\extensions\redhat.java-1.56.0-win32-x64\jre\21.0.12.1-win32-x86_64\bin\msvcp140.dll
0x00007ffce89f0000 - 0x00007ffce9792000 	c:\Users\gmgd0\.vscode\extensions\redhat.java-1.56.0-win32-x64\jre\21.0.12.1-win32-x86_64\bin\server\jvm.dll
0x00007ffd83740000 - 0x00007ffd837fc000 	C:\WINDOWS\System32\ADVAPI32.dll
0x00007ffd839c0000 - 0x00007ffd83a6a000 	C:\WINDOWS\System32\sechost.dll
0x00007ffd838a0000 - 0x00007ffd839b8000 	C:\WINDOWS\System32\RPCRT4.dll
0x00007ffd826a0000 - 0x00007ffd82722000 	C:\WINDOWS\System32\WS2_32.dll
0x00007ffd81190000 - 0x00007ffd811ee000 	C:\WINDOWS\SYSTEM32\POWRPROF.dll
0x00007ffd6b010000 - 0x00007ffd6b046000 	C:\WINDOWS\SYSTEM32\WINMM.dll
0x00007ffd6cbc0000 - 0x00007ffd6cbcb000 	C:\WINDOWS\SYSTEM32\VERSION.dll
0x00007ffd81170000 - 0x00007ffd81185000 	C:\WINDOWS\SYSTEM32\UMPDC.dll
0x00007ffd7ff80000 - 0x00007ffd7ff9b000 	C:\WINDOWS\SYSTEM32\kernel.appcore.dll
0x00007ffd78420000 - 0x00007ffd7842a000 	c:\Users\gmgd0\.vscode\extensions\redhat.java-1.56.0-win32-x64\jre\21.0.12.1-win32-x86_64\bin\jimage.dll
0x00007ffd7e730000 - 0x00007ffd7e972000 	C:\WINDOWS\SYSTEM32\DBGHELP.DLL
0x00007ffd82000000 - 0x00007ffd82385000 	C:\WINDOWS\System32\combase.dll
0x00007ffd83590000 - 0x00007ffd83669000 	C:\WINDOWS\System32\OLEAUT32.dll
0x00007ffd5eb50000 - 0x00007ffd5eb8b000 	C:\WINDOWS\SYSTEM32\dbgcore.DLL
0x00007ffd81580000 - 0x00007ffd8162c000 	C:\WINDOWS\System32\bcryptPrimitives.dll
0x00007ffd76340000 - 0x00007ffd7634f000 	c:\Users\gmgd0\.vscode\extensions\redhat.java-1.56.0-win32-x64\jre\21.0.12.1-win32-x86_64\bin\instrument.dll
0x00007ffd78400000 - 0x00007ffd78420000 	c:\Users\gmgd0\.vscode\extensions\redhat.java-1.56.0-win32-x64\jre\21.0.12.1-win32-x86_64\bin\java.dll
0x00007ffd82d40000 - 0x00007ffd834c8000 	C:\WINDOWS\System32\SHELL32.dll
0x00007ffd7edc0000 - 0x00007ffd7f65b000 	C:\WINDOWS\SYSTEM32\windows.storage.dll
0x00007ffd82560000 - 0x00007ffd82659000 	C:\WINDOWS\System32\SHCORE.dll
0x00007ffd81e80000 - 0x00007ffd81ee6000 	C:\WINDOWS\System32\shlwapi.dll
0x00007ffd81250000 - 0x00007ffd81279000 	C:\WINDOWS\SYSTEM32\profapi.dll
0x00007ffd76890000 - 0x00007ffd768a8000 	c:\Users\gmgd0\.vscode\extensions\redhat.java-1.56.0-win32-x64\jre\21.0.12.1-win32-x86_64\bin\zip.dll
0x00007ffd76880000 - 0x00007ffd76890000 	C:\Users\gmgd0\.vscode\extensions\redhat.java-1.56.0-win32-x64\jre\21.0.12.1-win32-x86_64\bin\net.dll
0x00007ffd717e0000 - 0x00007ffd71908000 	C:\WINDOWS\SYSTEM32\WINHTTP.dll
0x00007ffd805d0000 - 0x00007ffd8063c000 	C:\WINDOWS\system32\mswsock.dll
0x00007ffd76860000 - 0x00007ffd76876000 	C:\Users\gmgd0\.vscode\extensions\redhat.java-1.56.0-win32-x64\jre\21.0.12.1-win32-x86_64\bin\nio.dll
0x00007ffd76850000 - 0x00007ffd76860000 	c:\Users\gmgd0\.vscode\extensions\redhat.java-1.56.0-win32-x64\jre\21.0.12.1-win32-x86_64\bin\verify.dll
0x00007ffcf2c20000 - 0x00007ffcf2c65000 	C:\Users\gmgd0\AppData\Roaming\Code\User\globalStorage\redhat.java\1.56.0\config_win\org.eclipse.equinox.launcher\org.eclipse.equinox.launcher.win32.win32.x86_64_1.3.100.v20260804-1928\eclipse_11924.dll
0x00007ffd823c0000 - 0x00007ffd82559000 	C:\WINDOWS\System32\ole32.dll
0x00007ffd808e0000 - 0x00007ffd808fb000 	C:\WINDOWS\SYSTEM32\CRYPTSP.dll
0x00007ffd7ffa0000 - 0x00007ffd7ffd9000 	C:\WINDOWS\system32\rsaenh.dll
0x00007ffd80680000 - 0x00007ffd806b2000 	C:\WINDOWS\SYSTEM32\USERENV.dll
0x00007ffd81220000 - 0x00007ffd8124a000 	C:\WINDOWS\SYSTEM32\bcrypt.dll
0x00007ffd808c0000 - 0x00007ffd808cc000 	C:\WINDOWS\SYSTEM32\CRYPTBASE.dll
0x00007ffd7fb00000 - 0x00007ffd7fb33000 	C:\WINDOWS\SYSTEM32\IPHLPAPI.DLL
0x00007ffd83a70000 - 0x00007ffd83a7a000 	C:\WINDOWS\System32\NSI.dll
0x00007ffcef550000 - 0x00007ffcef599000 	C:\Users\gmgd0\AppData\Local\Temp\jna-98472013\jna1170253237067715855.dll
0x00007ffd83f30000 - 0x00007ffd83f38000 	C:\WINDOWS\System32\PSAPI.DLL
0x00007ffd75b00000 - 0x00007ffd75b1d000 	C:\WINDOWS\SYSTEM32\dhcpcsvc6.DLL
0x00007ffd75ad0000 - 0x00007ffd75af5000 	C:\WINDOWS\SYSTEM32\dhcpcsvc.DLL
0x00007ffd6be70000 - 0x00007ffd6be7e000 	C:\Users\gmgd0\.vscode\extensions\redhat.java-1.56.0-win32-x64\jre\21.0.12.1-win32-x86_64\bin\sunmscapi.dll
0x00007ffd813f0000 - 0x00007ffd8156e000 	C:\WINDOWS\System32\CRYPT32.dll
0x00007ffd80b00000 - 0x00007ffd80b30000 	C:\WINDOWS\SYSTEM32\ncrypt.dll
0x00007ffd80ab0000 - 0x00007ffd80aef000 	C:\WINDOWS\SYSTEM32\NTASN1.dll
0x00007ffd7fb40000 - 0x00007ffd7fc98000 	C:\WINDOWS\SYSTEM32\DNSAPI.dll
0x00007ffd803d0000 - 0x00007ffd803dd000 	C:\WINDOWS\SYSTEM32\DSPARSE.dll
0x00007ffd75ac0000 - 0x00007ffd75acb000 	C:\Windows\System32\rasadhlp.dll
0x00007ffd75c00000 - 0x00007ffd75c86000 	C:\WINDOWS\System32\fwpuclnt.dll
0x00007ffd6e410000 - 0x00007ffd6e419000 	C:\Users\gmgd0\.vscode\extensions\redhat.java-1.56.0-win32-x64\jre\21.0.12.1-win32-x86_64\bin\extnet.dll
0x00007ffcf31e0000 - 0x00007ffcf3207000 	C:\Users\gmgd0\.gradle\native\660c5614fbf4a5f2a75b1949f50a0caf5cd603558e7d8a26e50b933a0cfb79d1\windows-amd64\native-platform.dll
0x00007ffd72670000 - 0x00007ffd7267a000 	C:\Users\gmgd0\.vscode\extensions\redhat.java-1.56.0-win32-x64\jre\21.0.12.1-win32-x86_64\bin\management.dll
0x00007ffd72660000 - 0x00007ffd7266c000 	C:\Users\gmgd0\.vscode\extensions\redhat.java-1.56.0-win32-x64\jre\21.0.12.1-win32-x86_64\bin\management_ext.dll

JVMTI agents:
c:\Users\gmgd0\.vscode\extensions\redhat.java-1.56.0-win32-x64\lombok\lombok-1.18.39-4050.jar path:c:\Users\gmgd0\.vscode\extensions\redhat.java-1.56.0-win32-x64\jre\21.0.12.1-win32-x86_64\bin\instrument.dll, loaded, initialized, instrumentlib options:none

dbghelp: loaded successfully - version: 4.0.5 - missing functions: none
symbol engine: initialized successfully - sym options: 0x614 - pdb path: .;c:\Users\gmgd0\.vscode\extensions\redhat.java-1.56.0-win32-x64\jre\21.0.12.1-win32-x86_64\bin;C:\WINDOWS\SYSTEM32;C:\WINDOWS\WinSxS\amd64_microsoft.windows.common-controls_6595b64144ccf1df_6.0.26100.8972_none_3e0da176e32f9d4b;c:\Users\gmgd0\.vscode\extensions\redhat.java-1.56.0-win32-x64\jre\21.0.12.1-win32-x86_64\bin\server;C:\Users\gmgd0\AppData\Roaming\Code\User\globalStorage\redhat.java\1.56.0\config_win\org.eclipse.equinox.launcher\org.eclipse.equinox.launcher.win32.win32.x86_64_1.3.100.v20260804-1928;C:\Users\gmgd0\AppData\Local\Temp\jna-98472013;C:\Users\gmgd0\.gradle\native\660c5614fbf4a5f2a75b1949f50a0caf5cd603558e7d8a26e50b933a0cfb79d1\windows-amd64

VM Arguments:
jvm_args: --add-modules=ALL-SYSTEM --add-opens=java.base/java.util=ALL-UNNAMED --add-opens=java.base/java.lang=ALL-UNNAMED --add-opens=java.base/sun.nio.fs=ALL-UNNAMED -Declipse.application=org.eclipse.jdt.ls.core.id1 -Dosgi.bundles.defaultStartLevel=4 -Declipse.product=org.eclipse.jdt.ls.core.product -Djava.import.generatesMetadataFilesAtProjectRoot=false -Dm2e.project.cache.size=50 -DDetectVMInstallationsJob.disabled=true -Dfile.encoding=utf8 -XX:+UseParallelGC -XX:GCTimeRatio=4 -XX:AdaptiveSizePolicyWeight=90 -Dsun.zip.disableMemoryMapping=true -Xmx2G -Xms100m -Xlog:disable -javaagent:c:\Users\gmgd0\.vscode\extensions\redhat.java-1.56.0-win32-x64\lombok\lombok-1.18.39-4050.jar -XX:+HeapDumpOnOutOfMemoryError -XX:HeapDumpPath=c:\Users\gmgd0\AppData\Roaming\Code\User\workspaceStorage\1871e0834c76e2fa297767c3fa221f87\redhat.java -Daether.dependencyCollector.impl=bf 
java_command: c:\Users\gmgd0\.vscode\extensions\redhat.java-1.56.0-win32-x64\server\plugins\org.eclipse.equinox.launcher_1.8.0.v20260804-1928.jar -configuration c:\Users\gmgd0\AppData\Roaming\Code\User\globalStorage\redhat.java\1.56.0\config_win -data c:\Users\gmgd0\AppData\Roaming\Code\User\workspaceStorage\1871e0834c76e2fa297767c3fa221f87\redhat.java\jdt_ws --pipe=\\.\pipe\lsp-37983000c8b686e44625e5e7e3301e7d-sock
java_class_path (initial): c:\Users\gmgd0\.vscode\extensions\redhat.java-1.56.0-win32-x64\server\plugins\org.eclipse.equinox.launcher_1.8.0.v20260804-1928.jar
Launcher Type: SUN_STANDARD

[Global flags]
    uintx AdaptiveSizePolicyWeight                 = 90                                        {product} {command line}
     intx CICompilerCount                          = 4                                         {product} {ergonomic}
    uintx GCTimeRatio                              = 4                                         {product} {command line}
     bool HeapDumpOnOutOfMemoryError               = true                                   {manageable} {command line}
    ccstr HeapDumpPath                             = c:\Users\gmgd0\AppData\Roaming\Code\User\workspaceStorage\1871e0834c76e2fa297767c3fa221f87\redhat.java         {manageable} {command line}
   size_t InitialHeapSize                          = 104857600                                 {product} {command line}
   size_t MaxHeapSize                              = 2147483648                                {product} {command line}
   size_t MaxNewSize                               = 715653120                                 {product} {ergonomic}
   size_t MinHeapDeltaBytes                        = 524288                                    {product} {ergonomic}
   size_t MinHeapSize                              = 104857600                                 {product} {command line}
   size_t NewSize                                  = 34603008                                  {product} {ergonomic}
    uintx NonNMethodCodeHeapSize                   = 5839372                                {pd product} {ergonomic}
    uintx NonProfiledCodeHeapSize                  = 122909434                              {pd product} {ergonomic}
   size_t OldSize                                  = 70254592                                  {product} {ergonomic}
    uintx ProfiledCodeHeapSize                     = 122909434                              {pd product} {ergonomic}
    uintx ReservedCodeCacheSize                    = 251658240                              {pd product} {ergonomic}
     bool SegmentedCodeCache                       = true                                      {product} {ergonomic}
   size_t SoftMaxHeapSize                          = 2147483648                             {manageable} {ergonomic}
     bool UseCompressedOops                        = true                           {product lp64_product} {ergonomic}
     bool UseLargePagesIndividualAllocation        = false                                  {pd product} {ergonomic}
     bool UseParallelGC                            = true                                      {product} {command line}

Logging:
Log output configuration:
 #0: stdout all=off uptime,level,tags foldmultilines=false
 #1: stderr all=off uptime,level,tags foldmultilines=false

Release file:
JAVA_VERSION="21.0.12.1" 
MODULES="java.base java.compiler java.datatransfer java.xml java.prefs java.desktop java.instrument java.logging java.management java.security.sasl java.naming java.rmi java.management.rmi java.net.http java.scripting java.security.jgss java.transaction.xa java.sql java.sql.rowset java.xml.crypto java.se java.smartcardio jdk.accessibility jdk.internal.jvmstat jdk.attach jdk.charsets jdk.internal.opt jdk.zipfs jdk.compiler jdk.crypto.ec jdk.crypto.cryptoki jdk.crypto.mscapi jdk.dynalink jdk.internal.ed jdk.editpad jdk.hotspot.agent jdk.httpserver jdk.internal.le jdk.internal.vm.ci jdk.internal.vm.compiler jdk.internal.vm.compiler.management jdk.jartool jdk.javadoc jdk.jcmd jdk.management jdk.management.agent jdk.jconsole jdk.jdeps jdk.jdwp.agent jdk.jdi jdk.jfr jdk.jshell jdk.jsobject jdk.jstatd jdk.localedata jdk.management.jfr jdk.naming.dns jdk.naming.rmi jdk.net jdk.nio.mapmode jdk.random jdk.sctp jdk.security.auth jdk.security.jgss jdk.unsupported jdk.unsupported.desktop jdk.xml.dom" 

Environment Variables:
JAVA_HOME=C:\Program Files\Java\jdk-17
PATH=C:\WINDOWS\system32;C:\WINDOWS;C:\WINDOWS\System32\Wbem;C:\WINDOWS\System32\WindowsPowerShell\v1.0\;C:\WINDOWS\System32\OpenSSH\;C:\Program Files\Microsoft SQL Server\170\Tools\Binn\;C:\Program Files\dotnet\;C:\Program Files (x86)\Windows Kits\10\Windows Performance Toolkit\;C:\Program Files\Git\cmd;%JAVA_HOME%\bin;C:\Users\gmgd0\AppData\Local\Microsoft\WindowsApps;C:\Users\gmgd0\AppData\Local\Programs\Microsoft VS Code\bin;C:\flutter_windows_3.38.7-stable\flutter\bin;C:\Users\gmgd0\.dotnet\tools
USERNAME=gmgd0
OS=Windows_NT
PROCESSOR_IDENTIFIER=Intel64 Family 6 Model 140 Stepping 1, GenuineIntel
TMP=C:\Users\gmgd0\AppData\Local\Temp
TEMP=C:\Users\gmgd0\AppData\Local\Temp




Periodic native trim disabled

---------------  S Y S T E M  ---------------

OS:
 Windows 11 , 64 bit Build 26100 (10.0.26100.9168)
OS uptime: 11 days 23:46 hours
Hyper-V role detected

CPU: total 8 (initial active 8) (4 cores per cpu, 2 threads per core) family 6 model 140 stepping 1 microcode 0xa6, cx8, cmov, fxsr, ht, mmx, 3dnowpref, sse, sse2, sse3, ssse3, sse4.1, sse4.2, popcnt, lzcnt, tsc, tscinvbit, avx, avx2, aes, erms, clmul, bmi1, bmi2, adx, avx512f, avx512dq, avx512cd, avx512bw, avx512vl, sha, fma, vzeroupper, avx512_vpopcntdq, avx512_vpclmulqdq, avx512_vaes, avx512_vnni, clflush, clflushopt, clwb, avx512_vbmi2, avx512_vbmi, hv, rdtscp, rdpid, fsrm, gfni, avx512_bitalg, f16c, cet_ibt, cet_ss, avx512_ifma
Processor Information for the first 8 processors :
  Max Mhz: 2803, Current Mhz: 2803, Mhz Limit: 2803

Memory: 4k page, system-wide physical 16075M (453M free)
TotalPageFile size 65227M (AvailPageFile size 128M)
current process WorkingSet (physical memory assigned to process): 287M, peak: 381M
current process commit charge ("private bytes"): 499M, peak: 520M

vm_info: OpenJDK 64-Bit Server VM (21.0.12.1+1-LTS) for windows-amd64 JRE (21.0.12.1+1-LTS), built on 2026-08-18T00:00:00Z by "admin" with MS VC++ 17.12 (VS2022)

END.
