#
# There is insufficient memory for the Java Runtime Environment to continue.
# Native memory allocation (malloc) failed to allocate 1522416 bytes. Error detail: Chunk::new
# Possible reasons:
#   The system is out of physical RAM or swap space
#   This process is running with CompressedOops enabled, and the Java Heap may be blocking the growth of the native heap
# Possible solutions:
#   Reduce memory load on the system
#   Increase physical memory or swap space
#   Check if swap backing store is full
#   Decrease Java heap size (-Xmx/-Xms)
#   Decrease number of Java threads
#   Decrease Java thread stack sizes (-Xss)
#   Set larger code cache with -XX:ReservedCodeCacheSize=
#   JVM is running with Unscaled Compressed Oops mode in which the Java heap is
#     placed in the first 4GB address space. The Java Heap base address is the
#     maximum limit for the native heap growth. Please use -XX:HeapBaseMinAddress
#     to set the Java Heap base and to place the Java Heap above 4GB virtual address.
# This output file may be truncated or incomplete.
#
#  Out of Memory Error (arena.cpp:168), pid=10504, tid=18936
#
# JRE version: OpenJDK Runtime Environment Temurin-21.0.12.1+1 (21.0.12.1+1) (build 21.0.12.1+1-LTS)
# Java VM: OpenJDK 64-Bit Server VM Temurin-21.0.12.1+1 (21.0.12.1+1-LTS, mixed mode, sharing, tiered, compressed oops, compressed class ptrs, parallel gc, windows-amd64)
# No core dump will be written. Minidumps are not enabled by default on client versions of Windows
#

---------------  S U M M A R Y ------------

Command Line: --add-modules=ALL-SYSTEM --add-opens=java.base/java.util=ALL-UNNAMED --add-opens=java.base/java.lang=ALL-UNNAMED --add-opens=java.base/sun.nio.fs=ALL-UNNAMED -Declipse.application=org.eclipse.jdt.ls.core.id1 -Dosgi.bundles.defaultStartLevel=4 -Declipse.product=org.eclipse.jdt.ls.core.product -Djava.import.generatesMetadataFilesAtProjectRoot=false -Dm2e.project.cache.size=50 -DDetectVMInstallationsJob.disabled=true -Dfile.encoding=utf8 -XX:+UseParallelGC -XX:GCTimeRatio=4 -XX:AdaptiveSizePolicyWeight=90 -Dsun.zip.disableMemoryMapping=true -Xmx2G -Xms100m -Xlog:disable -javaagent:c:\Users\gmgd0\.vscode\extensions\redhat.java-1.56.0-win32-x64\lombok\lombok-1.18.39-4050.jar c:\Users\gmgd0\.vscode\extensions\redhat.java-1.56.0-win32-x64\server\plugins\org.eclipse.equinox.launcher_1.8.0.v20260804-1928.jar -configuration c:\Users\gmgd0\AppData\Roaming\Code\User\globalStorage\redhat.java\1.56.0\config_ss_win -data c:\Users\gmgd0\AppData\Roaming\Code\User\workspaceStorage\1871e0834c76e2fa297767c3fa221f87\redhat.java\ss_ws --pipe=\\.\pipe\lsp-1ac27c3b040448fd75d3b0927ecfa3fa-sock

Host: 11th Gen Intel(R) Core(TM) i7-1165G7 @ 2.80GHz, 8 cores, 15G,  Windows 11 , 64 bit Build 26100 (10.0.26100.9168)
Time: Mon Sep  7 16:42:46 2026 elapsed time: 198.532980 seconds (0d 0h 3m 18s)

---------------  T H R E A D  ---------------

Current thread (0x0000014862624040):  JavaThread "C2 CompilerThread0" daemon [_thread_in_native, id=18936, stack(0x0000002a7fc00000,0x0000002a7fd00000) (1024K)]


Current CompileTask:
C2:198533 9414       4       org.eclipse.jdt.internal.compiler.parser.Parser::consumeRule (7843 bytes)

Stack: [0x0000002a7fc00000,0x0000002a7fd00000]
Native frames: (J=compiled Java code, j=interpreted, Vv=VM code, C=native code)
V  [jvm.dll+0x6d83e9]
V  [jvm.dll+0x8b5736]
V  [jvm.dll+0x8b7cee]
V  [jvm.dll+0x8b83d3]
V  [jvm.dll+0x284596]
V  [jvm.dll+0xc685d]
V  [jvm.dll+0xc6da1]
V  [jvm.dll+0x3bf151]
V  [jvm.dll+0x38b6d2]
V  [jvm.dll+0x38ab1a]
V  [jvm.dll+0x24c700]
V  [jvm.dll+0x24bce0]
V  [jvm.dll+0x1cb4ae]
V  [jvm.dll+0x25baad]
V  [jvm.dll+0x25a03a]
V  [jvm.dll+0x3f8aae]
V  [jvm.dll+0x8600cd]
V  [jvm.dll+0x6d6c1d]
C  [ucrtbase.dll+0x2cd30]
C  [KERNEL32.DLL+0x2ccb7]
C  [ntdll.dll+0xaad6c]


---------------  P R O C E S S  ---------------

Threads class SMR info:
_java_thread_list=0x000001484a9a4ce0, length=59, elements={
0x000001486269f190, 0x0000014862610290, 0x0000014862611150, 0x000001486261d880,
0x000001486261df10, 0x000001486261d1f0, 0x000001486261b120, 0x0000014862624040,
0x000001486264e6c0, 0x000001486261b7b0, 0x000001486261e5a0, 0x000001486261be40,
0x000001486261c4d0, 0x000001486261cb60, 0x000001487f7d97f0, 0x000001487f7daba0,
0x000001487f7d9160, 0x000001487f7dd300, 0x000001487f7db230, 0x000001487f7dc5e0,
0x000001487f7dd990, 0x000001487f7db8c0, 0x000001487f7da510, 0x000001487f7de020,
0x000001487f7dcc70, 0x000001487f7de6b0, 0x000001487f7dbf50, 0x000001487f7dfa60,
0x000001487f7ded40, 0x000001487f7df3d0, 0x000001487f7e00f0, 0x00000148416f7e70,
0x00000148416f98b0, 0x00000148416f8500, 0x00000148416f8b90, 0x00000148416f9220,
0x00000148416f77e0, 0x00000148416f6ac0, 0x00000148416fa5d0, 0x00000148416f7150,
0x00000148416fda50, 0x00000148416fb2f0, 0x00000148416fc010, 0x00000148416fc6a0,
0x00000148416fd3c0, 0x00000148416f9f40, 0x000001487f7d9e80, 0x000001487f2a4c30,
0x000001487f2a17b0, 0x000001487f2a1e40, 0x000001487f2a24d0, 0x000001487f2a2b60,
0x000001487f2a5fe0, 0x000001487f2a3f10, 0x000001487f2a6670, 0x000001484182c6f0,
0x000001487f2a31f0, 0x000001487f2a6d00, 0x000001487f2a3880
}

Java Threads: ( => current thread )
  0x000001486269f190 JavaThread "main"                              [_thread_blocked, id=14324, stack(0x0000002a7f200000,0x0000002a7f300000) (1024K)]
  0x0000014862610290 JavaThread "Reference Handler"          daemon [_thread_blocked, id=12708, stack(0x0000002a7f600000,0x0000002a7f700000) (1024K)]
  0x0000014862611150 JavaThread "Finalizer"                  daemon [_thread_blocked, id=6928, stack(0x0000002a7f700000,0x0000002a7f800000) (1024K)]
  0x000001486261d880 JavaThread "Signal Dispatcher"          daemon [_thread_blocked, id=1872, stack(0x0000002a7f800000,0x0000002a7f900000) (1024K)]
  0x000001486261df10 JavaThread "Attach Listener"            daemon [_thread_blocked, id=9704, stack(0x0000002a7f900000,0x0000002a7fa00000) (1024K)]
  0x000001486261d1f0 JavaThread "Service Thread"             daemon [_thread_blocked, id=5012, stack(0x0000002a7fa00000,0x0000002a7fb00000) (1024K)]
  0x000001486261b120 JavaThread "Monitor Deflation Thread"   daemon [_thread_blocked, id=22984, stack(0x0000002a7fb00000,0x0000002a7fc00000) (1024K)]
=>0x0000014862624040 JavaThread "C2 CompilerThread0"         daemon [_thread_in_native, id=18936, stack(0x0000002a7fc00000,0x0000002a7fd00000) (1024K)]
  0x000001486264e6c0 JavaThread "C1 CompilerThread0"         daemon [_thread_blocked, id=19792, stack(0x0000002a7fd00000,0x0000002a7fe00000) (1024K)]
  0x000001486261b7b0 JavaThread "Common-Cleaner"             daemon [_thread_blocked, id=12868, stack(0x0000002a7ff00000,0x0000002a80000000) (1024K)]
  0x000001486261e5a0 JavaThread "Notification Thread"        daemon [_thread_blocked, id=5372, stack(0x0000002a00000000,0x0000002a00100000) (1024K)]
  0x000001486261be40 JavaThread "Active Thread: Equinox Container: 1cadc3f9-6949-4260-8ff2-77443828bf2c"        [_thread_blocked, id=16148, stack(0x0000002a00900000,0x0000002a00a00000) (1024K)]
  0x000001486261c4d0 JavaThread "Framework Event Dispatcher: Equinox Container: 1cadc3f9-6949-4260-8ff2-77443828bf2c" daemon [_thread_blocked, id=7328, stack(0x0000002a00100000,0x0000002a00200000) (1024K)]
  0x000001486261cb60 JavaThread "Start Level: Equinox Container: 1cadc3f9-6949-4260-8ff2-77443828bf2c" daemon [_thread_blocked, id=8916, stack(0x0000002a00800000,0x0000002a00900000) (1024K)]
  0x000001487f7d97f0 JavaThread "SCR Component Actor"        daemon [_thread_blocked, id=7896, stack(0x0000002a00b00000,0x0000002a00c00000) (1024K)]
  0x000001487f7daba0 JavaThread "Worker-JM"                         [_thread_blocked, id=19884, stack(0x0000002a00c00000,0x0000002a00d00000) (1024K)]
  0x000001487f7d9160 JavaThread "JNA Cleaner"                daemon [_thread_blocked, id=19996, stack(0x0000002a00d00000,0x0000002a00e00000) (1024K)]
  0x000001487f7dd300 JavaThread "Worker-0: Publish Diagnostics"        [_thread_blocked, id=8420, stack(0x0000002a00e00000,0x0000002a00f00000) (1024K)]
  0x000001487f7db230 JavaThread "Thread-1"                   daemon [_thread_in_native, id=16240, stack(0x0000002a01300000,0x0000002a01400000) (1024K)]
  0x000001487f7dc5e0 JavaThread "Thread-2"                   daemon [_thread_in_native, id=3948, stack(0x0000002a01400000,0x0000002a01500000) (1024K)]
  0x000001487f7dd990 JavaThread "Thread-3"                   daemon [_thread_in_native, id=3988, stack(0x0000002a01500000,0x0000002a01600000) (1024K)]
  0x000001487f7db8c0 JavaThread "Thread-4"                   daemon [_thread_in_native, id=14700, stack(0x0000002a01600000,0x0000002a01700000) (1024K)]
  0x000001487f7da510 JavaThread "Thread-5"                   daemon [_thread_in_native, id=11624, stack(0x0000002a01700000,0x0000002a01800000) (1024K)]
  0x000001487f7de020 JavaThread "Thread-6"                   daemon [_thread_in_native, id=348, stack(0x0000002a01800000,0x0000002a01900000) (1024K)]
  0x000001487f7dcc70 JavaThread "Thread-7"                   daemon [_thread_in_native, id=16960, stack(0x0000002a01900000,0x0000002a01a00000) (1024K)]
  0x000001487f7de6b0 JavaThread "Thread-8"                   daemon [_thread_in_native, id=6016, stack(0x0000002a01a00000,0x0000002a01b00000) (1024K)]
  0x000001487f7dbf50 JavaThread "Thread-9"                   daemon [_thread_in_native, id=16444, stack(0x0000002a01b00000,0x0000002a01c00000) (1024K)]
  0x000001487f7dfa60 JavaThread "pool-2-thread-1"                   [_thread_blocked, id=20296, stack(0x0000002a01c00000,0x0000002a01d00000) (1024K)]
  0x000001487f7ded40 JavaThread "Worker-2: Building"                [_thread_blocked, id=22948, stack(0x0000002a01000000,0x0000002a01100000) (1024K)]
  0x000001487f7df3d0 JavaThread "WorkspaceEventsHandler"            [_thread_blocked, id=15460, stack(0x0000002a01d00000,0x0000002a01e00000) (1024K)]
  0x000001487f7e00f0 JavaThread "pool-1-thread-1"                   [_thread_in_Java, id=6492, stack(0x0000002a01e00000,0x0000002a01f00000) (1024K)]
  0x00000148416f7e70 JavaThread "ForkJoinPool.commonPool-worker-1" daemon [_thread_blocked, id=22976, stack(0x0000002a01f00000,0x0000002a02000000) (1024K)]
  0x00000148416f98b0 JavaThread "ForkJoinPool.commonPool-worker-2" daemon [_thread_blocked, id=9500, stack(0x0000002a02200000,0x0000002a02300000) (1024K)]
  0x00000148416f8500 JavaThread "ForkJoinPool.commonPool-worker-3" daemon [_thread_blocked, id=11968, stack(0x0000002a02300000,0x0000002a02400000) (1024K)]
  0x00000148416f8b90 JavaThread "ForkJoinPool.commonPool-worker-4" daemon [_thread_blocked, id=12388, stack(0x0000002a02400000,0x0000002a02500000) (1024K)]
  0x00000148416f9220 JavaThread "Compiler Source File Reader" daemon [_thread_blocked, id=3032, stack(0x0000002a02100000,0x0000002a02200000) (1024K)]
  0x00000148416f77e0 JavaThread "Compiler Source File Reader" daemon [_thread_blocked, id=19688, stack(0x0000002a02000000,0x0000002a02100000) (1024K)]
  0x00000148416f6ac0 JavaThread "Compiler Source File Reader" daemon [_thread_blocked, id=16076, stack(0x0000002a02500000,0x0000002a02600000) (1024K)]
  0x00000148416fa5d0 JavaThread "Compiler Source File Reader" daemon [_thread_blocked, id=18652, stack(0x0000002a02700000,0x0000002a02800000) (1024K)]
  0x00000148416f7150 JavaThread "Compiler Source File Reader" daemon [_thread_blocked, id=17780, stack(0x0000002a02800000,0x0000002a02900000) (1024K)]
  0x00000148416fda50 JavaThread "Compiler Source File Reader" daemon [_thread_blocked, id=4476, stack(0x0000002a02900000,0x0000002a02a00000) (1024K)]
  0x00000148416fb2f0 JavaThread "Compiler Processing Task"   daemon [_thread_in_Java, id=33528, stack(0x0000002a00f00000,0x0000002a01000000) (1024K)]
  0x00000148416fc010 JavaThread "Worker-3"                          [_thread_blocked, id=33580, stack(0x0000002a01200000,0x0000002a01300000) (1024K)]
  0x00000148416fc6a0 JavaThread "Worker-4"                          [_thread_blocked, id=33676, stack(0x0000002a02600000,0x0000002a02700000) (1024K)]
  0x00000148416fd3c0 JavaThread "LocalFile Deleter"          daemon [_thread_blocked, id=37224, stack(0x0000002a02a00000,0x0000002a02b00000) (1024K)]
  0x00000148416f9f40 JavaThread "LocalFile Deleter"          daemon [_thread_blocked, id=37240, stack(0x0000002a02b00000,0x0000002a02c00000) (1024K)]
  0x000001487f7d9e80 JavaThread "LocalFile Deleter"          daemon [_thread_blocked, id=37480, stack(0x0000002a02c00000,0x0000002a02d00000) (1024K)]
  0x000001487f2a4c30 JavaThread "LocalFile Deleter"          daemon [_thread_blocked, id=37560, stack(0x0000002a02d00000,0x0000002a02e00000) (1024K)]
  0x000001487f2a17b0 JavaThread "LocalFile Deleter"          daemon [_thread_blocked, id=37552, stack(0x0000002a02e00000,0x0000002a02f00000) (1024K)]
  0x000001487f2a1e40 JavaThread "LocalFile Deleter"          daemon [_thread_blocked, id=37504, stack(0x0000002a02f00000,0x0000002a03000000) (1024K)]
  0x000001487f2a24d0 JavaThread "LocalFile Deleter"          daemon [_thread_blocked, id=37500, stack(0x0000002a03000000,0x0000002a03100000) (1024K)]
  0x000001487f2a2b60 JavaThread "LocalFile Deleter"          daemon [_thread_blocked, id=37344, stack(0x0000002a03100000,0x0000002a03200000) (1024K)]
  0x000001487f2a5fe0 JavaThread "Compiler Class File Writer" daemon [_thread_blocked, id=38824, stack(0x0000002a03200000,0x0000002a03300000) (1024K)]
  0x000001487f2a3f10 JavaThread "Compiler Class File Writer" daemon [_thread_blocked, id=38868, stack(0x0000002a03300000,0x0000002a03400000) (1024K)]
  0x000001487f2a6670 JavaThread "Compiler Class File Writer" daemon [_thread_blocked, id=38872, stack(0x0000002a03400000,0x0000002a03500000) (1024K)]
  0x000001484182c6f0 JavaThread "C2 CompilerThread1"         daemon [_thread_in_native, id=38448, stack(0x0000002a03500000,0x0000002a03600000) (1024K)]
  0x000001487f2a31f0 JavaThread "Compiler Class File Writer" daemon [_thread_blocked, id=38424, stack(0x0000002a03600000,0x0000002a03700000) (1024K)]
  0x000001487f2a6d00 JavaThread "Compiler Class File Writer" daemon [_thread_blocked, id=38412, stack(0x0000002a03700000,0x0000002a03800000) (1024K)]
  0x000001487f2a3880 JavaThread "Compiler Class File Writer" daemon [_thread_in_native, id=38332, stack(0x0000002a03800000,0x0000002a03900000) (1024K)]
Total: 59

Other Threads:
  0x00000148625f64b0 VMThread "VM Thread"                           [id=15120, stack(0x0000002a7f500000,0x0000002a7f600000) (1024K)]
  0x000001486270c840 WatcherThread "VM Periodic Task Thread"        [id=15312, stack(0x0000002a7f400000,0x0000002a7f500000) (1024K)]
  0x00000148626bd420 WorkerThread "GC Thread#0"                     [id=6368, stack(0x0000002a7f300000,0x0000002a7f400000) (1024K)]
  0x000001487f178ed0 WorkerThread "GC Thread#1"                     [id=21360, stack(0x0000002a00200000,0x0000002a00300000) (1024K)]
  0x000001487f174ab0 WorkerThread "GC Thread#2"                     [id=10192, stack(0x0000002a00300000,0x0000002a00400000) (1024K)]
  0x000001487f179280 WorkerThread "GC Thread#3"                     [id=8280, stack(0x0000002a00400000,0x0000002a00500000) (1024K)]
  0x000001487f179630 WorkerThread "GC Thread#4"                     [id=5980, stack(0x0000002a00500000,0x0000002a00600000) (1024K)]
  0x000001487f1799e0 WorkerThread "GC Thread#5"                     [id=9272, stack(0x0000002a00600000,0x0000002a00700000) (1024K)]
  0x000001487f179d90 WorkerThread "GC Thread#6"                     [id=11560, stack(0x0000002a00700000,0x0000002a00800000) (1024K)]
  0x000001487aaf9b90 WorkerThread "GC Thread#7"                     [id=10004, stack(0x0000002a00a00000,0x0000002a00b00000) (1024K)]
Total: 10

Threads with active compile tasks:
C2 CompilerThread0  198568 9414       4       org.eclipse.jdt.internal.compiler.parser.Parser::consumeRule (7843 bytes)
C2 CompilerThread1  198568 9434       4       org.eclipse.jdt.internal.compiler.lookup.LookupEnvironment::getCachedType0 (112 bytes)
Total: 2

VM state: not at safepoint (normal execution)

VM Mutex/Monitor currently owned by a thread: None

Heap address: 0x0000000080000000, size: 2048 MB, Compressed Oops mode: 32-bit

CDS archive(s) mapped at: [0x0000014800000000-0x0000014800ba0000-0x0000014800ba0000), size 12189696, SharedBaseAddress: 0x0000014800000000, ArchiveRelocationMode: 1.
Compressed class space mapped at: 0x0000014801000000-0x0000014841000000, reserved size: 1073741824
Narrow klass base: 0x0000014800000000, Narrow klass shift: 0, Narrow klass range: 0x100000000

GC Precious Log:
 CardTable entry size: 512
 CPUs: 8 total, 8 available
 Memory: 16075M
 Large Page Support: Disabled
 NUMA Support: Disabled
 Compressed Oops: Enabled (32-bit)
 Alignments: Space 512K, Generation 512K, Heap 2M
 Heap Min Capacity: 100M
 Heap Initial Capacity: 100M
 Heap Max Capacity: 2G
 Pre-touch: Disabled
 Parallel Workers: 8

Heap:
 PSYoungGen      total 18432K, used 11875K [0x00000000d5580000, 0x00000000d6980000, 0x0000000100000000)
  eden space 16384K, 60% used [0x00000000d5580000,0x00000000d5f2bc88,0x00000000d6580000)
  from space 2048K, 96% used [0x00000000d6780000,0x00000000d696cfe8,0x00000000d6980000)
  to   space 2048K, 0% used [0x00000000d6580000,0x00000000d6580000,0x00000000d6780000)
 ParOldGen       total 68608K, used 49652K [0x0000000080000000, 0x0000000084300000, 0x00000000d5580000)
  object space 68608K, 72% used [0x0000000080000000,0x000000008307d000,0x0000000084300000)
 Metaspace       used 49643K, committed 50816K, reserved 1114112K
  class space    used 4896K, committed 5440K, reserved 1048576K

Card table byte_map: [0x0000014862040000,0x0000014862450000] _byte_map_base: 0x0000014861c40000

Marking Bits: (ParMarkBitMap*) 0x00007ffce96b44a0
 Begin Bits: [0x0000014874b50000, 0x0000014876b50000)
 End Bits:   [0x0000014876b50000, 0x0000014878b50000)

Polling page: 0x0000014860560000

Metaspace:

Usage:
  Non-class:     43.70 MB used.
      Class:      4.78 MB used.
       Both:     48.48 MB used.

Virtual space:
  Non-class space:       64.00 MB reserved,      44.31 MB ( 69%) committed,  1 nodes.
      Class space:        1.00 GB reserved,       5.31 MB ( <1%) committed,  1 nodes.
             Both:        1.06 GB reserved,      49.62 MB (  5%) committed. 

Chunk freelists:
   Non-Class:  3.25 MB
       Class:  10.70 MB
        Both:  13.95 MB

MaxMetaspaceSize: unlimited
CompressedClassSpaceSize: 1.00 GB
Initial GC threshold: 21.00 MB
Current GC threshold: 58.38 MB
CDS: on
 - commit_granule_bytes: 65536.
 - commit_granule_words: 8192.
 - virtual_space_node_default_size: 8388608.
 - enlarge_chunks_in_place: 1.
 - use_allocation_guard: 0.


Internal statistics:

num_allocs_failed_limit: 6.
num_arena_births: 1088.
num_arena_deaths: 38.
num_vsnodes_births: 2.
num_vsnodes_deaths: 0.
num_space_committed: 794.
num_space_uncommitted: 0.
num_chunks_returned_to_freelist: 47.
num_chunks_taken_from_freelist: 3352.
num_chunk_merges: 11.
num_chunk_splits: 2065.
num_chunks_enlarged: 1217.
num_inconsistent_stats: 0.

CodeHeap 'non-profiled nmethods': size=120000Kb used=6928Kb max_used=6928Kb free=113071Kb
 bounds [0x000001486d370000, 0x000001486da40000, 0x00000148748a0000]
CodeHeap 'profiled nmethods': size=120000Kb used=22576Kb max_used=22576Kb free=97423Kb
 bounds [0x00000148658a0000, 0x0000014866eb0000, 0x000001486cdd0000]
CodeHeap 'non-nmethods': size=5760Kb used=1449Kb max_used=1498Kb free=4311Kb
 bounds [0x000001486cdd0000, 0x000001486d040000, 0x000001486d370000]
CodeCache: size=245760Kb, used=30953Kb, max_used=31002Kb, free=214805Kb
 total_blobs=9814, nmethods=9067, adapters=652, full_count=0
Compilation: enabled, stopped_count=0, restarted_count=0

Compilation events (20 events):
Event: 197.402 Thread 0x000001486264e6c0 nmethod 9439 0x0000014866e4cd90 code [0x0000014866e4cf40, 0x0000014866e4d138]
Event: 197.402 Thread 0x000001486264e6c0 9440       3       org.eclipse.jdt.internal.compiler.parser.RecoveryScanner::lambda$1 (5 bytes)
Event: 197.402 Thread 0x000001486264e6c0 nmethod 9440 0x0000014866e4d210 code [0x0000014866e4d3a0, 0x0000014866e4d520]
Event: 197.430 Thread 0x000001486264e6c0 9445       3       org.eclipse.jdt.internal.compiler.lookup.ReferenceBinding$2::compare (13 bytes)
Event: 197.430 Thread 0x000001486264e6c0 nmethod 9445 0x0000014866e4d610 code [0x0000014866e4d7e0, 0x0000014866e4db18]
Event: 197.430 Thread 0x000001486264e6c0 9446       3       org.eclipse.jdt.internal.compiler.lookup.ReferenceBinding$2::compare (23 bytes)
Event: 197.430 Thread 0x000001486264e6c0 nmethod 9446 0x0000014866e4dc10 code [0x0000014866e4ddc0, 0x0000014866e4df18]
Event: 197.430 Thread 0x000001486264e6c0 9447   !   3       org.eclipse.jdt.internal.compiler.lookup.FieldBinding::getAnnotationTagBits (172 bytes)
Event: 197.431 Thread 0x000001486264e6c0 nmethod 9447 0x0000014866e4e090 code [0x0000014866e4e2c0, 0x0000014866e4ee20]
Event: 197.431 Thread 0x000001486264e6c0 9449       3       org.eclipse.jdt.internal.compiler.lookup.FieldBinding::sourceField (70 bytes)
Event: 197.431 Thread 0x000001486264e6c0 nmethod 9449 0x0000014866e4f190 code [0x0000014866e4f380, 0x0000014866e4f870]
Event: 197.431 Thread 0x000001486264e6c0 9448       3       org.eclipse.jdt.internal.compiler.lookup.BinaryTypeBinding::convertMemberValue (230 bytes)
Event: 198.299 Thread 0x000001486264e6c0 nmethod 9448 0x0000014866e4fa10 code [0x0000014866e4fd60, 0x0000014866e51700]
Event: 198.305 Thread 0x000001486264e6c0 9452       2       lombok.eclipse.handlers.EclipseHandlerUtil::findGetter (511 bytes)
Event: 198.311 Thread 0x000001486264e6c0 nmethod 9452 0x0000014866e51c10 code [0x0000014866e520e0, 0x0000014866e53a70]
Event: 198.311 Thread 0x000001486264e6c0 9451       3       lombok.eclipse.handlers.HandleSetter::createSetterForField (296 bytes)
Event: 198.315 Thread 0x000001486264e6c0 nmethod 9451 0x0000014866e54b90 code [0x0000014866e551a0, 0x0000014866e58c08]
Event: 198.315 Thread 0x000001486264e6c0 9460       2       java.util.TimSort::binarySort (223 bytes)
Event: 198.316 Thread 0x000001486264e6c0 nmethod 9460 0x0000014866e59e90 code [0x0000014866e5a080, 0x0000014866e5a668]
Event: 198.316 Thread 0x000001486264e6c0 9457       3       org.eclipse.jdt.internal.compiler.lookup.TypeBinding::getErasureCompatibleType (331 bytes)

GC Heap History (20 events):
Event: 108.958 GC heap before
{Heap before GC invocations=28 (full 2):
 PSYoungGen      total 20992K, used 20885K [0x00000000d5580000, 0x00000000d6d00000, 0x0000000100000000)
  eden space 18944K, 100% used [0x00000000d5580000,0x00000000d6800000,0x00000000d6800000)
  from space 2048K, 94% used [0x00000000d6800000,0x00000000d69e5498,0x00000000d6a00000)
  to   space 2560K, 0% used [0x00000000d6a80000,0x00000000d6a80000,0x00000000d6d00000)
 ParOldGen       total 68608K, used 34878K [0x0000000080000000, 0x0000000084300000, 0x00000000d5580000)
  object space 68608K, 50% used [0x0000000080000000,0x000000008220fa70,0x0000000084300000)
 Metaspace       used 45290K, committed 46400K, reserved 1114112K
  class space    used 4480K, committed 4992K, reserved 1048576K
}
Event: 108.960 GC heap after
{Heap after GC invocations=28 (full 2):
 PSYoungGen      total 20480K, used 1248K [0x00000000d5580000, 0x00000000d6c00000, 0x0000000100000000)
  eden space 18944K, 0% used [0x00000000d5580000,0x00000000d5580000,0x00000000d6800000)
  from space 1536K, 81% used [0x00000000d6a80000,0x00000000d6bb8020,0x00000000d6c00000)
  to   space 1536K, 0% used [0x00000000d6900000,0x00000000d6900000,0x00000000d6a80000)
 ParOldGen       total 68608K, used 36494K [0x0000000080000000, 0x0000000084300000, 0x00000000d5580000)
  object space 68608K, 53% used [0x0000000080000000,0x00000000823a3bd8,0x0000000084300000)
 Metaspace       used 45290K, committed 46400K, reserved 1114112K
  class space    used 4480K, committed 4992K, reserved 1048576K
}
Event: 139.662 GC heap before
{Heap before GC invocations=29 (full 2):
 PSYoungGen      total 20480K, used 20192K [0x00000000d5580000, 0x00000000d6c00000, 0x0000000100000000)
  eden space 18944K, 100% used [0x00000000d5580000,0x00000000d6800000,0x00000000d6800000)
  from space 1536K, 81% used [0x00000000d6a80000,0x00000000d6bb8020,0x00000000d6c00000)
  to   space 1536K, 0% used [0x00000000d6900000,0x00000000d6900000,0x00000000d6a80000)
 ParOldGen       total 68608K, used 36494K [0x0000000080000000, 0x0000000084300000, 0x00000000d5580000)
  object space 68608K, 53% used [0x0000000080000000,0x00000000823a3bd8,0x0000000084300000)
 Metaspace       used 46189K, committed 47360K, reserved 1114112K
  class space    used 4582K, committed 5120K, reserved 1048576K
}
Event: 139.676 GC heap after
{Heap after GC invocations=29 (full 2):
 PSYoungGen      total 20480K, used 1240K [0x00000000d5580000, 0x00000000d6b00000, 0x0000000100000000)
  eden space 18944K, 0% used [0x00000000d5580000,0x00000000d5580000,0x00000000d6800000)
  from space 1536K, 80% used [0x00000000d6900000,0x00000000d6a36398,0x00000000d6a80000)
  to   space 512K, 0% used [0x00000000d6a80000,0x00000000d6a80000,0x00000000d6b00000)
 ParOldGen       total 68608K, used 37185K [0x0000000080000000, 0x0000000084300000, 0x00000000d5580000)
  object space 68608K, 54% used [0x0000000080000000,0x00000000824504b0,0x0000000084300000)
 Metaspace       used 46189K, committed 47360K, reserved 1114112K
  class space    used 4582K, committed 5120K, reserved 1048576K
}
Event: 150.514 GC heap before
{Heap before GC invocations=30 (full 2):
 PSYoungGen      total 20480K, used 20184K [0x00000000d5580000, 0x00000000d6b00000, 0x0000000100000000)
  eden space 18944K, 100% used [0x00000000d5580000,0x00000000d6800000,0x00000000d6800000)
  from space 1536K, 80% used [0x00000000d6900000,0x00000000d6a36398,0x00000000d6a80000)
  to   space 512K, 0% used [0x00000000d6a80000,0x00000000d6a80000,0x00000000d6b00000)
 ParOldGen       total 68608K, used 37185K [0x0000000080000000, 0x0000000084300000, 0x00000000d5580000)
  object space 68608K, 54% used [0x0000000080000000,0x00000000824504b0,0x0000000084300000)
 Metaspace       used 47785K, committed 49024K, reserved 1114112K
  class space    used 4791K, committed 5376K, reserved 1048576K
}
Event: 150.521 GC heap after
{Heap after GC invocations=30 (full 2):
 PSYoungGen      total 19456K, used 480K [0x00000000d5580000, 0x00000000d6c00000, 0x0000000100000000)
  eden space 18944K, 0% used [0x00000000d5580000,0x00000000d5580000,0x00000000d6800000)
  from space 512K, 93% used [0x00000000d6a80000,0x00000000d6af8040,0x00000000d6b00000)
  to   space 2048K, 0% used [0x00000000d6800000,0x00000000d6800000,0x00000000d6a00000)
 ParOldGen       total 68608K, used 38518K [0x0000000080000000, 0x0000000084300000, 0x00000000d5580000)
  object space 68608K, 56% used [0x0000000080000000,0x000000008259dae0,0x0000000084300000)
 Metaspace       used 47785K, committed 49024K, reserved 1114112K
  class space    used 4791K, committed 5376K, reserved 1048576K
}
Event: 155.942 GC heap before
{Heap before GC invocations=31 (full 2):
 PSYoungGen      total 19456K, used 19424K [0x00000000d5580000, 0x00000000d6c00000, 0x0000000100000000)
  eden space 18944K, 100% used [0x00000000d5580000,0x00000000d6800000,0x00000000d6800000)
  from space 512K, 93% used [0x00000000d6a80000,0x00000000d6af8040,0x00000000d6b00000)
  to   space 2048K, 0% used [0x00000000d6800000,0x00000000d6800000,0x00000000d6a00000)
 ParOldGen       total 68608K, used 38518K [0x0000000080000000, 0x0000000084300000, 0x00000000d5580000)
  object space 68608K, 56% used [0x0000000080000000,0x000000008259dae0,0x0000000084300000)
 Metaspace       used 47974K, committed 49216K, reserved 1114112K
  class space    used 4801K, committed 5376K, reserved 1048576K
}
Event: 155.949 GC heap after
{Heap after GC invocations=31 (full 2):
 PSYoungGen      total 20992K, used 2040K [0x00000000d5580000, 0x00000000d6e00000, 0x0000000100000000)
  eden space 18944K, 0% used [0x00000000d5580000,0x00000000d5580000,0x00000000d6800000)
  from space 2048K, 99% used [0x00000000d6800000,0x00000000d69fe010,0x00000000d6a00000)
  to   space 3072K, 0% used [0x00000000d6b00000,0x00000000d6b00000,0x00000000d6e00000)
 ParOldGen       total 68608K, used 39311K [0x0000000080000000, 0x0000000084300000, 0x00000000d5580000)
  object space 68608K, 57% used [0x0000000080000000,0x0000000082663ea0,0x0000000084300000)
 Metaspace       used 47974K, committed 49216K, reserved 1114112K
  class space    used 4801K, committed 5376K, reserved 1048576K
}
Event: 183.434 GC heap before
{Heap before GC invocations=32 (full 2):
 PSYoungGen      total 20992K, used 20984K [0x00000000d5580000, 0x00000000d6e00000, 0x0000000100000000)
  eden space 18944K, 100% used [0x00000000d5580000,0x00000000d6800000,0x00000000d6800000)
  from space 2048K, 99% used [0x00000000d6800000,0x00000000d69fe010,0x00000000d6a00000)
  to   space 3072K, 0% used [0x00000000d6b00000,0x00000000d6b00000,0x00000000d6e00000)
 ParOldGen       total 68608K, used 39311K [0x0000000080000000, 0x0000000084300000, 0x00000000d5580000)
  object space 68608K, 57% used [0x0000000080000000,0x0000000082663ea0,0x0000000084300000)
 Metaspace       used 48115K, committed 49280K, reserved 1114112K
  class space    used 4804K, committed 5376K, reserved 1048576K
}
Event: 183.453 GC heap after
{Heap after GC invocations=32 (full 2):
 PSYoungGen      total 19968K, used 672K [0x00000000d5580000, 0x00000000d6c00000, 0x0000000100000000)
  eden space 18944K, 0% used [0x00000000d5580000,0x00000000d5580000,0x00000000d6800000)
  from space 1024K, 65% used [0x00000000d6b00000,0x00000000d6ba8020,0x00000000d6c00000)
  to   space 1536K, 0% used [0x00000000d6900000,0x00000000d6900000,0x00000000d6a80000)
 ParOldGen       total 68608K, used 41336K [0x0000000080000000, 0x0000000084300000, 0x00000000d5580000)
  object space 68608K, 60% used [0x0000000080000000,0x000000008285e280,0x0000000084300000)
 Metaspace       used 48115K, committed 49280K, reserved 1114112K
  class space    used 4804K, committed 5376K, reserved 1048576K
}
Event: 192.383 GC heap before
{Heap before GC invocations=33 (full 2):
 PSYoungGen      total 19968K, used 19616K [0x00000000d5580000, 0x00000000d6c00000, 0x0000000100000000)
  eden space 18944K, 100% used [0x00000000d5580000,0x00000000d6800000,0x00000000d6800000)
  from space 1024K, 65% used [0x00000000d6b00000,0x00000000d6ba8020,0x00000000d6c00000)
  to   space 1536K, 0% used [0x00000000d6900000,0x00000000d6900000,0x00000000d6a80000)
 ParOldGen       total 68608K, used 41336K [0x0000000080000000, 0x0000000084300000, 0x00000000d5580000)
  object space 68608K, 60% used [0x0000000080000000,0x000000008285e280,0x0000000084300000)
 Metaspace       used 48546K, committed 49664K, reserved 1114112K
  class space    used 4833K, committed 5376K, reserved 1048576K
}
Event: 192.387 GC heap after
{Heap after GC invocations=33 (full 2):
 PSYoungGen      total 19968K, used 960K [0x00000000d5580000, 0x00000000d6b80000, 0x0000000100000000)
  eden space 18944K, 0% used [0x00000000d5580000,0x00000000d5580000,0x00000000d6800000)
  from space 1024K, 93% used [0x00000000d6900000,0x00000000d69f0020,0x00000000d6a00000)
  to   space 1536K, 0% used [0x00000000d6a00000,0x00000000d6a00000,0x00000000d6b80000)
 ParOldGen       total 68608K, used 41567K [0x0000000080000000, 0x0000000084300000, 0x00000000d5580000)
  object space 68608K, 60% used [0x0000000080000000,0x0000000082897ca8,0x0000000084300000)
 Metaspace       used 48546K, committed 49664K, reserved 1114112K
  class space    used 4833K, committed 5376K, reserved 1048576K
}
Event: 193.146 GC heap before
{Heap before GC invocations=34 (full 2):
 PSYoungGen      total 19968K, used 19904K [0x00000000d5580000, 0x00000000d6b80000, 0x0000000100000000)
  eden space 18944K, 100% used [0x00000000d5580000,0x00000000d6800000,0x00000000d6800000)
  from space 1024K, 93% used [0x00000000d6900000,0x00000000d69f0020,0x00000000d6a00000)
  to   space 1536K, 0% used [0x00000000d6a00000,0x00000000d6a00000,0x00000000d6b80000)
 ParOldGen       total 68608K, used 41567K [0x0000000080000000, 0x0000000084300000, 0x00000000d5580000)
  object space 68608K, 60% used [0x0000000080000000,0x0000000082897ca8,0x0000000084300000)
 Metaspace       used 48710K, committed 49920K, reserved 1114112K
  class space    used 4836K, committed 5376K, reserved 1048576K
}
Event: 193.149 GC heap after
{Heap after GC invocations=34 (full 2):
 PSYoungGen      total 17920K, used 1530K [0x00000000d5580000, 0x00000000d7100000, 0x0000000100000000)
  eden space 16384K, 0% used [0x00000000d5580000,0x00000000d5580000,0x00000000d6580000)
  from space 1536K, 99% used [0x00000000d6a00000,0x00000000d6b7e918,0x00000000d6b80000)
  to   space 4608K, 0% used [0x00000000d6580000,0x00000000d6580000,0x00000000d6a00000)
 ParOldGen       total 68608K, used 43875K [0x0000000080000000, 0x0000000084300000, 0x00000000d5580000)
  object space 68608K, 63% used [0x0000000080000000,0x0000000082ad8cf0,0x0000000084300000)
 Metaspace       used 48710K, committed 49920K, reserved 1114112K
  class space    used 4836K, committed 5376K, reserved 1048576K
}
Event: 195.169 GC heap before
{Heap before GC invocations=35 (full 2):
 PSYoungGen      total 17920K, used 17914K [0x00000000d5580000, 0x00000000d7100000, 0x0000000100000000)
  eden space 16384K, 100% used [0x00000000d5580000,0x00000000d6580000,0x00000000d6580000)
  from space 1536K, 99% used [0x00000000d6a00000,0x00000000d6b7e918,0x00000000d6b80000)
  to   space 4608K, 0% used [0x00000000d6580000,0x00000000d6580000,0x00000000d6a00000)
 ParOldGen       total 68608K, used 43875K [0x0000000080000000, 0x0000000084300000, 0x00000000d5580000)
  object space 68608K, 63% used [0x0000000080000000,0x0000000082ad8cf0,0x0000000084300000)
 Metaspace       used 48834K, committed 49984K, reserved 1114112K
  class space    used 4840K, committed 5376K, reserved 1048576K
}
Event: 195.174 GC heap after
{Heap after GC invocations=35 (full 2):
 PSYoungGen      total 18432K, used 1552K [0x00000000d5580000, 0x00000000d6a80000, 0x0000000100000000)
  eden space 16384K, 0% used [0x00000000d5580000,0x00000000d5580000,0x00000000d6580000)
  from space 2048K, 75% used [0x00000000d6580000,0x00000000d6704010,0x00000000d6780000)
  to   space 2560K, 0% used [0x00000000d6800000,0x00000000d6800000,0x00000000d6a80000)
 ParOldGen       total 68608K, used 45097K [0x0000000080000000, 0x0000000084300000, 0x00000000d5580000)
  object space 68608K, 65% used [0x0000000080000000,0x0000000082c0a760,0x0000000084300000)
 Metaspace       used 48834K, committed 49984K, reserved 1114112K
  class space    used 4840K, committed 5376K, reserved 1048576K
}
Event: 195.864 GC heap before
{Heap before GC invocations=36 (full 2):
 PSYoungGen      total 18432K, used 17936K [0x00000000d5580000, 0x00000000d6a80000, 0x0000000100000000)
  eden space 16384K, 100% used [0x00000000d5580000,0x00000000d6580000,0x00000000d6580000)
  from space 2048K, 75% used [0x00000000d6580000,0x00000000d6704010,0x00000000d6780000)
  to   space 2560K, 0% used [0x00000000d6800000,0x00000000d6800000,0x00000000d6a80000)
 ParOldGen       total 68608K, used 45097K [0x0000000080000000, 0x0000000084300000, 0x00000000d5580000)
  object space 68608K, 65% used [0x0000000080000000,0x0000000082c0a760,0x0000000084300000)
 Metaspace       used 48919K, committed 50112K, reserved 1114112K
  class space    used 4840K, committed 5376K, reserved 1048576K
}
Event: 195.867 GC heap after
{Heap after GC invocations=36 (full 2):
 PSYoungGen      total 18432K, used 1664K [0x00000000d5580000, 0x00000000d6a00000, 0x0000000100000000)
  eden space 16384K, 0% used [0x00000000d5580000,0x00000000d5580000,0x00000000d6580000)
  from space 2048K, 81% used [0x00000000d6800000,0x00000000d69a0000,0x00000000d6a00000)
  to   space 2048K, 0% used [0x00000000d6580000,0x00000000d6580000,0x00000000d6780000)
 ParOldGen       total 68608K, used 46534K [0x0000000080000000, 0x0000000084300000, 0x00000000d5580000)
  object space 68608K, 67% used [0x0000000080000000,0x0000000082d71878,0x0000000084300000)
 Metaspace       used 48919K, committed 50112K, reserved 1114112K
  class space    used 4840K, committed 5376K, reserved 1048576K
}
Event: 196.638 GC heap before
{Heap before GC invocations=37 (full 2):
 PSYoungGen      total 18432K, used 18048K [0x00000000d5580000, 0x00000000d6a00000, 0x0000000100000000)
  eden space 16384K, 100% used [0x00000000d5580000,0x00000000d6580000,0x00000000d6580000)
  from space 2048K, 81% used [0x00000000d6800000,0x00000000d69a0000,0x00000000d6a00000)
  to   space 2048K, 0% used [0x00000000d6580000,0x00000000d6580000,0x00000000d6780000)
 ParOldGen       total 68608K, used 46534K [0x0000000080000000, 0x0000000084300000, 0x00000000d5580000)
  object space 68608K, 67% used [0x0000000080000000,0x0000000082d71878,0x0000000084300000)
 Metaspace       used 49104K, committed 50304K, reserved 1114112K
  class space    used 4852K, committed 5440K, reserved 1048576K
}
Event: 196.654 GC heap after
{Heap after GC invocations=37 (full 2):
 PSYoungGen      total 18432K, used 1872K [0x00000000d5580000, 0x00000000d6980000, 0x0000000100000000)
  eden space 16384K, 0% used [0x00000000d5580000,0x00000000d5580000,0x00000000d6580000)
  from space 2048K, 91% used [0x00000000d6580000,0x00000000d6754030,0x00000000d6780000)
  to   space 2048K, 0% used [0x00000000d6780000,0x00000000d6780000,0x00000000d6980000)
 ParOldGen       total 68608K, used 47966K [0x0000000080000000, 0x0000000084300000, 0x00000000d5580000)
  object space 68608K, 69% used [0x0000000080000000,0x0000000082ed7878,0x0000000084300000)
 Metaspace       used 49104K, committed 50304K, reserved 1114112K
  class space    used 4852K, committed 5440K, reserved 1048576K
}

Dll operation events (20 events):
Event: 0.132 Attempting to load shared library c:\Users\gmgd0\.vscode\extensions\redhat.java-1.56.0-win32-x64\jre\21.0.12.1-win32-x86_64\bin\java.dll
Event: 0.132 Loaded shared library c:\Users\gmgd0\.vscode\extensions\redhat.java-1.56.0-win32-x64\jre\21.0.12.1-win32-x86_64\bin\java.dll
Event: 0.214 Attempting to load shared library c:\Users\gmgd0\.vscode\extensions\redhat.java-1.56.0-win32-x64\jre\21.0.12.1-win32-x86_64\bin\zip.dll
Event: 0.215 Loaded shared library c:\Users\gmgd0\.vscode\extensions\redhat.java-1.56.0-win32-x64\jre\21.0.12.1-win32-x86_64\bin\zip.dll
Event: 0.347 Attempting to load shared library C:\Users\gmgd0\.vscode\extensions\redhat.java-1.56.0-win32-x64\jre\21.0.12.1-win32-x86_64\bin\instrument.dll
Event: 0.347 Loaded shared library C:\Users\gmgd0\.vscode\extensions\redhat.java-1.56.0-win32-x64\jre\21.0.12.1-win32-x86_64\bin\instrument.dll
Event: 0.357 Attempting to load shared library C:\Users\gmgd0\.vscode\extensions\redhat.java-1.56.0-win32-x64\jre\21.0.12.1-win32-x86_64\bin\net.dll
Event: 0.358 Loaded shared library C:\Users\gmgd0\.vscode\extensions\redhat.java-1.56.0-win32-x64\jre\21.0.12.1-win32-x86_64\bin\net.dll
Event: 0.360 Attempting to load shared library C:\Users\gmgd0\.vscode\extensions\redhat.java-1.56.0-win32-x64\jre\21.0.12.1-win32-x86_64\bin\nio.dll
Event: 0.360 Loaded shared library C:\Users\gmgd0\.vscode\extensions\redhat.java-1.56.0-win32-x64\jre\21.0.12.1-win32-x86_64\bin\nio.dll
Event: 0.365 Attempting to load shared library C:\Users\gmgd0\.vscode\extensions\redhat.java-1.56.0-win32-x64\jre\21.0.12.1-win32-x86_64\bin\zip.dll
Event: 0.365 Loaded shared library C:\Users\gmgd0\.vscode\extensions\redhat.java-1.56.0-win32-x64\jre\21.0.12.1-win32-x86_64\bin\zip.dll
Event: 0.392 Attempting to load shared library C:\Users\gmgd0\.vscode\extensions\redhat.java-1.56.0-win32-x64\jre\21.0.12.1-win32-x86_64\bin\jimage.dll
Event: 0.392 Loaded shared library C:\Users\gmgd0\.vscode\extensions\redhat.java-1.56.0-win32-x64\jre\21.0.12.1-win32-x86_64\bin\jimage.dll
Event: 0.534 Attempting to load shared library c:\Users\gmgd0\.vscode\extensions\redhat.java-1.56.0-win32-x64\jre\21.0.12.1-win32-x86_64\bin\verify.dll
Event: 0.576 Loaded shared library c:\Users\gmgd0\.vscode\extensions\redhat.java-1.56.0-win32-x64\jre\21.0.12.1-win32-x86_64\bin\verify.dll
Event: 11.564 Attempting to load shared library C:\Users\gmgd0\AppData\Roaming\Code\User\globalStorage\redhat.java\1.56.0\config_ss_win\org.eclipse.equinox.launcher\org.eclipse.equinox.launcher.win32.win32.x86_64_1.3.100.v20260804-1928\eclipse_11924.dll
Event: 11.682 Loaded shared library C:\Users\gmgd0\AppData\Roaming\Code\User\globalStorage\redhat.java\1.56.0\config_ss_win\org.eclipse.equinox.launcher\org.eclipse.equinox.launcher.win32.win32.x86_64_1.3.100.v20260804-1928\eclipse_11924.dll
Event: 13.707 Attempting to load shared library C:\Users\gmgd0\AppData\Local\Temp\jna-98472013\jna18086223846960670038.dll
Event: 13.856 Loaded shared library C:\Users\gmgd0\AppData\Local\Temp\jna-98472013\jna18086223846960670038.dll

Deoptimization events (20 events):
Event: 197.295 Thread 0x000001487f7dd300 DEOPT PACKING pc=0x0000014866cb723f sp=0x0000002a00efe270
Event: 197.295 Thread 0x000001487f7dd300 DEOPT UNPACKING pc=0x000001486ce278e2 sp=0x0000002a00efd720 mode 0
Event: 197.366 Thread 0x000001487f7dd300 DEOPT PACKING pc=0x0000014866cb723f sp=0x0000002a00efe040
Event: 197.366 Thread 0x000001487f7dd300 DEOPT UNPACKING pc=0x000001486ce278e2 sp=0x0000002a00efd4f0 mode 0
Event: 197.366 Thread 0x00000148416fb2f0 Uncommon trap: trap_request=0xffffff45 fr.pc=0x000001486da1c1a4 relative=0x0000000000000964
Event: 197.366 Thread 0x00000148416fb2f0 Uncommon trap: reason=unstable_if action=reinterpret pc=0x000001486da1c1a4 method=org.eclipse.jdt.internal.compiler.classfmt.ClassFileReader.<init>([B[CZ)V @ 964 c2
Event: 197.366 Thread 0x00000148416fb2f0 DEOPT PACKING pc=0x000001486da1c1a4 sp=0x0000002a00ffdcd0
Event: 197.366 Thread 0x00000148416fb2f0 DEOPT UNPACKING pc=0x000001486ce26da2 sp=0x0000002a00ffdc60 mode 2
Event: 197.398 Thread 0x000001487f7dd300 DEOPT PACKING pc=0x0000014866cb723f sp=0x0000002a00efe040
Event: 197.398 Thread 0x000001487f7dd300 DEOPT UNPACKING pc=0x000001486ce278e2 sp=0x0000002a00efd4f0 mode 0
Event: 197.399 Thread 0x000001487f7dd300 DEOPT PACKING pc=0x0000014866cb723f sp=0x0000002a00efe110
Event: 197.400 Thread 0x000001487f7dd300 DEOPT UNPACKING pc=0x000001486ce278e2 sp=0x0000002a00efd5c0 mode 0
Event: 197.402 Thread 0x000001487f7dd300 DEOPT PACKING pc=0x0000014866cb723f sp=0x0000002a00efe110
Event: 197.402 Thread 0x000001487f7dd300 DEOPT UNPACKING pc=0x000001486ce278e2 sp=0x0000002a00efd5c0 mode 0
Event: 197.404 Thread 0x000001487f7dd300 DEOPT PACKING pc=0x0000014866cb723f sp=0x0000002a00efe110
Event: 197.404 Thread 0x000001487f7dd300 DEOPT UNPACKING pc=0x000001486ce278e2 sp=0x0000002a00efd5c0 mode 0
Event: 197.405 Thread 0x000001487f7dd300 DEOPT PACKING pc=0x0000014866cb723f sp=0x0000002a00efe110
Event: 197.405 Thread 0x000001487f7dd300 DEOPT UNPACKING pc=0x000001486ce278e2 sp=0x0000002a00efd5c0 mode 0
Event: 197.411 Thread 0x000001487f7dd300 DEOPT PACKING pc=0x0000014866cb723f sp=0x0000002a00efe110
Event: 197.411 Thread 0x000001487f7dd300 DEOPT UNPACKING pc=0x000001486ce278e2 sp=0x0000002a00efd5c0 mode 0

Classes loaded (20 events):
Event: 148.596 Loading class java/util/stream/Nodes$IntFixedNodeBuilder
Event: 148.604 Loading class java/util/stream/Node$Builder$OfInt
Event: 148.650 Loading class java/util/stream/Node$Builder$OfInt done
Event: 148.650 Loading class java/util/stream/Nodes$IntArrayNode
Event: 148.672 Loading class java/util/stream/Nodes$IntArrayNode done
Event: 148.672 Loading class java/util/stream/Nodes$IntFixedNodeBuilder done
Event: 148.673 Loading class java/util/stream/ReferencePipeline$4$1
Event: 148.673 Loading class java/util/stream/ReferencePipeline$4$1 done
Event: 149.421 Loading class java/lang/Throwable$WrappedPrintWriter
Event: 149.423 Loading class java/lang/Throwable$PrintStreamOrWriter
Event: 149.425 Loading class java/lang/Throwable$PrintStreamOrWriter done
Event: 149.425 Loading class java/lang/Throwable$WrappedPrintWriter done
Event: 149.908 Loading class sun/reflect/misc/ReflectUtil
Event: 149.909 Loading class sun/reflect/misc/ReflectUtil done
Event: 191.493 Loading class java/util/concurrent/ForkJoinTask$AdaptedCallable
Event: 191.494 Loading class java/util/concurrent/ForkJoinTask$AdaptedCallable done
Event: 196.445 Loading class java/util/concurrent/ConcurrentHashMap$KeySpliterator
Event: 196.447 Loading class java/util/concurrent/ConcurrentHashMap$KeySpliterator done
Event: 197.097 Loading class java/util/ArrayDeque$DeqSpliterator
Event: 197.097 Loading class java/util/ArrayDeque$DeqSpliterator done

Classes unloaded (19 events):
Event: 15.125 Thread 0x00000148625f64b0 Unloading class 0x000001480118d000 'java/lang/invoke/LambdaForm$MH+0x000001480118d000'
Event: 15.125 Thread 0x00000148625f64b0 Unloading class 0x000001480118cc00 'java/lang/invoke/LambdaForm$MH+0x000001480118cc00'
Event: 15.125 Thread 0x00000148625f64b0 Unloading class 0x000001480118c800 'java/lang/invoke/LambdaForm$MH+0x000001480118c800'
Event: 15.125 Thread 0x00000148625f64b0 Unloading class 0x000001480118c400 'java/lang/invoke/LambdaForm$MH+0x000001480118c400'
Event: 15.125 Thread 0x00000148625f64b0 Unloading class 0x000001480118c000 'java/lang/invoke/LambdaForm$BMH+0x000001480118c000'
Event: 15.125 Thread 0x00000148625f64b0 Unloading class 0x000001480118bc00 'java/lang/invoke/LambdaForm$DMH+0x000001480118bc00'
Event: 15.125 Thread 0x00000148625f64b0 Unloading class 0x000001480118ac00 'java/lang/invoke/LambdaForm$DMH+0x000001480118ac00'
Event: 22.688 Thread 0x00000148625f64b0 Unloading class 0x00000148013a4c00 'java/lang/invoke/LambdaForm$MH+0x00000148013a4c00'
Event: 22.688 Thread 0x00000148625f64b0 Unloading class 0x00000148013a4800 'java/lang/invoke/LambdaForm$DMH+0x00000148013a4800'
Event: 22.688 Thread 0x00000148625f64b0 Unloading class 0x00000148013a3800 'java/lang/invoke/LambdaForm$MH+0x00000148013a3800'
Event: 22.688 Thread 0x00000148625f64b0 Unloading class 0x00000148013a0000 'java/lang/invoke/LambdaForm$MH+0x00000148013a0000'
Event: 22.688 Thread 0x00000148625f64b0 Unloading class 0x000001480139f800 'java/lang/invoke/LambdaForm$MH+0x000001480139f800'
Event: 22.688 Thread 0x00000148625f64b0 Unloading class 0x000001480139f000 'java/lang/invoke/LambdaForm$MH+0x000001480139f000'
Event: 22.688 Thread 0x00000148625f64b0 Unloading class 0x000001480139e800 'java/lang/invoke/LambdaForm$MH+0x000001480139e800'
Event: 22.688 Thread 0x00000148625f64b0 Unloading class 0x000001480139e000 'java/lang/invoke/LambdaForm$MH+0x000001480139e000'
Event: 22.688 Thread 0x00000148625f64b0 Unloading class 0x000001480139d800 'java/lang/invoke/LambdaForm$MH+0x000001480139d800'
Event: 22.688 Thread 0x00000148625f64b0 Unloading class 0x000001480139d000 'java/lang/invoke/LambdaForm$MH+0x000001480139d000'
Event: 22.688 Thread 0x00000148625f64b0 Unloading class 0x000001480139cc00 'java/lang/invoke/LambdaForm$MH+0x000001480139cc00'
Event: 22.688 Thread 0x00000148625f64b0 Unloading class 0x000001480139c400 'java/lang/invoke/LambdaForm$DMH+0x000001480139c400'

Classes redefined (0 events):
No events

Internal exceptions (20 events):
Event: 194.458 Thread 0x000001487f2a17b0 Exception <a 'sun/nio/fs/WindowsException'{0x00000000d5dca880}> (0x00000000d5dca880) 
thrown [s\src\hotspot\share\prims\jni.cpp, line 520]
Event: 194.458 Thread 0x000001487f2a4c30 Exception <a 'sun/nio/fs/WindowsException'{0x00000000d5dcf6f0}> (0x00000000d5dcf6f0) 
thrown [s\src\hotspot\share\prims\jni.cpp, line 520]
Event: 194.460 Thread 0x000001487f7d9e80 Exception <a 'sun/nio/fs/WindowsException'{0x00000000d5dcc808}> (0x00000000d5dcc808) 
thrown [s\src\hotspot\share\prims\jni.cpp, line 520]
Event: 194.460 Thread 0x000001487f2a17b0 Exception <a 'sun/nio/fs/WindowsException'{0x00000000d5dd2f88}> (0x00000000d5dd2f88) 
thrown [s\src\hotspot\share\prims\jni.cpp, line 520]
Event: 194.461 Thread 0x000001487f2a4c30 Exception <a 'sun/nio/fs/WindowsException'{0x00000000d5dd1e68}> (0x00000000d5dd1e68) 
thrown [s\src\hotspot\share\prims\jni.cpp, line 520]
Event: 194.462 Thread 0x000001487f2a17b0 Exception <a 'sun/nio/fs/WindowsException'{0x00000000d5dd8898}> (0x00000000d5dd8898) 
thrown [s\src\hotspot\share\prims\jni.cpp, line 520]
Event: 194.462 Thread 0x00000148416fd3c0 Exception <a 'sun/nio/fs/WindowsException'{0x00000000d5ddedd8}> (0x00000000d5ddedd8) 
thrown [s\src\hotspot\share\prims\jni.cpp, line 520]
Event: 194.477 Thread 0x000001487f7ded40 Exception <a 'sun/nio/fs/WindowsException'{0x00000000d5dffae0}> (0x00000000d5dffae0) 
thrown [s\src\hotspot\share\prims\jni.cpp, line 520]
Event: 194.484 Thread 0x000001487f7ded40 Exception <a 'sun/nio/fs/WindowsException'{0x00000000d5e14778}> (0x00000000d5e14778) 
thrown [s\src\hotspot\share\prims\jni.cpp, line 520]
Event: 194.489 Thread 0x000001487f7ded40 Exception <a 'sun/nio/fs/WindowsException'{0x00000000d5e2aab8}> (0x00000000d5e2aab8) 
thrown [s\src\hotspot\share\prims\jni.cpp, line 520]
Event: 194.494 Thread 0x000001487f7ded40 Exception <a 'sun/nio/fs/WindowsException'{0x00000000d5e3ffe8}> (0x00000000d5e3ffe8) 
thrown [s\src\hotspot\share\prims\jni.cpp, line 520]
Event: 195.262 Thread 0x00000148416f7e70 Exception <a 'java/lang/ArrayIndexOutOfBoundsException'{0x00000000d59e45d0}> (0x00000000d59e45d0) 
thrown [s\src\hotspot\share\runtime\sharedRuntime.cpp, line 625]
Event: 195.262 Thread 0x00000148416f7e70 Exception <a 'java/lang/ArrayIndexOutOfBoundsException'{0x00000000d59e48f8}: Index 1494 out of bounds for length 1494> (0x00000000d59e48f8) 
thrown [s\src\hotspot\share\interpreter\interpreterRuntime.cpp, line 439]
Event: 195.879 Thread 0x000001487f7ded40 Implicit null exception at 0x000001486d890ec3 to 0x000001486d890f48
Event: 195.879 Thread 0x000001487f7ded40 Implicit null exception at 0x000001486d8131d4 to 0x000001486d813254
Event: 196.160 Thread 0x00000148416f7e70 Exception <a 'java/lang/ArrayIndexOutOfBoundsException'{0x00000000d5953ec0}> (0x00000000d5953ec0) 
thrown [s\src\hotspot\share\runtime\sharedRuntime.cpp, line 625]
Event: 196.160 Thread 0x00000148416f7e70 Exception <a 'java/lang/ArrayIndexOutOfBoundsException'{0x00000000d59541e8}> (0x00000000d59541e8) 
thrown [s\src\hotspot\share\runtime\sharedRuntime.cpp, line 625]
Event: 196.462 Thread 0x000001487f7ded40 Exception <a 'java/lang/NoSuchMethodError'{0x00000000d642e320}: 'java.lang.Object java.lang.invoke.DirectMethodHandle$Holder.newInvokeSpecial(java.lang.Object, java.lang.Object, int, int, java.lang.Object)'> (0x00000000d642e320) 
thrown [s\src\hotspot\share\interpreter\linkResolver.cpp, line 773]
Event: 197.038 Thread 0x00000148416fb2f0 Implicit null exception at 0x000001486d929e9e to 0x000001486d92a10c
Event: 197.218 Thread 0x00000148416fb2f0 Exception <a 'java/lang/NoSuchMethodError'{0x00000000d5aa6f38}: 'void java.lang.invoke.DirectMethodHandle$Holder.invokeStatic(java.lang.Object, int, java.lang.Object)'> (0x00000000d5aa6f38) 
thrown [s\src\hotspot\share\interpreter\linkResolver.cpp, line 773]

ZGC Phase Switch (0 events):
No events

VM Operations (20 events):
Event: 192.235 Executing non-safepoint VM operation: HandshakeAllThreads (Deoptimize)
Event: 192.235 Executing non-safepoint VM operation: HandshakeAllThreads (Deoptimize) done
Event: 192.377 Executing safepoint VM operation: ParallelGCFailedAllocation (Allocation Failure)
Event: 192.387 Executing safepoint VM operation: ParallelGCFailedAllocation (Allocation Failure) done
Event: 193.146 Executing safepoint VM operation: ParallelGCFailedAllocation (Allocation Failure)
Event: 193.149 Executing safepoint VM operation: ParallelGCFailedAllocation (Allocation Failure) done
Event: 194.164 Executing safepoint VM operation: Cleanup
Event: 194.164 Executing safepoint VM operation: Cleanup done
Event: 195.016 Executing safepoint VM operation: ParallelGCFailedAllocation (Allocation Failure)
Event: 195.174 Executing safepoint VM operation: ParallelGCFailedAllocation (Allocation Failure) done
Event: 195.850 Executing safepoint VM operation: ParallelGCFailedAllocation (Allocation Failure)
Event: 195.868 Executing safepoint VM operation: ParallelGCFailedAllocation (Allocation Failure) done
Event: 196.504 Executing safepoint VM operation: ParallelGCFailedAllocation (Allocation Failure)
Event: 196.654 Executing safepoint VM operation: ParallelGCFailedAllocation (Allocation Failure) done
Event: 196.719 Executing non-safepoint VM operation: HandshakeAllThreads (Deoptimize)
Event: 196.827 Executing non-safepoint VM operation: HandshakeAllThreads (Deoptimize) done
Event: 197.073 Executing non-safepoint VM operation: HandshakeAllThreads (Deoptimize)
Event: 197.073 Executing non-safepoint VM operation: HandshakeAllThreads (Deoptimize) done
Event: 198.073 Executing safepoint VM operation: Cleanup
Event: 198.301 Executing safepoint VM operation: Cleanup done

Memory protections (0 events):
No events

Nmethod flushes (20 events):
Event: 22.711 Thread 0x00000148625f64b0 flushing  nmethod 0x0000014865d16b90
Event: 22.711 Thread 0x00000148625f64b0 flushing  nmethod 0x0000014865d1c490
Event: 22.711 Thread 0x00000148625f64b0 flushing  nmethod 0x0000014865d1fd90
Event: 22.711 Thread 0x00000148625f64b0 flushing  nmethod 0x0000014865d22e10
Event: 22.711 Thread 0x00000148625f64b0 flushing  nmethod 0x0000014865d39790
Event: 22.711 Thread 0x00000148625f64b0 flushing  nmethod 0x0000014865d49c10
Event: 22.711 Thread 0x00000148625f64b0 flushing  nmethod 0x0000014865d49f10
Event: 22.711 Thread 0x00000148625f64b0 flushing  nmethod 0x0000014865d4de90
Event: 22.711 Thread 0x00000148625f64b0 flushing  nmethod 0x0000014865d87a10
Event: 22.711 Thread 0x00000148625f64b0 flushing  nmethod 0x0000014865d87e10
Event: 22.711 Thread 0x00000148625f64b0 flushing  nmethod 0x0000014865d88790
Event: 22.711 Thread 0x00000148625f64b0 flushing  nmethod 0x0000014865d8fa10
Event: 22.711 Thread 0x00000148625f64b0 flushing  nmethod 0x0000014865d90b90
Event: 22.711 Thread 0x00000148625f64b0 flushing  nmethod 0x0000014865d91e90
Event: 22.711 Thread 0x00000148625f64b0 flushing  nmethod 0x0000014865d96810
Event: 22.712 Thread 0x00000148625f64b0 flushing  nmethod 0x0000014865d9b590
Event: 22.712 Thread 0x00000148625f64b0 flushing  nmethod 0x0000014865d9cb10
Event: 22.712 Thread 0x00000148625f64b0 flushing  nmethod 0x0000014865d9f510
Event: 22.712 Thread 0x00000148625f64b0 flushing  nmethod 0x0000014865da0b10
Event: 22.712 Thread 0x00000148625f64b0 flushing  nmethod 0x0000014865da1310

Events (20 events):
Event: 183.417 Thread 0x000001484bcc8470 Thread exited: 0x000001484bcc8470
Event: 190.283 Thread 0x000001486264e6c0 Thread added: 0x000001484acf5e20
Event: 190.470 Thread 0x000001484acf5e20 Thread exited: 0x000001484acf5e20
Event: 191.497 Thread 0x00000148416fc010 Thread added: 0x00000148416fd3c0
Event: 191.501 Thread 0x00000148416fd3c0 Thread added: 0x00000148416f9f40
Event: 191.506 Thread 0x00000148416fd3c0 Thread added: 0x000001487f7d9e80
Event: 191.520 Thread 0x00000148416fd3c0 Thread added: 0x000001487f2a4c30
Event: 191.521 Thread 0x000001487f2a4c30 Thread added: 0x000001487f2a17b0
Event: 191.523 Thread 0x00000148416fd3c0 Thread added: 0x000001487f2a1e40
Event: 191.524 Thread 0x000001487f2a17b0 Thread added: 0x000001487f2a24d0
Event: 191.525 Thread 0x000001487f2a4c30 Thread added: 0x000001487f2a2b60
Event: 194.499 Thread 0x000001486264e6c0 Thread added: 0x000001484228bee0
Event: 194.762 Thread 0x000001484228bee0 Thread exited: 0x000001484228bee0
Event: 196.464 Thread 0x000001487f7ded40 Thread added: 0x000001487f2a5fe0
Event: 196.839 Thread 0x000001487f7ded40 Thread added: 0x000001487f2a3f10
Event: 196.839 Thread 0x000001487f7ded40 Thread added: 0x000001487f2a6670
Event: 198.305 Thread 0x000001486264e6c0 Thread added: 0x000001484182c6f0
Event: 198.307 Thread 0x000001487f7ded40 Thread added: 0x000001487f2a31f0
Event: 198.307 Thread 0x000001487f7ded40 Thread added: 0x000001487f2a6d00
Event: 198.307 Thread 0x000001487f7ded40 Thread added: 0x000001487f2a3880


Dynamic libraries:
0x00007ff7cf8b0000 - 0x00007ff7cf8be000 	c:\Users\gmgd0\.vscode\extensions\redhat.java-1.56.0-win32-x64\jre\21.0.12.1-win32-x86_64\bin\java.exe
0x00007ffd84120000 - 0x00007ffd84386000 	C:\WINDOWS\SYSTEM32\ntdll.dll
0x00007ffd82730000 - 0x00007ffd827f9000 	C:\WINDOWS\System32\KERNEL32.DLL
0x00007ffd81900000 - 0x00007ffd81cff000 	C:\WINDOWS\System32\KERNELBASE.dll
0x00007ffd817a0000 - 0x00007ffd818ec000 	C:\WINDOWS\System32\ucrtbase.dll
0x00007ffd78430000 - 0x00007ffd78448000 	c:\Users\gmgd0\.vscode\extensions\redhat.java-1.56.0-win32-x64\jre\21.0.12.1-win32-x86_64\bin\jli.dll
0x00007ffd83b80000 - 0x00007ffd83d46000 	C:\WINDOWS\System32\USER32.dll
0x00007ffd81770000 - 0x00007ffd81797000 	C:\WINDOWS\System32\win32u.dll
0x00007ffd82390000 - 0x00007ffd823bb000 	C:\WINDOWS\System32\GDI32.dll
0x00007ffd81640000 - 0x00007ffd81769000 	C:\WINDOWS\System32\gdi32full.dll
0x00007ffd81d10000 - 0x00007ffd81db3000 	C:\WINDOWS\System32\msvcp_win.dll
0x00007ffd785b0000 - 0x00007ffd785ce000 	c:\Users\gmgd0\.vscode\extensions\redhat.java-1.56.0-win32-x64\jre\21.0.12.1-win32-x86_64\bin\VCRUNTIME140.dll
0x00007ffd65dc0000 - 0x00007ffd66051000 	C:\WINDOWS\WinSxS\amd64_microsoft.windows.common-controls_6595b64144ccf1df_6.0.26100.8972_none_3e0da176e32f9d4b\COMCTL32.dll
0x00007ffd82c90000 - 0x00007ffd82d39000 	C:\WINDOWS\System32\msvcrt.dll
0x00007ffd82660000 - 0x00007ffd82692000 	C:\WINDOWS\System32\IMM32.DLL
0x00007ffd790c0000 - 0x00007ffd790cc000 	c:\Users\gmgd0\.vscode\extensions\redhat.java-1.56.0-win32-x64\jre\21.0.12.1-win32-x86_64\bin\vcruntime140_1.dll
0x00007ffd764f0000 - 0x00007ffd7657d000 	c:\Users\gmgd0\.vscode\extensions\redhat.java-1.56.0-win32-x64\jre\21.0.12.1-win32-x86_64\bin\msvcp140.dll
0x00007ffce89f0000 - 0x00007ffce9792000 	c:\Users\gmgd0\.vscode\extensions\redhat.java-1.56.0-win32-x64\jre\21.0.12.1-win32-x86_64\bin\server\jvm.dll
0x00007ffd83740000 - 0x00007ffd837fc000 	C:\WINDOWS\System32\ADVAPI32.dll
0x00007ffd839c0000 - 0x00007ffd83a6a000 	C:\WINDOWS\System32\sechost.dll
0x00007ffd838a0000 - 0x00007ffd839b8000 	C:\WINDOWS\System32\RPCRT4.dll
0x00007ffd826a0000 - 0x00007ffd82722000 	C:\WINDOWS\System32\WS2_32.dll
0x00007ffd81190000 - 0x00007ffd811ee000 	C:\WINDOWS\SYSTEM32\POWRPROF.dll
0x00007ffd6b010000 - 0x00007ffd6b046000 	C:\WINDOWS\SYSTEM32\WINMM.dll
0x00007ffd6cbc0000 - 0x00007ffd6cbcb000 	C:\WINDOWS\SYSTEM32\VERSION.dll
0x00007ffd81170000 - 0x00007ffd81185000 	C:\WINDOWS\SYSTEM32\UMPDC.dll
0x00007ffd7ff80000 - 0x00007ffd7ff9b000 	C:\WINDOWS\SYSTEM32\kernel.appcore.dll
0x00007ffd78420000 - 0x00007ffd7842a000 	c:\Users\gmgd0\.vscode\extensions\redhat.java-1.56.0-win32-x64\jre\21.0.12.1-win32-x86_64\bin\jimage.dll
0x00007ffd7e730000 - 0x00007ffd7e972000 	C:\WINDOWS\SYSTEM32\DBGHELP.DLL
0x00007ffd82000000 - 0x00007ffd82385000 	C:\WINDOWS\System32\combase.dll
0x00007ffd83590000 - 0x00007ffd83669000 	C:\WINDOWS\System32\OLEAUT32.dll
0x00007ffd5eb50000 - 0x00007ffd5eb8b000 	C:\WINDOWS\SYSTEM32\dbgcore.DLL
0x00007ffd81580000 - 0x00007ffd8162c000 	C:\WINDOWS\System32\bcryptPrimitives.dll
0x00007ffd76340000 - 0x00007ffd7634f000 	c:\Users\gmgd0\.vscode\extensions\redhat.java-1.56.0-win32-x64\jre\21.0.12.1-win32-x86_64\bin\instrument.dll
0x00007ffd78400000 - 0x00007ffd78420000 	c:\Users\gmgd0\.vscode\extensions\redhat.java-1.56.0-win32-x64\jre\21.0.12.1-win32-x86_64\bin\java.dll
0x00007ffd82d40000 - 0x00007ffd834c8000 	C:\WINDOWS\System32\SHELL32.dll
0x00007ffd7edc0000 - 0x00007ffd7f65b000 	C:\WINDOWS\SYSTEM32\windows.storage.dll
0x00007ffd82560000 - 0x00007ffd82659000 	C:\WINDOWS\System32\SHCORE.dll
0x00007ffd81e80000 - 0x00007ffd81ee6000 	C:\WINDOWS\System32\shlwapi.dll
0x00007ffd81250000 - 0x00007ffd81279000 	C:\WINDOWS\SYSTEM32\profapi.dll
0x00007ffd76890000 - 0x00007ffd768a8000 	c:\Users\gmgd0\.vscode\extensions\redhat.java-1.56.0-win32-x64\jre\21.0.12.1-win32-x86_64\bin\zip.dll
0x00007ffd76880000 - 0x00007ffd76890000 	C:\Users\gmgd0\.vscode\extensions\redhat.java-1.56.0-win32-x64\jre\21.0.12.1-win32-x86_64\bin\net.dll
0x00007ffd717e0000 - 0x00007ffd71908000 	C:\WINDOWS\SYSTEM32\WINHTTP.dll
0x00007ffd805d0000 - 0x00007ffd8063c000 	C:\WINDOWS\system32\mswsock.dll
0x00007ffd76860000 - 0x00007ffd76876000 	C:\Users\gmgd0\.vscode\extensions\redhat.java-1.56.0-win32-x64\jre\21.0.12.1-win32-x86_64\bin\nio.dll
0x00007ffd76850000 - 0x00007ffd76860000 	c:\Users\gmgd0\.vscode\extensions\redhat.java-1.56.0-win32-x64\jre\21.0.12.1-win32-x86_64\bin\verify.dll
0x00007ffd10b50000 - 0x00007ffd10b95000 	C:\Users\gmgd0\AppData\Roaming\Code\User\globalStorage\redhat.java\1.56.0\config_ss_win\org.eclipse.equinox.launcher\org.eclipse.equinox.launcher.win32.win32.x86_64_1.3.100.v20260804-1928\eclipse_11924.dll
0x00007ffd823c0000 - 0x00007ffd82559000 	C:\WINDOWS\System32\ole32.dll
0x00007ffd808e0000 - 0x00007ffd808fb000 	C:\WINDOWS\SYSTEM32\CRYPTSP.dll
0x00007ffd7ffa0000 - 0x00007ffd7ffd9000 	C:\WINDOWS\system32\rsaenh.dll
0x00007ffd80680000 - 0x00007ffd806b2000 	C:\WINDOWS\SYSTEM32\USERENV.dll
0x00007ffd81220000 - 0x00007ffd8124a000 	C:\WINDOWS\SYSTEM32\bcrypt.dll
0x00007ffd808c0000 - 0x00007ffd808cc000 	C:\WINDOWS\SYSTEM32\CRYPTBASE.dll
0x00007ffd7fb00000 - 0x00007ffd7fb33000 	C:\WINDOWS\SYSTEM32\IPHLPAPI.DLL
0x00007ffd83a70000 - 0x00007ffd83a7a000 	C:\WINDOWS\System32\NSI.dll
0x00007ffd28ab0000 - 0x00007ffd28af9000 	C:\Users\gmgd0\AppData\Local\Temp\jna-98472013\jna18086223846960670038.dll
0x00007ffd83f30000 - 0x00007ffd83f38000 	C:\WINDOWS\System32\PSAPI.DLL
0x00007ffd75b00000 - 0x00007ffd75b1d000 	C:\WINDOWS\SYSTEM32\dhcpcsvc6.DLL
0x00007ffd75ad0000 - 0x00007ffd75af5000 	C:\WINDOWS\SYSTEM32\dhcpcsvc.DLL

JVMTI agents:
c:\Users\gmgd0\.vscode\extensions\redhat.java-1.56.0-win32-x64\lombok\lombok-1.18.39-4050.jar path:c:\Users\gmgd0\.vscode\extensions\redhat.java-1.56.0-win32-x64\jre\21.0.12.1-win32-x86_64\bin\instrument.dll, loaded, initialized, instrumentlib options:none

dbghelp: loaded successfully - version: 4.0.5 - missing functions: none
symbol engine: initialized successfully - sym options: 0x614 - pdb path: .;c:\Users\gmgd0\.vscode\extensions\redhat.java-1.56.0-win32-x64\jre\21.0.12.1-win32-x86_64\bin;C:\WINDOWS\SYSTEM32;C:\WINDOWS\WinSxS\amd64_microsoft.windows.common-controls_6595b64144ccf1df_6.0.26100.8972_none_3e0da176e32f9d4b;c:\Users\gmgd0\.vscode\extensions\redhat.java-1.56.0-win32-x64\jre\21.0.12.1-win32-x86_64\bin\server;C:\Users\gmgd0\AppData\Roaming\Code\User\globalStorage\redhat.java\1.56.0\config_ss_win\org.eclipse.equinox.launcher\org.eclipse.equinox.launcher.win32.win32.x86_64_1.3.100.v20260804-1928;C:\Users\gmgd0\AppData\Local\Temp\jna-98472013

VM Arguments:
jvm_args: --add-modules=ALL-SYSTEM --add-opens=java.base/java.util=ALL-UNNAMED --add-opens=java.base/java.lang=ALL-UNNAMED --add-opens=java.base/sun.nio.fs=ALL-UNNAMED -Declipse.application=org.eclipse.jdt.ls.core.id1 -Dosgi.bundles.defaultStartLevel=4 -Declipse.product=org.eclipse.jdt.ls.core.product -Djava.import.generatesMetadataFilesAtProjectRoot=false -Dm2e.project.cache.size=50 -DDetectVMInstallationsJob.disabled=true -Dfile.encoding=utf8 -XX:+UseParallelGC -XX:GCTimeRatio=4 -XX:AdaptiveSizePolicyWeight=90 -Dsun.zip.disableMemoryMapping=true -Xmx2G -Xms100m -Xlog:disable -javaagent:c:\Users\gmgd0\.vscode\extensions\redhat.java-1.56.0-win32-x64\lombok\lombok-1.18.39-4050.jar 
java_command: c:\Users\gmgd0\.vscode\extensions\redhat.java-1.56.0-win32-x64\server\plugins\org.eclipse.equinox.launcher_1.8.0.v20260804-1928.jar -configuration c:\Users\gmgd0\AppData\Roaming\Code\User\globalStorage\redhat.java\1.56.0\config_ss_win -data c:\Users\gmgd0\AppData\Roaming\Code\User\workspaceStorage\1871e0834c76e2fa297767c3fa221f87\redhat.java\ss_ws --pipe=\\.\pipe\lsp-1ac27c3b040448fd75d3b0927ecfa3fa-sock
java_class_path (initial): c:\Users\gmgd0\.vscode\extensions\redhat.java-1.56.0-win32-x64\server\plugins\org.eclipse.equinox.launcher_1.8.0.v20260804-1928.jar
Launcher Type: SUN_STANDARD

[Global flags]
    uintx AdaptiveSizePolicyWeight                 = 90                                        {product} {command line}
     intx CICompilerCount                          = 4                                         {product} {ergonomic}
    uintx GCTimeRatio                              = 4                                         {product} {command line}
   size_t InitialHeapSize                          = 104857600                                 {product} {command line}
   size_t MaxHeapSize                              = 2147483648                                {product} {command line}
   size_t MaxNewSize                               = 715653120                                 {product} {ergonomic}
   size_t MinHeapDeltaBytes                        = 524288                                    {product} {ergonomic}
   size_t MinHeapSize                              = 104857600                                 {product} {command line}
   size_t NewSize                                  = 34603008                                  {product} {ergonomic}
    uintx NonNMethodCodeHeapSize                   = 5839372                                {pd product} {ergonomic}
    uintx NonProfiledCodeHeapSize                  = 122909434                              {pd product} {ergonomic}
   size_t OldSize                                  = 70254592                                  {product} {ergonomic}
    uintx ProfiledCodeHeapSize                     = 122909434                              {pd product} {ergonomic}
    uintx ReservedCodeCacheSize                    = 251658240                              {pd product} {ergonomic}
     bool SegmentedCodeCache                       = true                                      {product} {ergonomic}
   size_t SoftMaxHeapSize                          = 2147483648                             {manageable} {ergonomic}
     bool UseCompressedOops                        = true                           {product lp64_product} {ergonomic}
     bool UseLargePagesIndividualAllocation        = false                                  {pd product} {ergonomic}
     bool UseParallelGC                            = true                                      {product} {command line}

Logging:
Log output configuration:
 #0: stdout all=off uptime,level,tags foldmultilines=false
 #1: stderr all=off uptime,level,tags foldmultilines=false

Release file:
JAVA_VERSION="21.0.12.1" 
MODULES="java.base java.compiler java.datatransfer java.xml java.prefs java.desktop java.instrument java.logging java.management java.security.sasl java.naming java.rmi java.management.rmi java.net.http java.scripting java.security.jgss java.transaction.xa java.sql java.sql.rowset java.xml.crypto java.se java.smartcardio jdk.accessibility jdk.internal.jvmstat jdk.attach jdk.charsets jdk.internal.opt jdk.zipfs jdk.compiler jdk.crypto.ec jdk.crypto.cryptoki jdk.crypto.mscapi jdk.dynalink jdk.internal.ed jdk.editpad jdk.hotspot.agent jdk.httpserver jdk.internal.le jdk.internal.vm.ci jdk.internal.vm.compiler jdk.internal.vm.compiler.management jdk.jartool jdk.javadoc jdk.jcmd jdk.management jdk.management.agent jdk.jconsole jdk.jdeps jdk.jdwp.agent jdk.jdi jdk.jfr jdk.jshell jdk.jsobject jdk.jstatd jdk.localedata jdk.management.jfr jdk.naming.dns jdk.naming.rmi jdk.net jdk.nio.mapmode jdk.random jdk.sctp jdk.security.auth jdk.security.jgss jdk.unsupported jdk.unsupported.desktop jdk.xml.dom" 

Environment Variables:
JAVA_HOME=C:\Program Files\Java\jdk-17
PATH=C:\WINDOWS\system32;C:\WINDOWS;C:\WINDOWS\System32\Wbem;C:\WINDOWS\System32\WindowsPowerShell\v1.0\;C:\WINDOWS\System32\OpenSSH\;C:\Program Files\Microsoft SQL Server\170\Tools\Binn\;C:\Program Files\dotnet\;C:\Program Files (x86)\Windows Kits\10\Windows Performance Toolkit\;C:\Program Files\Git\cmd;%JAVA_HOME%\bin;C:\Users\gmgd0\AppData\Local\Microsoft\WindowsApps;C:\Users\gmgd0\AppData\Local\Programs\Microsoft VS Code\bin;C:\flutter_windows_3.38.7-stable\flutter\bin;C:\Users\gmgd0\.dotnet\tools
USERNAME=gmgd0
OS=Windows_NT
PROCESSOR_IDENTIFIER=Intel64 Family 6 Model 140 Stepping 1, GenuineIntel
TMP=C:\Users\gmgd0\AppData\Local\Temp
TEMP=C:\Users\gmgd0\AppData\Local\Temp




Periodic native trim disabled

---------------  S Y S T E M  ---------------

OS:
 Windows 11 , 64 bit Build 26100 (10.0.26100.9168)
OS uptime: 11 days 23:46 hours
Hyper-V role detected

CPU: total 8 (initial active 8) (4 cores per cpu, 2 threads per core) family 6 model 140 stepping 1 microcode 0xa6, cx8, cmov, fxsr, ht, mmx, 3dnowpref, sse, sse2, sse3, ssse3, sse4.1, sse4.2, popcnt, lzcnt, tsc, tscinvbit, avx, avx2, aes, erms, clmul, bmi1, bmi2, adx, avx512f, avx512dq, avx512cd, avx512bw, avx512vl, sha, fma, vzeroupper, avx512_vpopcntdq, avx512_vpclmulqdq, avx512_vaes, avx512_vnni, clflush, clflushopt, clwb, avx512_vbmi2, avx512_vbmi, hv, rdtscp, rdpid, fsrm, gfni, avx512_bitalg, f16c, cet_ibt, cet_ss, avx512_ifma
Processor Information for the first 8 processors :
  Max Mhz: 2803, Current Mhz: 2803, Mhz Limit: 2803

Memory: 4k page, system-wide physical 16075M (452M free)
TotalPageFile size 65227M (AvailPageFile size 128M)
current process WorkingSet (physical memory assigned to process): 185M, peak: 242M
current process commit charge ("private bytes"): 331M, peak: 350M

vm_info: OpenJDK 64-Bit Server VM (21.0.12.1+1-LTS) for windows-amd64 JRE (21.0.12.1+1-LTS), built on 2026-08-18T00:00:00Z by "admin" with MS VC++ 17.12 (VS2022)

END.
