#
# There is insufficient memory for the Java Runtime Environment to continue.
# Native memory allocation (malloc) failed to allocate 385984 bytes. Error detail: Chunk::new
# Possible reasons:
#   The system is out of physical RAM or swap space
#   This process is running with CompressedOops enabled, and the Java Heap may be blocking the growth of the native heap
# Possible solutions:
#   Reduce memory load on the system
#   Increase physical memory or swap space
#   Check if swap backing store is full
#   Decrease Java heap size (-Xmx/-Xms)
#   Decrease number of Java threads
#   Decrease Java thread stack sizes (-Xss)
#   Set larger code cache with -XX:ReservedCodeCacheSize=
#   JVM is running with Unscaled Compressed Oops mode in which the Java heap is
#     placed in the first 4GB address space. The Java Heap base address is the
#     maximum limit for the native heap growth. Please use -XX:HeapBaseMinAddress
#     to set the Java Heap base and to place the Java Heap above 4GB virtual address.
# This output file may be truncated or incomplete.
#
#  Out of Memory Error (arena.cpp:168), pid=3240, tid=2740
#
# JRE version: OpenJDK Runtime Environment Temurin-21.0.12.1+1 (21.0.12.1+1) (build 21.0.12.1+1-LTS)
# Java VM: OpenJDK 64-Bit Server VM Temurin-21.0.12.1+1 (21.0.12.1+1-LTS, mixed mode, sharing, tiered, compressed oops, compressed class ptrs, parallel gc, windows-amd64)
# No core dump will be written. Minidumps are not enabled by default on client versions of Windows
#

---------------  S U M M A R Y ------------

Command Line: --add-modules=ALL-SYSTEM --add-opens=java.base/java.util=ALL-UNNAMED --add-opens=java.base/java.lang=ALL-UNNAMED --add-opens=java.base/sun.nio.fs=ALL-UNNAMED -Declipse.application=org.eclipse.jdt.ls.core.id1 -Dosgi.bundles.defaultStartLevel=4 -Declipse.product=org.eclipse.jdt.ls.core.product -Djava.import.generatesMetadataFilesAtProjectRoot=false -Dm2e.project.cache.size=50 -DDetectVMInstallationsJob.disabled=true -Dfile.encoding=utf8 -XX:+UseParallelGC -XX:GCTimeRatio=4 -XX:AdaptiveSizePolicyWeight=90 -Dsun.zip.disableMemoryMapping=true -Xmx2G -Xms100m -Xlog:disable -javaagent:c:\Users\gmgd0\.vscode\extensions\redhat.java-1.56.0-win32-x64\lombok\lombok-1.18.39-4050.jar c:\Users\gmgd0\.vscode\extensions\redhat.java-1.56.0-win32-x64\server\plugins\org.eclipse.equinox.launcher_1.8.0.v20260804-1928.jar -configuration c:\Users\gmgd0\AppData\Roaming\Code\User\globalStorage\redhat.java\1.56.0\config_ss_win -data c:\Users\gmgd0\AppData\Roaming\Code\User\workspaceStorage\1871e0834c76e2fa297767c3fa221f87\redhat.java\ss_ws --pipe=\\.\pipe\lsp-9bc1ffcf3bbaf962e55c4b13f4da7253-sock

Host: 11th Gen Intel(R) Core(TM) i7-1165G7 @ 2.80GHz, 8 cores, 15G,  Windows 11 , 64 bit Build 26100 (10.0.26100.9168)
Time: Mon Sep  7 16:43:40 2026 elapsed time: 51.509080 seconds (0d 0h 0m 51s)

---------------  T H R E A D  ---------------

Current thread (0x000002b5a58d54f0):  JavaThread "C2 CompilerThread0" daemon [_thread_in_native, id=2740, stack(0x000000c589b00000,0x000000c589c00000) (1024K)]


Current CompileTask:
C2:51509 1712       4       java.io.WinNTFileSystem::normalize (143 bytes)

Stack: [0x000000c589b00000,0x000000c589c00000]
Native frames: (J=compiled Java code, j=interpreted, Vv=VM code, C=native code)
V  [jvm.dll+0x6d83e9]
V  [jvm.dll+0x8b5736]
V  [jvm.dll+0x8b7cee]
V  [jvm.dll+0x8b83d3]
V  [jvm.dll+0x284596]
V  [jvm.dll+0xc685d]
V  [jvm.dll+0xc6da1]
V  [jvm.dll+0x3bf18b]
V  [jvm.dll+0x38b6d2]
V  [jvm.dll+0x38ab1a]
V  [jvm.dll+0x24c700]
V  [jvm.dll+0x24bce0]
V  [jvm.dll+0x1cb4ae]
V  [jvm.dll+0x25baad]
V  [jvm.dll+0x25a03a]
V  [jvm.dll+0x3f8aae]
V  [jvm.dll+0x8600cd]
V  [jvm.dll+0x6d6c1d]
C  [ucrtbase.dll+0x2cd30]
C  [KERNEL32.DLL+0x2ccb7]
C  [ntdll.dll+0xaad6c]


---------------  P R O C E S S  ---------------

Threads class SMR info:
_java_thread_list=0x000002b5fec4f4a0, length=12, elements={
0x000002b5a3599b50, 0x000002b5a5a0ab20, 0x000002b5a58c4730, 0x000002b5a58c9cc0,
0x000002b5a58cfca0, 0x000002b5a58d0700, 0x000002b5a58d26a0, 0x000002b5a58d54f0,
0x000002b5a58de540, 0x000002b5fedd34c0, 0x000002b5feec39b0, 0x000002b5ff12a5d0
}

Java Threads: ( => current thread )
  0x000002b5a3599b50 JavaThread "main"                              [_thread_in_vm, id=33700, stack(0x000000c589000000,0x000000c589100000) (1024K)]
  0x000002b5a5a0ab20 JavaThread "Reference Handler"          daemon [_thread_blocked, id=38560, stack(0x000000c589500000,0x000000c589600000) (1024K)]
  0x000002b5a58c4730 JavaThread "Finalizer"                  daemon [_thread_blocked, id=22252, stack(0x000000c589600000,0x000000c589700000) (1024K)]
  0x000002b5a58c9cc0 JavaThread "Signal Dispatcher"          daemon [_thread_blocked, id=33548, stack(0x000000c589700000,0x000000c589800000) (1024K)]
  0x000002b5a58cfca0 JavaThread "Attach Listener"            daemon [_thread_blocked, id=1568, stack(0x000000c589800000,0x000000c589900000) (1024K)]
  0x000002b5a58d0700 JavaThread "Service Thread"             daemon [_thread_blocked, id=38144, stack(0x000000c589900000,0x000000c589a00000) (1024K)]
  0x000002b5a58d26a0 JavaThread "Monitor Deflation Thread"   daemon [_thread_blocked, id=29376, stack(0x000000c589a00000,0x000000c589b00000) (1024K)]
=>0x000002b5a58d54f0 JavaThread "C2 CompilerThread0"         daemon [_thread_in_native, id=2740, stack(0x000000c589b00000,0x000000c589c00000) (1024K)]
  0x000002b5a58de540 JavaThread "C1 CompilerThread0"         daemon [_thread_in_native, id=37556, stack(0x000000c589c00000,0x000000c589d00000) (1024K)]
  0x000002b5fedd34c0 JavaThread "Common-Cleaner"             daemon [_thread_blocked, id=11968, stack(0x000000c589d00000,0x000000c589e00000) (1024K)]
  0x000002b5feec39b0 JavaThread "Notification Thread"        daemon [_thread_blocked, id=9500, stack(0x000000c589e00000,0x000000c589f00000) (1024K)]
  0x000002b5ff12a5d0 JavaThread "Active Thread: Equinox Container: 9779334b-8224-471a-a52b-7253a0c7ef30"        [_thread_blocked, id=35040, stack(0x000000c58a500000,0x000000c58a600000) (1024K)]
Total: 12

Other Threads:
  0x000002b5a58c3140 VMThread "VM Thread"                           [id=12708, stack(0x000000c589400000,0x000000c589500000) (1024K)]
  0x000002b5a59c2250 WatcherThread "VM Periodic Task Thread"        [id=33684, stack(0x000000c589300000,0x000000c589400000) (1024K)]
  0x000002b5a5973090 WorkerThread "GC Thread#0"                     [id=37500, stack(0x000000c589200000,0x000000c589300000) (1024K)]
  0x000002b5ff3ecf40 WorkerThread "GC Thread#1"                     [id=28680, stack(0x000000c589f00000,0x000000c58a000000) (1024K)]
  0x000002b5fec1fd70 WorkerThread "GC Thread#2"                     [id=37496, stack(0x000000c58a000000,0x000000c58a100000) (1024K)]
  0x000002b5fec20120 WorkerThread "GC Thread#3"                     [id=37492, stack(0x000000c58a100000,0x000000c58a200000) (1024K)]
  0x000002b5fed6cb50 WorkerThread "GC Thread#4"                     [id=32932, stack(0x000000c58a200000,0x000000c58a300000) (1024K)]
  0x000002b5fed6cf00 WorkerThread "GC Thread#5"                     [id=4120, stack(0x000000c58a300000,0x000000c58a400000) (1024K)]
  0x000002b5fed6d2b0 WorkerThread "GC Thread#6"                     [id=37532, stack(0x000000c58a400000,0x000000c58a500000) (1024K)]
Total: 9

Threads with active compile tasks:
C2 CompilerThread0  52896 1712       4       java.io.WinNTFileSystem::normalize (143 bytes)
C1 CompilerThread0  52896 1723       3       java.net.URL::<init> (438 bytes)
Total: 2

VM state: not at safepoint (normal execution)

VM Mutex/Monitor currently owned by a thread: None

Heap address: 0x0000000080000000, size: 2048 MB, Compressed Oops mode: 32-bit

CDS archive(s) mapped at: [0x000002b5bd000000-0x000002b5bdba0000-0x000002b5bdba0000), size 12189696, SharedBaseAddress: 0x000002b5bd000000, ArchiveRelocationMode: 1.
Compressed class space mapped at: 0x000002b5be000000-0x000002b5fe000000, reserved size: 1073741824
Narrow klass base: 0x000002b5bd000000, Narrow klass shift: 0, Narrow klass range: 0x100000000

GC Precious Log:
 CardTable entry size: 512
 CPUs: 8 total, 8 available
 Memory: 16075M
 Large Page Support: Disabled
 NUMA Support: Disabled
 Compressed Oops: Enabled (32-bit)
 Alignments: Space 512K, Generation 512K, Heap 2M
 Heap Min Capacity: 100M
 Heap Initial Capacity: 100M
 Heap Max Capacity: 2G
 Pre-touch: Disabled
 Parallel Workers: 8

Heap:
 PSYoungGen      total 29696K, used 27452K [0x00000000d5580000, 0x00000000d7680000, 0x0000000100000000)
  eden space 25600K, 93% used [0x00000000d5580000,0x00000000d6cec9b8,0x00000000d6e80000)
  from space 4096K, 84% used [0x00000000d6e80000,0x00000000d71e2768,0x00000000d7280000)
  to   space 4096K, 0% used [0x00000000d7280000,0x00000000d7280000,0x00000000d7680000)
 ParOldGen       total 68608K, used 0K [0x0000000080000000, 0x0000000084300000, 0x00000000d5580000)
  object space 68608K, 0% used [0x0000000080000000,0x0000000080000000,0x0000000084300000)
 Metaspace       used 7999K, committed 8256K, reserved 1114112K
  class space    used 836K, committed 960K, reserved 1048576K

Card table byte_map: [0x000002b5a52f0000,0x000002b5a5700000] _byte_map_base: 0x000002b5a4ef0000

Marking Bits: (ParMarkBitMap*) 0x00007ffce96b44a0
 Begin Bits: [0x000002b5b7e00000, 0x000002b5b9e00000)
 End Bits:   [0x000002b5b9e00000, 0x000002b5bbe00000)

Polling page: 0x000002b5a3840000

Metaspace:

Usage:
  Non-class:      7.00 MB used.
      Class:    836.87 KB used.
       Both:      7.81 MB used.

Virtual space:
  Non-class space:       64.00 MB reserved,       7.12 MB ( 11%) committed,  1 nodes.
      Class space:        1.00 GB reserved,     960.00 KB ( <1%) committed,  1 nodes.
             Both:        1.06 GB reserved,       8.06 MB ( <1%) committed. 

Chunk freelists:
   Non-Class:  8.83 MB
       Class:  14.91 MB
        Both:  23.73 MB

MaxMetaspaceSize: unlimited
CompressedClassSpaceSize: 1.00 GB
Initial GC threshold: 21.00 MB
Current GC threshold: 21.00 MB
CDS: on
 - commit_granule_bytes: 65536.
 - commit_granule_words: 8192.
 - virtual_space_node_default_size: 8388608.
 - enlarge_chunks_in_place: 1.
 - use_allocation_guard: 0.


Internal statistics:

num_allocs_failed_limit: 0.
num_arena_births: 228.
num_arena_deaths: 0.
num_vsnodes_births: 2.
num_vsnodes_deaths: 0.
num_space_committed: 129.
num_space_uncommitted: 0.
num_chunks_returned_to_freelist: 0.
num_chunks_taken_from_freelist: 421.
num_chunk_merges: 0.
num_chunk_splits: 269.
num_chunks_enlarged: 177.
num_inconsistent_stats: 0.

CodeHeap 'non-profiled nmethods': size=120000Kb used=757Kb max_used=757Kb free=119242Kb
 bounds [0x000002b5b0620000, 0x000002b5b0890000, 0x000002b5b7b50000]
CodeHeap 'profiled nmethods': size=120000Kb used=3088Kb max_used=3088Kb free=116912Kb
 bounds [0x000002b5a8b50000, 0x000002b5a8e60000, 0x000002b5b0080000]
CodeHeap 'non-nmethods': size=5760Kb used=1228Kb max_used=1247Kb free=4531Kb
 bounds [0x000002b5b0080000, 0x000002b5b02f0000, 0x000002b5b0620000]
CodeCache: size=245760Kb, used=5073Kb, max_used=5092Kb, free=240685Kb
 total_blobs=2194, nmethods=1708, adapters=393, full_count=0
Compilation: enabled, stopped_count=0, restarted_count=0

Compilation events (20 events):
Event: 34.333 Thread 0x000002b5a58de540 1710       3       org.eclipse.osgi.framework.util.SecureAction::getProperty (31 bytes)
Event: 34.333 Thread 0x000002b5a58de540 nmethod 1710 0x000002b5a8e50290 code [0x000002b5a8e50480, 0x000002b5a8e508d8]
Event: 34.334 Thread 0x000002b5a58d54f0 1711       4       sun.nio.fs.WindowsPathParser::isSlash (18 bytes)
Event: 34.334 Thread 0x000002b5a58d54f0 nmethod 1711 0x000002b5b06dcf90 code [0x000002b5b06dd120, 0x000002b5b06dd1b0]
Event: 34.334 Thread 0x000002b5a58d54f0 1712       4       java.io.WinNTFileSystem::normalize (143 bytes)
Event: 34.335 Thread 0x000002b5a58de540 1713       3       org.eclipse.osgi.internal.framework.EquinoxConfiguration$ConfigValues::internalGet (24 bytes)
Event: 34.335 Thread 0x000002b5a58de540 nmethod 1713 0x000002b5a8e50a90 code [0x000002b5a8e50ca0, 0x000002b5a8e51298]
Event: 34.339 Thread 0x000002b5a58de540 1715       3       java.util.Collections::emptyIterator (4 bytes)
Event: 34.339 Thread 0x000002b5a58de540 nmethod 1715 0x000002b5a8e51490 code [0x000002b5a8e51620, 0x000002b5a8e51718]
Event: 34.341 Thread 0x000002b5a58de540 1716       3       sun.net.util.IPAddressUtil::checkUserInfo (44 bytes)
Event: 36.371 Thread 0x000002b5a58de540 nmethod 1716 0x000002b5a8e51790 code [0x000002b5a8e51a20, 0x000002b5a8e52468]
Event: 36.371 Thread 0x000002b5a58de540 1719       3       java.lang.StringLatin1::getChars (12 bytes)
Event: 36.371 Thread 0x000002b5a58de540 nmethod 1719 0x000002b5a8e52910 code [0x000002b5a8e52ac0, 0x000002b5a8e52be8]
Event: 36.371 Thread 0x000002b5a58de540 1717       3       java.io.File::isAbsolute (8 bytes)
Event: 36.371 Thread 0x000002b5a58de540 nmethod 1717 0x000002b5a8e52c90 code [0x000002b5a8e52e40, 0x000002b5a8e52f90]
Event: 36.371 Thread 0x000002b5a58de540 1718       3       java.io.WinNTFileSystem::isAbsolute (36 bytes)
Event: 36.372 Thread 0x000002b5a58de540 nmethod 1718 0x000002b5a8e53010 code [0x000002b5a8e53220, 0x000002b5a8e538b0]
Event: 36.372 Thread 0x000002b5a58de540 1721       3       java.lang.StringLatin1::toChars (16 bytes)
Event: 36.372 Thread 0x000002b5a58de540 nmethod 1721 0x000002b5a8e53b90 code [0x000002b5a8e53d40, 0x000002b5a8e53f20]
Event: 36.372 Thread 0x000002b5a58de540 1723       3       java.net.URL::<init> (438 bytes)

GC Heap History (2 events):
Event: 13.378 GC heap before
{Heap before GC invocations=1 (full 0):
 PSYoungGen      total 29696K, used 25600K [0x00000000d5580000, 0x00000000d7680000, 0x0000000100000000)
  eden space 25600K, 100% used [0x00000000d5580000,0x00000000d6e80000,0x00000000d6e80000)
  from space 4096K, 0% used [0x00000000d7280000,0x00000000d7280000,0x00000000d7680000)
  to   space 4096K, 0% used [0x00000000d6e80000,0x00000000d6e80000,0x00000000d7280000)
 ParOldGen       total 68608K, used 0K [0x0000000080000000, 0x0000000084300000, 0x00000000d5580000)
  object space 68608K, 0% used [0x0000000080000000,0x0000000080000000,0x0000000084300000)
 Metaspace       used 4356K, committed 4608K, reserved 1114112K
  class space    used 478K, committed 576K, reserved 1048576K
}
Event: 13.835 GC heap after
{Heap after GC invocations=1 (full 0):
 PSYoungGen      total 29696K, used 3465K [0x00000000d5580000, 0x00000000d7680000, 0x0000000100000000)
  eden space 25600K, 0% used [0x00000000d5580000,0x00000000d5580000,0x00000000d6e80000)
  from space 4096K, 84% used [0x00000000d6e80000,0x00000000d71e2768,0x00000000d7280000)
  to   space 4096K, 0% used [0x00000000d7280000,0x00000000d7280000,0x00000000d7680000)
 ParOldGen       total 68608K, used 0K [0x0000000080000000, 0x0000000084300000, 0x00000000d5580000)
  object space 68608K, 0% used [0x0000000080000000,0x0000000080000000,0x0000000084300000)
 Metaspace       used 4356K, committed 4608K, reserved 1114112K
  class space    used 478K, committed 576K, reserved 1048576K
}

Dll operation events (16 events):
Event: 0.068 Attempting to load shared library c:\Users\gmgd0\.vscode\extensions\redhat.java-1.56.0-win32-x64\jre\21.0.12.1-win32-x86_64\bin\java.dll
Event: 0.068 Loaded shared library c:\Users\gmgd0\.vscode\extensions\redhat.java-1.56.0-win32-x64\jre\21.0.12.1-win32-x86_64\bin\java.dll
Event: 0.868 Attempting to load shared library c:\Users\gmgd0\.vscode\extensions\redhat.java-1.56.0-win32-x64\jre\21.0.12.1-win32-x86_64\bin\zip.dll
Event: 0.868 Loaded shared library c:\Users\gmgd0\.vscode\extensions\redhat.java-1.56.0-win32-x64\jre\21.0.12.1-win32-x86_64\bin\zip.dll
Event: 0.998 Attempting to load shared library C:\Users\gmgd0\.vscode\extensions\redhat.java-1.56.0-win32-x64\jre\21.0.12.1-win32-x86_64\bin\instrument.dll
Event: 0.998 Loaded shared library C:\Users\gmgd0\.vscode\extensions\redhat.java-1.56.0-win32-x64\jre\21.0.12.1-win32-x86_64\bin\instrument.dll
Event: 1.003 Attempting to load shared library C:\Users\gmgd0\.vscode\extensions\redhat.java-1.56.0-win32-x64\jre\21.0.12.1-win32-x86_64\bin\net.dll
Event: 1.004 Loaded shared library C:\Users\gmgd0\.vscode\extensions\redhat.java-1.56.0-win32-x64\jre\21.0.12.1-win32-x86_64\bin\net.dll
Event: 1.006 Attempting to load shared library C:\Users\gmgd0\.vscode\extensions\redhat.java-1.56.0-win32-x64\jre\21.0.12.1-win32-x86_64\bin\nio.dll
Event: 1.007 Loaded shared library C:\Users\gmgd0\.vscode\extensions\redhat.java-1.56.0-win32-x64\jre\21.0.12.1-win32-x86_64\bin\nio.dll
Event: 1.011 Attempting to load shared library C:\Users\gmgd0\.vscode\extensions\redhat.java-1.56.0-win32-x64\jre\21.0.12.1-win32-x86_64\bin\zip.dll
Event: 1.011 Loaded shared library C:\Users\gmgd0\.vscode\extensions\redhat.java-1.56.0-win32-x64\jre\21.0.12.1-win32-x86_64\bin\zip.dll
Event: 1.037 Attempting to load shared library C:\Users\gmgd0\.vscode\extensions\redhat.java-1.56.0-win32-x64\jre\21.0.12.1-win32-x86_64\bin\jimage.dll
Event: 1.037 Loaded shared library C:\Users\gmgd0\.vscode\extensions\redhat.java-1.56.0-win32-x64\jre\21.0.12.1-win32-x86_64\bin\jimage.dll
Event: 1.114 Attempting to load shared library c:\Users\gmgd0\.vscode\extensions\redhat.java-1.56.0-win32-x64\jre\21.0.12.1-win32-x86_64\bin\verify.dll
Event: 1.114 Loaded shared library c:\Users\gmgd0\.vscode\extensions\redhat.java-1.56.0-win32-x64\jre\21.0.12.1-win32-x86_64\bin\verify.dll

Deoptimization events (20 events):
Event: 30.611 Thread 0x000002b5a3599b50 Uncommon trap: trap_request=0xffffff45 fr.pc=0x000002b5b06b104c relative=0x00000000000000ac
Event: 30.611 Thread 0x000002b5a3599b50 Uncommon trap: reason=unstable_if action=reinterpret pc=0x000002b5b06b104c method=java.util.concurrent.locks.ReentrantLock$NonfairSync.initialTryLock()Z @ 10 c2
Event: 30.611 Thread 0x000002b5a3599b50 DEOPT PACKING pc=0x000002b5b06b104c sp=0x000000c5890febd0
Event: 30.612 Thread 0x000002b5a3599b50 DEOPT UNPACKING pc=0x000002b5b00d6da2 sp=0x000000c5890feb60 mode 2
Event: 30.612 Thread 0x000002b5a3599b50 Uncommon trap: trap_request=0xffffff45 fr.pc=0x000002b5b06b0cb4 relative=0x0000000000000094
Event: 30.612 Thread 0x000002b5a3599b50 Uncommon trap: reason=unstable_if action=reinterpret pc=0x000002b5b06b0cb4 method=java.util.concurrent.locks.ReentrantLock$Sync.tryRelease(I)Z @ 26 c2
Event: 30.612 Thread 0x000002b5a3599b50 DEOPT PACKING pc=0x000002b5b06b0cb4 sp=0x000000c5890feca0
Event: 30.612 Thread 0x000002b5a3599b50 DEOPT UNPACKING pc=0x000002b5b00d6da2 sp=0x000000c5890fec20 mode 2
Event: 31.642 Thread 0x000002b5a3599b50 Uncommon trap: trap_request=0xffffffde fr.pc=0x000002b5b06c1a1c relative=0x0000000000000b1c
Event: 31.642 Thread 0x000002b5a3599b50 Uncommon trap: reason=class_check action=maybe_recompile pc=0x000002b5b06c1a1c method=java.util.HashMap.putVal(ILjava/lang/Object;Ljava/lang/Object;ZZ)Ljava/lang/Object; @ 253 c2
Event: 31.642 Thread 0x000002b5a3599b50 DEOPT PACKING pc=0x000002b5b06c1a1c sp=0x000000c5890fe590
Event: 31.642 Thread 0x000002b5a3599b50 DEOPT UNPACKING pc=0x000002b5b00d6da2 sp=0x000000c5890fe520 mode 2
Event: 31.645 Thread 0x000002b5a3599b50 Uncommon trap: trap_request=0xffffffde fr.pc=0x000002b5b06c1a1c relative=0x0000000000000b1c
Event: 31.645 Thread 0x000002b5a3599b50 Uncommon trap: reason=class_check action=maybe_recompile pc=0x000002b5b06c1a1c method=java.util.HashMap.putVal(ILjava/lang/Object;Ljava/lang/Object;ZZ)Ljava/lang/Object; @ 253 c2
Event: 31.645 Thread 0x000002b5a3599b50 DEOPT PACKING pc=0x000002b5b06c1a1c sp=0x000000c5890fe590
Event: 31.645 Thread 0x000002b5a3599b50 DEOPT UNPACKING pc=0x000002b5b00d6da2 sp=0x000000c5890fe520 mode 2
Event: 33.009 Thread 0x000002b5a3599b50 DEOPT PACKING pc=0x000002b5a8c50386 sp=0x000000c5890fc5f0
Event: 33.009 Thread 0x000002b5a3599b50 DEOPT UNPACKING pc=0x000002b5b00d78e2 sp=0x000000c5890fba70 mode 0
Event: 33.011 Thread 0x000002b5a3599b50 DEOPT PACKING pc=0x000002b5a8c50386 sp=0x000000c5890fc840
Event: 33.011 Thread 0x000002b5a3599b50 DEOPT UNPACKING pc=0x000002b5b00d78e2 sp=0x000000c5890fbcc0 mode 0

Classes loaded (20 events):
Event: 33.001 Loading class javax/xml/parsers/ParserConfigurationException
Event: 33.002 Loading class javax/xml/parsers/ParserConfigurationException done
Event: 33.004 Loading class java/security/KeyStoreException
Event: 33.004 Loading class java/security/KeyStoreException done
Event: 34.137 Loading class java/util/LinkedList$ListItr
Event: 34.138 Loading class java/util/LinkedList$ListItr done
Event: 34.139 Loading class java/lang/Thread$Builder$OfPlatform
Event: 34.139 Loading class java/lang/Thread$Builder
Event: 34.139 Loading class java/lang/Thread$Builder done
Event: 34.139 Loading class java/lang/Thread$Builder$OfPlatform done
Event: 34.139 Loading class java/lang/Thread$Builder$OfVirtual
Event: 34.139 Loading class java/lang/Thread$Builder$OfVirtual done
Event: 34.160 Loading class sun/nio/fs/WindowsChannelFactory
Event: 34.160 Loading class sun/nio/fs/WindowsChannelFactory done
Event: 34.160 Loading class sun/nio/fs/WindowsChannelFactory$1
Event: 34.160 Loading class sun/nio/fs/WindowsChannelFactory$1 done
Event: 34.160 Loading class sun/nio/fs/WindowsChannelFactory$Flags
Event: 34.160 Loading class sun/nio/fs/WindowsChannelFactory$Flags done
Event: 34.161 Loading class sun/nio/ch/FileChannelImpl$Closer
Event: 34.161 Loading class sun/nio/ch/FileChannelImpl$Closer done

Classes unloaded (0 events):
No events

Classes redefined (0 events):
No events

Internal exceptions (20 events):
Event: 6.906 Thread 0x000002b5a3599b50 Exception <a 'java/lang/NoSuchMethodError'{0x00000000d6628988}: 'java.lang.Object java.lang.invoke.DirectMethodHandle$Holder.invokeInterface(java.lang.Object, java.lang.Object, int)'> (0x00000000d6628988) 
thrown [s\src\hotspot\share\interpreter\linkResolver.cpp, line 773]
Event: 9.267 Thread 0x000002b5a3599b50 Exception <a 'java/lang/NoSuchMethodError'{0x00000000d6aac7e0}: 'java.lang.ClassLoader java.lang.ClassLoader.getPlatformClassLoader(java.lang.Class)'> (0x00000000d6aac7e0) 
thrown [s\src\hotspot\share\interpreter\linkResolver.cpp, line 773]
Event: 13.894 Thread 0x000002b5a3599b50 Exception <a 'java/lang/ClassNotFoundException'{0x00000000d55e2168}: sun/net/www/protocol/c/Handler> (0x00000000d55e2168) 
thrown [s\src\hotspot\share\classfile\systemDictionary.cpp, line 313]
Event: 13.894 Thread 0x000002b5a3599b50 Exception <a 'java/lang/ClassNotFoundException'{0x00000000d55e3508}: sun/net/www/protocol/c/Handler> (0x00000000d55e3508) 
thrown [s\src\hotspot\share\classfile\systemDictionary.cpp, line 313]
Event: 13.895 Thread 0x000002b5a3599b50 Exception <a 'java/lang/ClassNotFoundException'{0x00000000d55e46f0}: sun/net/www/protocol/c/Handler> (0x00000000d55e46f0) 
thrown [s\src\hotspot\share\classfile\systemDictionary.cpp, line 313]
Event: 14.007 Thread 0x000002b5a3599b50 Exception <a 'java/io/FileNotFoundException'{0x00000000d560c580}> (0x00000000d560c580) 
thrown [s\src\hotspot\share\prims\jni.cpp, line 520]
Event: 15.232 Thread 0x000002b5a3599b50 Implicit null exception at 0x000002b5b069a3e9 to 0x000002b5b069add4
Event: 15.232 Thread 0x000002b5a3599b50 Implicit null exception at 0x000002b5b069549a to 0x000002b5b06956a0
Event: 15.233 Thread 0x000002b5a3599b50 Exception <a 'java/lang/NoSuchMethodError'{0x00000000d577f638}: 'void java.lang.invoke.DirectMethodHandle$Holder.invokeStatic(java.lang.Object, java.lang.Object, java.lang.Object, java.lang.Object)'> (0x00000000d577f638) 
thrown [s\src\hotspot\share\interpreter\linkResolver.cpp, line 773]
Event: 15.330 Thread 0x000002b5a3599b50 Implicit null exception at 0x000002b5b0686a3c to 0x000002b5b0686cc8
Event: 15.330 Thread 0x000002b5a3599b50 Implicit null exception at 0x000002b5b0699c3d to 0x000002b5b0699cc1
Event: 19.756 Thread 0x000002b5a3599b50 Exception <a 'java/lang/NoSuchMethodError'{0x00000000d59fe0c8}: 'void java.lang.invoke.DirectMethodHandle$Holder.invokeSpecial(java.lang.Object, java.lang.Object, java.lang.Object)'> (0x00000000d59fe0c8) 
thrown [s\src\hotspot\share\interpreter\linkResolver.cpp, line 773]
Event: 28.034 Thread 0x000002b5a3599b50 Exception <a 'java/lang/NoSuchMethodError'{0x00000000d62f7db8}: 'int java.lang.invoke.DirectMethodHandle$Holder.invokeVirtual(java.lang.Object, java.lang.Object)'> (0x00000000d62f7db8) 
thrown [s\src\hotspot\share\interpreter\linkResolver.cpp, line 773]
Event: 30.755 Thread 0x000002b5a3599b50 Exception <a 'java/lang/NoSuchMethodError'{0x00000000d646f2c8}: 'int java.lang.invoke.DirectMethodHandle$Holder.invokeStaticInit(java.lang.Object, java.lang.Object, java.lang.Object, java.lang.Object)'> (0x00000000d646f2c8) 
thrown [s\src\hotspot\share\interpreter\linkResolver.cpp, line 773]
Event: 30.758 Thread 0x000002b5a3599b50 Exception <a 'java/lang/IncompatibleClassChangeError'{0x00000000d64779b0}: Found class java.lang.Object, but interface was expected> (0x00000000d64779b0) 
thrown [s\src\hotspot\share\interpreter\linkResolver.cpp, line 840]
Event: 30.761 Thread 0x000002b5a3599b50 Exception <a 'java/lang/NoSuchMethodError'{0x00000000d647dfa0}: 'void java.lang.invoke.DirectMethodHandle$Holder.invokeStaticInit(java.lang.Object, java.lang.Object)'> (0x00000000d647dfa0) 
thrown [s\src\hotspot\share\interpreter\linkResolver.cpp, line 773]
Event: 30.784 Thread 0x000002b5a3599b50 Exception <a 'java/lang/NoSuchMethodError'{0x00000000d64871d8}: 'int java.lang.invoke.DirectMethodHandle$Holder.invokeStaticInit(java.lang.Object, java.lang.Object)'> (0x00000000d64871d8) 
thrown [s\src\hotspot\share\interpreter\linkResolver.cpp, line 773]
Event: 31.623 Thread 0x000002b5a3599b50 Exception <a 'java/lang/NoSuchMethodError'{0x00000000d66d37f8}: 'java.lang.Object java.lang.invoke.DirectMethodHandle$Holder.newInvokeSpecial(java.lang.Object, int, java.lang.Object)'> (0x00000000d66d37f8) 
thrown [s\src\hotspot\share\interpreter\linkResolver.cpp, line 773]
Event: 31.828 Thread 0x000002b5a3599b50 Exception <a 'java/lang/ClassNotFoundException'{0x00000000d68ef578}: sun/net/www/protocol/plurl/Handler> (0x00000000d68ef578) 
thrown [s\src\hotspot\share\classfile\systemDictionary.cpp, line 313]
Event: 31.849 Thread 0x000002b5a3599b50 Exception <a 'java/lang/ClassNotFoundException'{0x00000000d68f03f8}: sun/net/www/protocol/plurl/Handler> (0x00000000d68f03f8) 
thrown [s\src\hotspot\share\classfile\systemDictionary.cpp, line 313]

ZGC Phase Switch (0 events):
No events

VM Operations (20 events):
Event: 25.963 Executing safepoint VM operation: Cleanup
Event: 25.963 Executing safepoint VM operation: Cleanup done
Event: 26.996 Executing safepoint VM operation: Cleanup
Event: 26.996 Executing safepoint VM operation: Cleanup done
Event: 28.070 Executing safepoint VM operation: Cleanup
Event: 28.813 Executing safepoint VM operation: Cleanup done
Event: 30.842 Executing safepoint VM operation: Cleanup
Event: 31.106 Executing safepoint VM operation: Cleanup done
Event: 31.216 Executing non-safepoint VM operation: HandshakeAllThreads (Deoptimize)
Event: 31.230 Executing non-safepoint VM operation: HandshakeAllThreads (Deoptimize) done
Event: 31.251 Executing non-safepoint VM operation: HandshakeAllThreads (Deoptimize)
Event: 31.251 Executing non-safepoint VM operation: HandshakeAllThreads (Deoptimize) done
Event: 31.803 Executing non-safepoint VM operation: HandshakeAllThreads (Deoptimize)
Event: 31.803 Executing non-safepoint VM operation: HandshakeAllThreads (Deoptimize) done
Event: 32.814 Executing safepoint VM operation: Cleanup
Event: 32.814 Executing safepoint VM operation: Cleanup done
Event: 33.815 Executing safepoint VM operation: Cleanup
Event: 34.112 Executing safepoint VM operation: Cleanup done
Event: 35.115 Executing safepoint VM operation: Cleanup
Event: 35.370 Executing safepoint VM operation: Cleanup done

Memory protections (0 events):
No events

Nmethod flushes (0 events):
No events

Events (18 events):
Event: 0.796 Thread 0x000002b5a3599b50 Thread added: 0x000002b5a3599b50
Event: 0.887 Thread 0x000002b5a3599b50 Thread added: 0x000002b5a5a0ab20
Event: 0.887 Thread 0x000002b5a3599b50 Thread added: 0x000002b5a58c4730
Event: 0.887 Thread 0x000002b5a3599b50 Thread added: 0x000002b5a58c9cc0
Event: 0.888 Thread 0x000002b5a3599b50 Thread added: 0x000002b5a58cfca0
Event: 0.888 Thread 0x000002b5a3599b50 Thread added: 0x000002b5a58d0700
Event: 0.888 Thread 0x000002b5a3599b50 Thread added: 0x000002b5a58d26a0
Event: 0.888 Thread 0x000002b5a3599b50 Thread added: 0x000002b5a58d54f0
Event: 0.888 Thread 0x000002b5a3599b50 Thread added: 0x000002b5a58de540
Event: 1.000 Thread 0x000002b5a3599b50 Thread added: 0x000002b5fedd34c0
Event: 2.376 Thread 0x000002b5a3599b50 Thread added: 0x000002b5feec39b0
Event: 5.043 Thread 0x000002b5a58de540 Thread added: 0x000002b5feed5420
Event: 5.628 Thread 0x000002b5feed5420 Thread exited: 0x000002b5feed5420
Event: 5.659 Thread 0x000002b5a58de540 Thread added: 0x000002b5feed7d00
Event: 5.659 Thread 0x000002b5a58de540 Thread added: 0x000002b5feed6f60
Event: 6.439 Thread 0x000002b5feed6f60 Thread exited: 0x000002b5feed6f60
Event: 6.439 Thread 0x000002b5feed7d00 Thread exited: 0x000002b5feed7d00
Event: 31.208 Thread 0x000002b5a3599b50 Thread added: 0x000002b5ff12a5d0


Dynamic libraries:
0x00007ff7cf8b0000 - 0x00007ff7cf8be000 	c:\Users\gmgd0\.vscode\extensions\redhat.java-1.56.0-win32-x64\jre\21.0.12.1-win32-x86_64\bin\java.exe
0x00007ffd84120000 - 0x00007ffd84386000 	C:\WINDOWS\SYSTEM32\ntdll.dll
0x00007ffd82730000 - 0x00007ffd827f9000 	C:\WINDOWS\System32\KERNEL32.DLL
0x00007ffd81900000 - 0x00007ffd81cff000 	C:\WINDOWS\System32\KERNELBASE.dll
0x00007ffd817a0000 - 0x00007ffd818ec000 	C:\WINDOWS\System32\ucrtbase.dll
0x00007ffd78430000 - 0x00007ffd78448000 	c:\Users\gmgd0\.vscode\extensions\redhat.java-1.56.0-win32-x64\jre\21.0.12.1-win32-x86_64\bin\jli.dll
0x00007ffd83b80000 - 0x00007ffd83d46000 	C:\WINDOWS\System32\USER32.dll
0x00007ffd81770000 - 0x00007ffd81797000 	C:\WINDOWS\System32\win32u.dll
0x00007ffd82390000 - 0x00007ffd823bb000 	C:\WINDOWS\System32\GDI32.dll
0x00007ffd81640000 - 0x00007ffd81769000 	C:\WINDOWS\System32\gdi32full.dll
0x00007ffd81d10000 - 0x00007ffd81db3000 	C:\WINDOWS\System32\msvcp_win.dll
0x00007ffd785b0000 - 0x00007ffd785ce000 	c:\Users\gmgd0\.vscode\extensions\redhat.java-1.56.0-win32-x64\jre\21.0.12.1-win32-x86_64\bin\VCRUNTIME140.dll
0x00007ffd65dc0000 - 0x00007ffd66051000 	C:\WINDOWS\WinSxS\amd64_microsoft.windows.common-controls_6595b64144ccf1df_6.0.26100.8972_none_3e0da176e32f9d4b\COMCTL32.dll
0x00007ffd82c90000 - 0x00007ffd82d39000 	C:\WINDOWS\System32\msvcrt.dll
0x00007ffd82660000 - 0x00007ffd82692000 	C:\WINDOWS\System32\IMM32.DLL
0x00007ffd790c0000 - 0x00007ffd790cc000 	c:\Users\gmgd0\.vscode\extensions\redhat.java-1.56.0-win32-x64\jre\21.0.12.1-win32-x86_64\bin\vcruntime140_1.dll
0x00007ffd764f0000 - 0x00007ffd7657d000 	c:\Users\gmgd0\.vscode\extensions\redhat.java-1.56.0-win32-x64\jre\21.0.12.1-win32-x86_64\bin\msvcp140.dll
0x00007ffce89f0000 - 0x00007ffce9792000 	c:\Users\gmgd0\.vscode\extensions\redhat.java-1.56.0-win32-x64\jre\21.0.12.1-win32-x86_64\bin\server\jvm.dll
0x00007ffd83740000 - 0x00007ffd837fc000 	C:\WINDOWS\System32\ADVAPI32.dll
0x00007ffd839c0000 - 0x00007ffd83a6a000 	C:\WINDOWS\System32\sechost.dll
0x00007ffd838a0000 - 0x00007ffd839b8000 	C:\WINDOWS\System32\RPCRT4.dll
0x00007ffd826a0000 - 0x00007ffd82722000 	C:\WINDOWS\System32\WS2_32.dll
0x00007ffd81190000 - 0x00007ffd811ee000 	C:\WINDOWS\SYSTEM32\POWRPROF.dll
0x00007ffd6b010000 - 0x00007ffd6b046000 	C:\WINDOWS\SYSTEM32\WINMM.dll
0x00007ffd6cbc0000 - 0x00007ffd6cbcb000 	C:\WINDOWS\SYSTEM32\VERSION.dll
0x00007ffd81170000 - 0x00007ffd81185000 	C:\WINDOWS\SYSTEM32\UMPDC.dll
0x00007ffd7ff80000 - 0x00007ffd7ff9b000 	C:\WINDOWS\SYSTEM32\kernel.appcore.dll
0x00007ffd78420000 - 0x00007ffd7842a000 	c:\Users\gmgd0\.vscode\extensions\redhat.java-1.56.0-win32-x64\jre\21.0.12.1-win32-x86_64\bin\jimage.dll
0x00007ffd7e730000 - 0x00007ffd7e972000 	C:\WINDOWS\SYSTEM32\DBGHELP.DLL
0x00007ffd82000000 - 0x00007ffd82385000 	C:\WINDOWS\System32\combase.dll
0x00007ffd83590000 - 0x00007ffd83669000 	C:\WINDOWS\System32\OLEAUT32.dll
0x00007ffd5eb50000 - 0x00007ffd5eb8b000 	C:\WINDOWS\SYSTEM32\dbgcore.DLL
0x00007ffd81580000 - 0x00007ffd8162c000 	C:\WINDOWS\System32\bcryptPrimitives.dll
0x00007ffd76340000 - 0x00007ffd7634f000 	c:\Users\gmgd0\.vscode\extensions\redhat.java-1.56.0-win32-x64\jre\21.0.12.1-win32-x86_64\bin\instrument.dll
0x00007ffd78400000 - 0x00007ffd78420000 	c:\Users\gmgd0\.vscode\extensions\redhat.java-1.56.0-win32-x64\jre\21.0.12.1-win32-x86_64\bin\java.dll
0x00007ffd82d40000 - 0x00007ffd834c8000 	C:\WINDOWS\System32\SHELL32.dll
0x00007ffd7edc0000 - 0x00007ffd7f65b000 	C:\WINDOWS\SYSTEM32\windows.storage.dll
0x00007ffd82560000 - 0x00007ffd82659000 	C:\WINDOWS\System32\SHCORE.dll
0x00007ffd81e80000 - 0x00007ffd81ee6000 	C:\WINDOWS\System32\shlwapi.dll
0x00007ffd81250000 - 0x00007ffd81279000 	C:\WINDOWS\SYSTEM32\profapi.dll
0x00007ffd76890000 - 0x00007ffd768a8000 	c:\Users\gmgd0\.vscode\extensions\redhat.java-1.56.0-win32-x64\jre\21.0.12.1-win32-x86_64\bin\zip.dll
0x00007ffd76880000 - 0x00007ffd76890000 	C:\Users\gmgd0\.vscode\extensions\redhat.java-1.56.0-win32-x64\jre\21.0.12.1-win32-x86_64\bin\net.dll
0x00007ffd717e0000 - 0x00007ffd71908000 	C:\WINDOWS\SYSTEM32\WINHTTP.dll
0x00007ffd805d0000 - 0x00007ffd8063c000 	C:\WINDOWS\system32\mswsock.dll
0x00007ffd76860000 - 0x00007ffd76876000 	C:\Users\gmgd0\.vscode\extensions\redhat.java-1.56.0-win32-x64\jre\21.0.12.1-win32-x86_64\bin\nio.dll
0x00007ffd76850000 - 0x00007ffd76860000 	c:\Users\gmgd0\.vscode\extensions\redhat.java-1.56.0-win32-x64\jre\21.0.12.1-win32-x86_64\bin\verify.dll

JVMTI agents:
c:\Users\gmgd0\.vscode\extensions\redhat.java-1.56.0-win32-x64\lombok\lombok-1.18.39-4050.jar path:c:\Users\gmgd0\.vscode\extensions\redhat.java-1.56.0-win32-x64\jre\21.0.12.1-win32-x86_64\bin\instrument.dll, loaded, initialized, instrumentlib options:none

dbghelp: loaded successfully - version: 4.0.5 - missing functions: none
symbol engine: initialized successfully - sym options: 0x614 - pdb path: .;c:\Users\gmgd0\.vscode\extensions\redhat.java-1.56.0-win32-x64\jre\21.0.12.1-win32-x86_64\bin;C:\WINDOWS\SYSTEM32;C:\WINDOWS\WinSxS\amd64_microsoft.windows.common-controls_6595b64144ccf1df_6.0.26100.8972_none_3e0da176e32f9d4b;c:\Users\gmgd0\.vscode\extensions\redhat.java-1.56.0-win32-x64\jre\21.0.12.1-win32-x86_64\bin\server

VM Arguments:
jvm_args: --add-modules=ALL-SYSTEM --add-opens=java.base/java.util=ALL-UNNAMED --add-opens=java.base/java.lang=ALL-UNNAMED --add-opens=java.base/sun.nio.fs=ALL-UNNAMED -Declipse.application=org.eclipse.jdt.ls.core.id1 -Dosgi.bundles.defaultStartLevel=4 -Declipse.product=org.eclipse.jdt.ls.core.product -Djava.import.generatesMetadataFilesAtProjectRoot=false -Dm2e.project.cache.size=50 -DDetectVMInstallationsJob.disabled=true -Dfile.encoding=utf8 -XX:+UseParallelGC -XX:GCTimeRatio=4 -XX:AdaptiveSizePolicyWeight=90 -Dsun.zip.disableMemoryMapping=true -Xmx2G -Xms100m -Xlog:disable -javaagent:c:\Users\gmgd0\.vscode\extensions\redhat.java-1.56.0-win32-x64\lombok\lombok-1.18.39-4050.jar 
java_command: c:\Users\gmgd0\.vscode\extensions\redhat.java-1.56.0-win32-x64\server\plugins\org.eclipse.equinox.launcher_1.8.0.v20260804-1928.jar -configuration c:\Users\gmgd0\AppData\Roaming\Code\User\globalStorage\redhat.java\1.56.0\config_ss_win -data c:\Users\gmgd0\AppData\Roaming\Code\User\workspaceStorage\1871e0834c76e2fa297767c3fa221f87\redhat.java\ss_ws --pipe=\\.\pipe\lsp-9bc1ffcf3bbaf962e55c4b13f4da7253-sock
java_class_path (initial): c:\Users\gmgd0\.vscode\extensions\redhat.java-1.56.0-win32-x64\server\plugins\org.eclipse.equinox.launcher_1.8.0.v20260804-1928.jar
Launcher Type: SUN_STANDARD

[Global flags]
    uintx AdaptiveSizePolicyWeight                 = 90                                        {product} {command line}
     intx CICompilerCount                          = 4                                         {product} {ergonomic}
    uintx GCTimeRatio                              = 4                                         {product} {command line}
   size_t InitialHeapSize                          = 104857600                                 {product} {command line}
   size_t MaxHeapSize                              = 2147483648                                {product} {command line}
   size_t MaxNewSize                               = 715653120                                 {product} {ergonomic}
   size_t MinHeapDeltaBytes                        = 524288                                    {product} {ergonomic}
   size_t MinHeapSize                              = 104857600                                 {product} {command line}
   size_t NewSize                                  = 34603008                                  {product} {ergonomic}
    uintx NonNMethodCodeHeapSize                   = 5839372                                {pd product} {ergonomic}
    uintx NonProfiledCodeHeapSize                  = 122909434                              {pd product} {ergonomic}
   size_t OldSize                                  = 70254592                                  {product} {ergonomic}
    uintx ProfiledCodeHeapSize                     = 122909434                              {pd product} {ergonomic}
    uintx ReservedCodeCacheSize                    = 251658240                              {pd product} {ergonomic}
     bool SegmentedCodeCache                       = true                                      {product} {ergonomic}
   size_t SoftMaxHeapSize                          = 2147483648                             {manageable} {ergonomic}
     bool UseCompressedOops                        = true                           {product lp64_product} {ergonomic}
     bool UseLargePagesIndividualAllocation        = false                                  {pd product} {ergonomic}
     bool UseParallelGC                            = true                                      {product} {command line}

Logging:
Log output configuration:
 #0: stdout all=off uptime,level,tags foldmultilines=false
 #1: stderr all=off uptime,level,tags foldmultilines=false

Release file:
JAVA_VERSION="21.0.12.1" 
MODULES="java.base java.compiler java.datatransfer java.xml java.prefs java.desktop java.instrument java.logging java.management java.security.sasl java.naming java.rmi java.management.rmi java.net.http java.scripting java.security.jgss java.transaction.xa java.sql java.sql.rowset java.xml.crypto java.se java.smartcardio jdk.accessibility jdk.internal.jvmstat jdk.attach jdk.charsets jdk.internal.opt jdk.zipfs jdk.compiler jdk.crypto.ec jdk.crypto.cryptoki jdk.crypto.mscapi jdk.dynalink jdk.internal.ed jdk.editpad jdk.hotspot.agent jdk.httpserver jdk.internal.le jdk.internal.vm.ci jdk.internal.vm.compiler jdk.internal.vm.compiler.management jdk.jartool jdk.javadoc jdk.jcmd jdk.management jdk.management.agent jdk.jconsole jdk.jdeps jdk.jdwp.agent jdk.jdi jdk.jfr jdk.jshell jdk.jsobject jdk.jstatd jdk.localedata jdk.management.jfr jdk.naming.dns jdk.naming.rmi jdk.net jdk.nio.mapmode jdk.random jdk.sctp jdk.security.auth jdk.security.jgss jdk.unsupported jdk.unsupported.desktop jdk.xml.dom" 

Environment Variables:
JAVA_HOME=C:\Program Files\Java\jdk-17
PATH=C:\WINDOWS\system32;C:\WINDOWS;C:\WINDOWS\System32\Wbem;C:\WINDOWS\System32\WindowsPowerShell\v1.0\;C:\WINDOWS\System32\OpenSSH\;C:\Program Files\Microsoft SQL Server\170\Tools\Binn\;C:\Program Files\dotnet\;C:\Program Files (x86)\Windows Kits\10\Windows Performance Toolkit\;C:\Program Files\Git\cmd;%JAVA_HOME%\bin;C:\Users\gmgd0\AppData\Local\Microsoft\WindowsApps;C:\Users\gmgd0\AppData\Local\Programs\Microsoft VS Code\bin;C:\flutter_windows_3.38.7-stable\flutter\bin;C:\Users\gmgd0\.dotnet\tools
USERNAME=gmgd0
OS=Windows_NT
PROCESSOR_IDENTIFIER=Intel64 Family 6 Model 140 Stepping 1, GenuineIntel
TMP=C:\Users\gmgd0\AppData\Local\Temp
TEMP=C:\Users\gmgd0\AppData\Local\Temp




Periodic native trim disabled

---------------  S Y S T E M  ---------------

OS:
 Windows 11 , 64 bit Build 26100 (10.0.26100.9168)
OS uptime: 11 days 23:47 hours
Hyper-V role detected

CPU: total 8 (initial active 8) (4 cores per cpu, 2 threads per core) family 6 model 140 stepping 1 microcode 0xa6, cx8, cmov, fxsr, ht, mmx, 3dnowpref, sse, sse2, sse3, ssse3, sse4.1, sse4.2, popcnt, lzcnt, tsc, tscinvbit, avx, avx2, aes, erms, clmul, bmi1, bmi2, adx, avx512f, avx512dq, avx512cd, avx512bw, avx512vl, sha, fma, vzeroupper, avx512_vpopcntdq, avx512_vpclmulqdq, avx512_vaes, avx512_vnni, clflush, clflushopt, clwb, avx512_vbmi2, avx512_vbmi, hv, rdtscp, rdpid, fsrm, gfni, avx512_bitalg, f16c, cet_ibt, cet_ss, avx512_ifma
Processor Information for the first 8 processors :
  Max Mhz: 2803, Current Mhz: 2803, Mhz Limit: 2803

Memory: 4k page, system-wide physical 16075M (704M free)
TotalPageFile size 65227M (AvailPageFile size 678M)
current process WorkingSet (physical memory assigned to process): 60M, peak: 87M
current process commit charge ("private bytes"): 237M, peak: 238M

vm_info: OpenJDK 64-Bit Server VM (21.0.12.1+1-LTS) for windows-amd64 JRE (21.0.12.1+1-LTS), built on 2026-08-18T00:00:00Z by "admin" with MS VC++ 17.12 (VS2022)

END.
